Reusing configuration cache.
> Task :cacheVersionManifest1.21.1 UP-TO-DATE
> Task :neoFormListLibraries UP-TO-DATE
> Task :neoFormJoined1.21.1-20240808.144430ExtractNatives UP-TO-DATE
> Task :cacheVersionExecutableClient1.21.1 UP-TO-DATE
> Task :cacheVersionMappingsClient1.21.1 UP-TO-DATE
> Task :cacheVersionExecutableServer1.21.1 UP-TO-DATE
> Task :processResources UP-TO-DATE
> Task :neoFormJoined1.21.1-20240808.144430DownloadAssets UP-TO-DATE
> Task :cacheVersionExtractedServer1.21.1 UP-TO-DATE
> Task :neoFormStripClientFinals UP-TO-DATE
> Task :neoFormStripServer UP-TO-DATE
> Task :create1.21.1ClientExtraJar UP-TO-DATE
> Task :neoFormStripClient UP-TO-DATE
> Task :selectRawArtifactNg_dummy_ng.net.minecraft_client_1.21.1_client-extra UP-TO-DATE
> Task :neoFormMergeMappings UP-TO-DATE
> Task :neoFormMerge UP-TO-DATE
> Task :neoFormListTransformLibraries UP-TO-DATE
> Task :neoFormRename UP-TO-DATE
> Task :neoFormDecompile UP-TO-DATE
> Task :processTestResources
> Task :neoFormInject UP-TO-DATE
> Task :neoFormPatch UP-TO-DATE
> Task :neoFormPatchUserDev UP-TO-DATE
> Task :neoFormTransformSource UP-TO-DATE
> Task :neoFormRecompile UP-TO-DATE
> Task :supplyRawJarForneoFormJoined1.21.1-20240808.144430 UP-TO-DATE
> Task :selectRawArtifactNg_dummy_ng.net.neoforged_neoforge_21.1.233 UP-TO-DATE
> Task :writeMinecraftClasspathGameTestServer UP-TO-DATE
> Task :compileJava UP-TO-DATE
> Task :classes UP-TO-DATE
> Task :compileTestJava UP-TO-DATE
> Task :testClasses

> Task :runGameTestServer
[32m[20:01:02.256] [main/INFO] [Launcher/MODLAUNCHER]: ModLauncher running: args [--launchTarget, forgeserverdev, --gameDir, ., --fml.fmlVersion, 4.0.42, --fml.mcVersion, 1.21.1, --fml.neoForgeVersion, 21.1.233, --fml.neoFormVersion, 20240808.144430] 
[m[32m[20:01:02.258] [main/INFO] [Launcher/MODLAUNCHER]: JVM identified as Arch Linux OpenJDK 64-Bit Server VM 21.0.11+10 
[m[32m[20:01:02.259] [main/INFO] [Launcher/MODLAUNCHER]: ModLauncher 11.0.5+main.901c6ea8 starting: java version 21.0.11 by Arch Linux; OS Linux arch amd64 version 7.0.12-zen1-1.1-zen 
[m[32m[20:01:02.319] [main/INFO] [loading.ImmediateWindowHandler/]: ImmediateWindowProvider not loading because launch target is forgeserverdev 
[m[32m[20:01:02.349] [main/INFO] [mixin/]: SpongePowered MIXIN Subsystem Version=0.8.7 Source=union:/home/nosh/.gradle/caches/modules-2/files-2.1/net.fabricmc/sponge-mixin/0.15.2+mixin.0.8.7/2af2f021d8e02a0220dc27a7a72b4666d66d44ca/sponge-mixin-0.15.2+mixin.0.8.7.jar%23130!/ Service=ModLauncher Env=SERVER 
[m[32m[20:01:02.409] [main/INFO] [loading.moddiscovery.ModDiscoverer/SCAN]: Found mod file "neoforge-21.1.233.jar" [locator: neoforge devenv provider ([/home/nosh/IdeaProjects/Unnamed-Nuclear/.gradle/repositories/ng_dummy_ng/net/neoforged/neoforge/21.1.233/neoforge-21.1.233.jar])] 
[m[32m[20:01:02.431] [main/INFO] [loading.moddiscovery.ModDiscoverer/SCAN]: Found mod file "neoforge-21.1.233.jar" [locator: neoforge devenv provider ([/home/nosh/IdeaProjects/Unnamed-Nuclear/.gradle/repositories/ng_dummy_ng/net/neoforged/neoforge/21.1.233/neoforge-21.1.233.jar])] 
[m[32m[20:01:02.441] [main/INFO] [loading.moddiscovery.ModDiscoverer/SCAN]: Found mod file "test" [locator: userdev mods and services, reader: mod manifest] 
[m[32m[20:01:02.448] [main/INFO] [loading.moddiscovery.ModDiscoverer/SCAN]: Found mod file "neoforge-21.1.233.jar" [locator: userdev mods and services, reader: mod manifest] 
[m[32m[20:01:02.454] [main/INFO] [loading.moddiscovery.ModDiscoverer/SCAN]: Found mod file "Patchouli-1.21.1-92-NEOFORGE-SNAPSHOT.jar" [locator: userdev mods and services, reader: mod manifest] 
[m[32m[20:01:02.456] [main/INFO] [loading.moddiscovery.ModDiscoverer/SCAN]: Found mod file "jade-15.1.5+neoforge.jar" [locator: userdev mods and services, reader: mod manifest] 
[m[32m[20:01:02.460] [main/INFO] [loading.moddiscovery.ModDiscoverer/SCAN]: Found mod file "jei-1.21.1-neoforge-19.21.0.247.jar" [locator: userdev mods and services, reader: mod manifest] 
[m[32m[20:01:02.467] [main/INFO] [loading.moddiscovery.ModDiscoverer/SCAN]: Found gamelibrary file "mixinextras-neoforge-0.5.3.jar" [locator: userdev mods and services, reader: mod manifest] 
[m[33m[20:01:02.519] [main/WARN] [selection.JarSelector/]: Attempted to select a dependency jar for JarJar which was passed in as source: library:mixinextras.neoforge. Using Mod File: /home/nosh/.gradle/caches/modules-2/files-2.1/io.github.llamalad7/mixinextras-neoforge/0.5.3/a0919957808de97707c5fb4ce073e66aeef3e187/mixinextras-neoforge-0.5.3.jar 
[m[32m[20:01:02.519] [main/INFO] [loading.moddiscovery.locators.JarInJarDependencyLocator/]: Found 1 dependencies adding them to mods collection 
[m[32m[20:01:02.519] [main/INFO] [loading.moddiscovery.ModDiscoverer/SCAN]: Found library file "net.neoforged.neoforge-coremods-21.1.233.jar" [parent: neoforge-21.1.233.jar, locator: jarinjar, reader: mod manifest] 
[m[32m[20:01:02.520] [main/INFO] [loading.moddiscovery.ModDiscoverer/]: 
     Mod List:
		Name Version (Mod Id)

		Jade 15.1.5+neoforge (jade)
		Just Enough Items 19.21.0.247 (jei)
		Minecraft 1.21.1 (minecraft)
		NeoForge 21.1.233 (neoforge)
		Patchouli 1.21.1-92-NEOFORGE-SNAPSHOT (patchouli)
		Unnamed Nuclear 1.0.0 (unnamednuclear) 
[m[32m[20:01:02.778] [main/INFO] [mixin/]: Compatibility level set to JAVA_21 
[m[32m[20:01:02.785] [main/INFO] [LaunchServiceHandler/MODLAUNCHER]: Launching target 'forgeserverdev' with arguments [--gameDir, .] 
[m[33m[20:01:02.814] [main/WARN] [mixin/]: Reference map 'patchouli.refmap.json' for patchouli_xplat.mixins.json could not be read. If this is a development environment you can ignore this message 
[mWARN StatusConsoleListener Advanced terminal features are not available in this environment
[20:01:03] [main/DEBUG] [io.ne.ut.in.lo.InternalLoggerFactory/]: Using SLF4J as the default logging framework
[20:01:03] [main/DEBUG] [io.ne.ut.ResourceLeakDetector/]: -Dio.netty.leakDetection.level: simple
[20:01:03] [main/DEBUG] [io.ne.ut.ResourceLeakDetector/]: -Dio.netty.leakDetection.targetRecords: 4
[20:01:03] [main/DEBUG] [os.ut.FileUtil/]: No oshi.properties file found from ClassLoader cpw.mods.modlauncher.TransformingClassLoader@5bcde458
[20:01:03] [main/DEBUG] [os.ut.FileUtil/]: Reading file /proc/self/auxv
[20:01:03] [main/DEBUG] [os.ut.FileUtil/]: Reading file /proc/self/auxv
[20:01:03] [main/DEBUG] [os.ut.FileUtil/]: Reading file /proc/stat
[20:01:03] [main/DEBUG] [os.ut.FileUtil/]: Reading file /sys/devices/system/cpu/cpu0/topology/core_id
[20:01:03] [main/DEBUG] [os.ut.FileUtil/]: Reading file /sys/devices/system/cpu/cpu0/topology/core_id
[20:01:03] [main/DEBUG] [os.ut.FileUtil/]: Reading file /sys/devices/system/cpu/cpu0/topology/physical_package_id
[20:01:03] [main/DEBUG] [os.ut.FileUtil/]: Reading file /sys/devices/system/cpu/cpu0/topology/physical_package_id
[20:01:03] [main/DEBUG] [os.ut.FileUtil/]: Reading file /sys/devices/system/cpu/cpu0/cpu_capacity
[20:01:03] [main/DEBUG] [os.ut.FileUtil/]: Reading file /sys/devices/system/cpu/cpu0/cpu_capacity
[20:01:03] [main/DEBUG] [os.ut.FileUtil/]: Reading file /sys/devices/system/cpu/cpu0/cache/index2/level
[20:01:03] [main/DEBUG] [os.ut.FileUtil/]: Reading file /sys/devices/system/cpu/cpu0/cache/index2/level
[20:01:03] [main/DEBUG] [os.ut.FileUtil/]: Reading file /sys/devices/system/cpu/cpu0/cache/index2/type
[20:01:03] [main/DEBUG] [os.ut.FileUtil/]: Reading file /sys/devices/system/cpu/cpu0/cache/index2/type
[20:01:03] [main/DEBUG] [os.ut.FileUtil/]: Reading file /sys/devices/system/cpu/cpu0/cache/index2/ways_of_associativity
[20:01:03] [main/DEBUG] [os.ut.FileUtil/]: Reading file /sys/devices/system/cpu/cpu0/cache/index2/ways_of_associativity
[20:01:03] [main/DEBUG] [os.ut.FileUtil/]: Reading file /sys/devices/system/cpu/cpu0/cache/index2/coherency_line_size
[20:01:03] [main/DEBUG] [os.ut.FileUtil/]: Reading file /sys/devices/system/cpu/cpu0/cache/index2/coherency_line_size
[20:01:03] [main/DEBUG] [os.ut.FileUtil/]: Reading file /sys/devices/system/cpu/cpu0/cache/index2/size
[20:01:03] [main/DEBUG] [os.ut.FileUtil/]: Reading file /sys/devices/system/cpu/cpu0/cache/index2/size
[20:01:03] [main/DEBUG] [os.ut.FileUtil/]: Reading file /sys/devices/system/cpu/cpu0/cache/index0/level
[20:01:03] [main/DEBUG] [os.ut.FileUtil/]: Reading file /sys/devices/system/cpu/cpu0/cache/index0/level
[20:01:03] [main/DEBUG] [os.ut.FileUtil/]: Reading file /sys/devices/system/cpu/cpu0/cache/index0/type
[20:01:03] [main/DEBUG] [os.ut.FileUtil/]: Reading file /sys/devices/system/cpu/cpu0/cache/index0/type
[20:01:03] [main/DEBUG] [os.ut.FileUtil/]: Reading file /sys/devices/system/cpu/cpu0/cache/index0/ways_of_associativity
[20:01:03] [main/DEBUG] [os.ut.FileUtil/]: Reading file /sys/devices/system/cpu/cpu0/cache/index0/ways_of_associativity
[20:01:03] [main/DEBUG] [os.ut.FileUtil/]: Reading file /sys/devices/system/cpu/cpu0/cache/index0/coherency_line_size
[20:01:03] [main/DEBUG] [os.ut.FileUtil/]: Reading file /sys/devices/system/cpu/cpu0/cache/index0/coherency_line_size
[20:01:03] [main/DEBUG] [os.ut.FileUtil/]: Reading file /sys/devices/system/cpu/cpu0/cache/index0/size
[20:01:03] [main/DEBUG] [os.ut.FileUtil/]: Reading file /sys/devices/system/cpu/cpu0/cache/index0/size
[20:01:03] [main/DEBUG] [os.ut.FileUtil/]: Reading file /sys/devices/system/cpu/cpu0/cache/index3/level
[20:01:03] [main/DEBUG] [os.ut.FileUtil/]: Reading file /sys/devices/system/cpu/cpu0/cache/index3/level
[20:01:03] [main/DEBUG] [os.ut.FileUtil/]: Reading file /sys/devices/system/cpu/cpu0/cache/index3/type
[20:01:03] [main/DEBUG] [os.ut.FileUtil/]: Reading file /sys/devices/system/cpu/cpu0/cache/index3/type
[20:01:03] [main/DEBUG] [os.ut.FileUtil/]: Reading file /sys/devices/system/cpu/cpu0/cache/index3/ways_of_associativity
[20:01:03] [main/DEBUG] [os.ut.FileUtil/]: Reading file /sys/devices/system/cpu/cpu0/cache/index3/ways_of_associativity
[20:01:03] [main/DEBUG] [os.ut.FileUtil/]: Reading file /sys/devices/system/cpu/cpu0/cache/index3/coherency_line_size
[20:01:03] [main/DEBUG] [os.ut.FileUtil/]: Reading file /sys/devices/system/cpu/cpu0/cache/index3/coherency_line_size
[20:01:03] [main/DEBUG] [os.ut.FileUtil/]: Reading file /sys/devices/system/cpu/cpu0/cache/index3/size
[20:01:03] [main/DEBUG] [os.ut.FileUtil/]: Reading file /sys/devices/system/cpu/cpu0/cache/index3/size
[20:01:03] [main/DEBUG] [os.ut.FileUtil/]: Reading file /sys/devices/system/cpu/cpu0/cache/index1/level
[20:01:03] [main/DEBUG] [os.ut.FileUtil/]: Reading file /sys/devices/system/cpu/cpu0/cache/index1/level
[20:01:03] [main/DEBUG] [os.ut.FileUtil/]: Reading file /sys/devices/system/cpu/cpu0/cache/index1/type
[20:01:03] [main/DEBUG] [os.ut.FileUtil/]: Reading file /sys/devices/system/cpu/cpu0/cache/index1/type
[20:01:03] [main/DEBUG] [os.ut.FileUtil/]: Reading file /sys/devices/system/cpu/cpu0/cache/index1/ways_of_associativity
[20:01:03] [main/DEBUG] [os.ut.FileUtil/]: Reading file /sys/devices/system/cpu/cpu0/cache/index1/ways_of_associativity
[20:01:03] [main/DEBUG] [os.ut.FileUtil/]: Reading file /sys/devices/system/cpu/cpu0/cache/index1/coherency_line_size
[20:01:03] [main/DEBUG] [os.ut.FileUtil/]: Reading file /sys/devices/system/cpu/cpu0/cache/index1/coherency_line_size
[20:01:03] [main/DEBUG] [os.ut.FileUtil/]: Reading file /sys/devices/system/cpu/cpu0/cache/index1/size
[20:01:03] [main/DEBUG] [os.ut.FileUtil/]: Reading file /sys/devices/system/cpu/cpu0/cache/index1/size
[20:01:03] [main/DEBUG] [os.ut.FileUtil/]: Reading file /sys/devices/system/cpu/cpu1/topology/core_id
[20:01:03] [main/DEBUG] [os.ut.FileUtil/]: Reading file /sys/devices/system/cpu/cpu1/topology/core_id
[20:01:03] [main/DEBUG] [os.ut.FileUtil/]: Reading file /sys/devices/system/cpu/cpu1/topology/physical_package_id
[20:01:03] [main/DEBUG] [os.ut.FileUtil/]: Reading file /sys/devices/system/cpu/cpu1/topology/physical_package_id
[20:01:03] [main/DEBUG] [os.ut.FileUtil/]: Reading file /sys/devices/system/cpu/cpu1/cpu_capacity
[20:01:03] [main/DEBUG] [os.ut.FileUtil/]: Reading file /sys/devices/system/cpu/cpu1/cpu_capacity
[20:01:03] [main/DEBUG] [os.ut.FileUtil/]: Reading file /sys/devices/system/cpu/cpu1/cache/index2/level
[20:01:03] [main/DEBUG] [os.ut.FileUtil/]: Reading file /sys/devices/system/cpu/cpu1/cache/index2/level
[20:01:03] [main/DEBUG] [os.ut.FileUtil/]: Reading file /sys/devices/system/cpu/cpu1/cache/index2/type
[20:01:03] [main/DEBUG] [os.ut.FileUtil/]: Reading file /sys/devices/system/cpu/cpu1/cache/index2/type
[20:01:03] [main/DEBUG] [os.ut.FileUtil/]: Reading file /sys/devices/system/cpu/cpu1/cache/index2/ways_of_associativity
[20:01:03] [main/DEBUG] [os.ut.FileUtil/]: Reading file /sys/devices/system/cpu/cpu1/cache/index2/ways_of_associativity
[20:01:03] [main/DEBUG] [os.ut.FileUtil/]: Reading file /sys/devices/system/cpu/cpu1/cache/index2/coherency_line_size
[20:01:03] [main/DEBUG] [os.ut.FileUtil/]: Reading file /sys/devices/system/cpu/cpu1/cache/index2/coherency_line_size
[20:01:03] [main/DEBUG] [os.ut.FileUtil/]: Reading file /sys/devices/system/cpu/cpu1/cache/index2/size
[20:01:03] [main/DEBUG] [os.ut.FileUtil/]: Reading file /sys/devices/system/cpu/cpu1/cache/index2/size
[20:01:03] [main/DEBUG] [os.ut.FileUtil/]: Reading file /sys/devices/system/cpu/cpu1/cache/index0/level
[20:01:03] [main/DEBUG] [os.ut.FileUtil/]: Reading file /sys/devices/system/cpu/cpu1/cache/index0/level
[20:01:03] [main/DEBUG] [os.ut.FileUtil/]: Reading file /sys/devices/system/cpu/cpu1/cache/index0/type
[20:01:03] [main/DEBUG] [os.ut.FileUtil/]: Reading file /sys/devices/system/cpu/cpu1/cache/index0/type
[20:01:03] [main/DEBUG] [os.ut.FileUtil/]: Reading file /sys/devices/system/cpu/cpu1/cache/index0/ways_of_associativity
[20:01:03] [main/DEBUG] [os.ut.FileUtil/]: Reading file /sys/devices/system/cpu/cpu1/cache/index0/ways_of_associativity
[20:01:03] [main/DEBUG] [os.ut.FileUtil/]: Reading file /sys/devices/system/cpu/cpu1/cache/index0/coherency_line_size
[20:01:03] [main/DEBUG] [os.ut.FileUtil/]: Reading file /sys/devices/system/cpu/cpu1/cache/index0/coherency_line_size
[20:01:03] [main/DEBUG] [os.ut.FileUtil/]: Reading file /sys/devices/system/cpu/cpu1/cache/index0/size
[20:01:03] [main/DEBUG] [os.ut.FileUtil/]: Reading file /sys/devices/system/cpu/cpu1/cache/index0/size
[20:01:03] [main/DEBUG] [os.ut.FileUtil/]: Reading file /sys/devices/system/cpu/cpu1/cache/index3/level
[20:01:03] [main/DEBUG] [os.ut.FileUtil/]: Reading file /sys/devices/system/cpu/cpu1/cache/index3/level
[20:01:03] [main/DEBUG] [os.ut.FileUtil/]: Reading file /sys/devices/system/cpu/cpu1/cache/index3/type
[20:01:03] [main/DEBUG] [os.ut.FileUtil/]: Reading file /sys/devices/system/cpu/cpu1/cache/index3/type
[20:01:03] [main/DEBUG] [os.ut.FileUtil/]: Reading file /sys/devices/system/cpu/cpu1/cache/index3/ways_of_associativity
[20:01:03] [main/DEBUG] [os.ut.FileUtil/]: Reading file /sys/devices/system/cpu/cpu1/cache/index3/ways_of_associativity
[20:01:03] [main/DEBUG] [os.ut.FileUtil/]: Reading file /sys/devices/system/cpu/cpu1/cache/index3/coherency_line_size
[20:01:03] [main/DEBUG] [os.ut.FileUtil/]: Reading file /sys/devices/system/cpu/cpu1/cache/index3/coherency_line_size
[20:01:03] [main/DEBUG] [os.ut.FileUtil/]: Reading file /sys/devices/system/cpu/cpu1/cache/index3/size
[20:01:03] [main/DEBUG] [os.ut.FileUtil/]: Reading file /sys/devices/system/cpu/cpu1/cache/index3/size
[20:01:03] [main/DEBUG] [os.ut.FileUtil/]: Reading file /sys/devices/system/cpu/cpu1/cache/index1/level
[20:01:03] [main/DEBUG] [os.ut.FileUtil/]: Reading file /sys/devices/system/cpu/cpu1/cache/index1/level
[20:01:03] [main/DEBUG] [os.ut.FileUtil/]: Reading file /sys/devices/system/cpu/cpu1/cache/index1/type
[20:01:03] [main/DEBUG] [os.ut.FileUtil/]: Reading file /sys/devices/system/cpu/cpu1/cache/index1/type
[20:01:03] [main/DEBUG] [os.ut.FileUtil/]: Reading file /sys/devices/system/cpu/cpu1/cache/index1/ways_of_associativity
[20:01:03] [main/DEBUG] [os.ut.FileUtil/]: Reading file /sys/devices/system/cpu/cpu1/cache/index1/ways_of_associativity
[20:01:03] [main/DEBUG] [os.ut.FileUtil/]: Reading file /sys/devices/system/cpu/cpu1/cache/index1/coherency_line_size
[20:01:03] [main/DEBUG] [os.ut.FileUtil/]: Reading file /sys/devices/system/cpu/cpu1/cache/index1/coherency_line_size
[20:01:03] [main/DEBUG] [os.ut.FileUtil/]: Reading file /sys/devices/system/cpu/cpu1/cache/index1/size
[20:01:03] [main/DEBUG] [os.ut.FileUtil/]: Reading file /sys/devices/system/cpu/cpu1/cache/index1/size
[20:01:03] [main/DEBUG] [os.ut.FileUtil/]: Reading file /sys/devices/system/cpu/cpu10/topology/core_id
[20:01:03] [main/DEBUG] [os.ut.FileUtil/]: Reading file /sys/devices/system/cpu/cpu10/topology/core_id
[20:01:03] [main/DEBUG] [os.ut.FileUtil/]: Reading file /sys/devices/system/cpu/cpu10/topology/physical_package_id
[20:01:03] [main/DEBUG] [os.ut.FileUtil/]: Reading file /sys/devices/system/cpu/cpu10/topology/physical_package_id
[20:01:03] [main/DEBUG] [os.ut.FileUtil/]: Reading file /sys/devices/system/cpu/cpu10/cpu_capacity
[20:01:03] [main/DEBUG] [os.ut.FileUtil/]: Reading file /sys/devices/system/cpu/cpu10/cpu_capacity
[20:01:03] [main/DEBUG] [os.ut.FileUtil/]: Reading file /sys/devices/system/cpu/cpu10/cache/index2/level
[20:01:03] [main/DEBUG] [os.ut.FileUtil/]: Reading file /sys/devices/system/cpu/cpu10/cache/index2/level
[20:01:03] [main/DEBUG] [os.ut.FileUtil/]: Reading file /sys/devices/system/cpu/cpu10/cache/index2/type
[20:01:03] [main/DEBUG] [os.ut.FileUtil/]: Reading file /sys/devices/system/cpu/cpu10/cache/index2/type
[20:01:03] [main/DEBUG] [os.ut.FileUtil/]: Reading file /sys/devices/system/cpu/cpu10/cache/index2/ways_of_associativity
[20:01:03] [main/DEBUG] [os.ut.FileUtil/]: Reading file /sys/devices/system/cpu/cpu10/cache/index2/ways_of_associativity
[20:01:03] [main/DEBUG] [os.ut.FileUtil/]: Reading file /sys/devices/system/cpu/cpu10/cache/index2/coherency_line_size
[20:01:03] [main/DEBUG] [os.ut.FileUtil/]: Reading file /sys/devices/system/cpu/cpu10/cache/index2/coherency_line_size
[20:01:03] [main/DEBUG] [os.ut.FileUtil/]: Reading file /sys/devices/system/cpu/cpu10/cache/index2/size
[20:01:03] [main/DEBUG] [os.ut.FileUtil/]: Reading file /sys/devices/system/cpu/cpu10/cache/index2/size
[20:01:03] [main/DEBUG] [os.ut.FileUtil/]: Reading file /sys/devices/system/cpu/cpu10/cache/index0/level
[20:01:03] [main/DEBUG] [os.ut.FileUtil/]: Reading file /sys/devices/system/cpu/cpu10/cache/index0/level
[20:01:03] [main/DEBUG] [os.ut.FileUtil/]: Reading file /sys/devices/system/cpu/cpu10/cache/index0/type
[20:01:03] [main/DEBUG] [os.ut.FileUtil/]: Reading file /sys/devices/system/cpu/cpu10/cache/index0/type
[20:01:03] [main/DEBUG] [os.ut.FileUtil/]: Reading file /sys/devices/system/cpu/cpu10/cache/index0/ways_of_associativity
[20:01:03] [main/DEBUG] [os.ut.FileUtil/]: Reading file /sys/devices/system/cpu/cpu10/cache/index0/ways_of_associativity
[20:01:03] [main/DEBUG] [os.ut.FileUtil/]: Reading file /sys/devices/system/cpu/cpu10/cache/index0/coherency_line_size
[20:01:03] [main/DEBUG] [os.ut.FileUtil/]: Reading file /sys/devices/system/cpu/cpu10/cache/index0/coherency_line_size
[20:01:03] [main/DEBUG] [os.ut.FileUtil/]: Reading file /sys/devices/system/cpu/cpu10/cache/index0/size
[20:01:03] [main/DEBUG] [os.ut.FileUtil/]: Reading file /sys/devices/system/cpu/cpu10/cache/index0/size
[20:01:03] [main/DEBUG] [os.ut.FileUtil/]: Reading file /sys/devices/system/cpu/cpu10/cache/index3/level
[20:01:03] [main/DEBUG] [os.ut.FileUtil/]: Reading file /sys/devices/system/cpu/cpu10/cache/index3/level
[20:01:03] [main/DEBUG] [os.ut.FileUtil/]: Reading file /sys/devices/system/cpu/cpu10/cache/index3/type
[20:01:03] [main/DEBUG] [os.ut.FileUtil/]: Reading file /sys/devices/system/cpu/cpu10/cache/index3/type
[20:01:03] [main/DEBUG] [os.ut.FileUtil/]: Reading file /sys/devices/system/cpu/cpu10/cache/index3/ways_of_associativity
[20:01:03] [main/DEBUG] [os.ut.FileUtil/]: Reading file /sys/devices/system/cpu/cpu10/cache/index3/ways_of_associativity
[20:01:03] [main/DEBUG] [os.ut.FileUtil/]: Reading file /sys/devices/system/cpu/cpu10/cache/index3/coherency_line_size
[20:01:03] [main/DEBUG] [os.ut.FileUtil/]: Reading file /sys/devices/system/cpu/cpu10/cache/index3/coherency_line_size
[20:01:03] [main/DEBUG] [os.ut.FileUtil/]: Reading file /sys/devices/system/cpu/cpu10/cache/index3/size
[20:01:03] [main/DEBUG] [os.ut.FileUtil/]: Reading file /sys/devices/system/cpu/cpu10/cache/index3/size
[20:01:03] [main/DEBUG] [os.ut.FileUtil/]: Reading file /sys/devices/system/cpu/cpu10/cache/index1/level
[20:01:03] [main/DEBUG] [os.ut.FileUtil/]: Reading file /sys/devices/system/cpu/cpu10/cache/index1/level
[20:01:03] [main/DEBUG] [os.ut.FileUtil/]: Reading file /sys/devices/system/cpu/cpu10/cache/index1/type
[20:01:03] [main/DEBUG] [os.ut.FileUtil/]: Reading file /sys/devices/system/cpu/cpu10/cache/index1/type
[20:01:03] [main/DEBUG] [os.ut.FileUtil/]: Reading file /sys/devices/system/cpu/cpu10/cache/index1/ways_of_associativity
[20:01:03] [main/DEBUG] [os.ut.FileUtil/]: Reading file /sys/devices/system/cpu/cpu10/cache/index1/ways_of_associativity
[20:01:03] [main/DEBUG] [os.ut.FileUtil/]: Reading file /sys/devices/system/cpu/cpu10/cache/index1/coherency_line_size
[20:01:03] [main/DEBUG] [os.ut.FileUtil/]: Reading file /sys/devices/system/cpu/cpu10/cache/index1/coherency_line_size
[20:01:03] [main/DEBUG] [os.ut.FileUtil/]: Reading file /sys/devices/system/cpu/cpu10/cache/index1/size
[20:01:03] [main/DEBUG] [os.ut.FileUtil/]: Reading file /sys/devices/system/cpu/cpu10/cache/index1/size
[20:01:03] [main/DEBUG] [os.ut.FileUtil/]: Reading file /sys/devices/system/cpu/cpu11/topology/core_id
[20:01:03] [main/DEBUG] [os.ut.FileUtil/]: Reading file /sys/devices/system/cpu/cpu11/topology/core_id
[20:01:03] [main/DEBUG] [os.ut.FileUtil/]: Reading file /sys/devices/system/cpu/cpu11/topology/physical_package_id
[20:01:03] [main/DEBUG] [os.ut.FileUtil/]: Reading file /sys/devices/system/cpu/cpu11/topology/physical_package_id
[20:01:03] [main/DEBUG] [os.ut.FileUtil/]: Reading file /sys/devices/system/cpu/cpu11/cpu_capacity
[20:01:03] [main/DEBUG] [os.ut.FileUtil/]: Reading file /sys/devices/system/cpu/cpu11/cpu_capacity
[20:01:03] [main/DEBUG] [os.ut.FileUtil/]: Reading file /sys/devices/system/cpu/cpu11/cache/index2/level
[20:01:03] [main/DEBUG] [os.ut.FileUtil/]: Reading file /sys/devices/system/cpu/cpu11/cache/index2/level
[20:01:03] [main/DEBUG] [os.ut.FileUtil/]: Reading file /sys/devices/system/cpu/cpu11/cache/index2/type
[20:01:03] [main/DEBUG] [os.ut.FileUtil/]: Reading file /sys/devices/system/cpu/cpu11/cache/index2/type
[20:01:03] [main/DEBUG] [os.ut.FileUtil/]: Reading file /sys/devices/system/cpu/cpu11/cache/index2/ways_of_associativity
[20:01:03] [main/DEBUG] [os.ut.FileUtil/]: Reading file /sys/devices/system/cpu/cpu11/cache/index2/ways_of_associativity
[20:01:03] [main/DEBUG] [os.ut.FileUtil/]: Reading file /sys/devices/system/cpu/cpu11/cache/index2/coherency_line_size
[20:01:03] [main/DEBUG] [os.ut.FileUtil/]: Reading file /sys/devices/system/cpu/cpu11/cache/index2/coherency_line_size
[20:01:03] [main/DEBUG] [os.ut.FileUtil/]: Reading file /sys/devices/system/cpu/cpu11/cache/index2/size
[20:01:03] [main/DEBUG] [os.ut.FileUtil/]: Reading file /sys/devices/system/cpu/cpu11/cache/index2/size
[20:01:03] [main/DEBUG] [os.ut.FileUtil/]: Reading file /sys/devices/system/cpu/cpu11/cache/index0/level
[20:01:03] [main/DEBUG] [os.ut.FileUtil/]: Reading file /sys/devices/system/cpu/cpu11/cache/index0/level
[20:01:03] [main/DEBUG] [os.ut.FileUtil/]: Reading file /sys/devices/system/cpu/cpu11/cache/index0/type
[20:01:03] [main/DEBUG] [os.ut.FileUtil/]: Reading file /sys/devices/system/cpu/cpu11/cache/index0/type
[20:01:03] [main/DEBUG] [os.ut.FileUtil/]: Reading file /sys/devices/system/cpu/cpu11/cache/index0/ways_of_associativity
[20:01:03] [main/DEBUG] [os.ut.FileUtil/]: Reading file /sys/devices/system/cpu/cpu11/cache/index0/ways_of_associativity
[20:01:03] [main/DEBUG] [os.ut.FileUtil/]: Reading file /sys/devices/system/cpu/cpu11/cache/index0/coherency_line_size
[20:01:03] [main/DEBUG] [os.ut.FileUtil/]: Reading file /sys/devices/system/cpu/cpu11/cache/index0/coherency_line_size
[20:01:03] [main/DEBUG] [os.ut.FileUtil/]: Reading file /sys/devices/system/cpu/cpu11/cache/index0/size
[20:01:03] [main/DEBUG] [os.ut.FileUtil/]: Reading file /sys/devices/system/cpu/cpu11/cache/index0/size
[20:01:03] [main/DEBUG] [os.ut.FileUtil/]: Reading file /sys/devices/system/cpu/cpu11/cache/index3/level
[20:01:03] [main/DEBUG] [os.ut.FileUtil/]: Reading file /sys/devices/system/cpu/cpu11/cache/index3/level
[20:01:03] [main/DEBUG] [os.ut.FileUtil/]: Reading file /sys/devices/system/cpu/cpu11/cache/index3/type
[20:01:03] [main/DEBUG] [os.ut.FileUtil/]: Reading file /sys/devices/system/cpu/cpu11/cache/index3/type
[20:01:03] [main/DEBUG] [os.ut.FileUtil/]: Reading file /sys/devices/system/cpu/cpu11/cache/index3/ways_of_associativity
[20:01:03] [main/DEBUG] [os.ut.FileUtil/]: Reading file /sys/devices/system/cpu/cpu11/cache/index3/ways_of_associativity
[20:01:03] [main/DEBUG] [os.ut.FileUtil/]: Reading file /sys/devices/system/cpu/cpu11/cache/index3/coherency_line_size
[20:01:03] [main/DEBUG] [os.ut.FileUtil/]: Reading file /sys/devices/system/cpu/cpu11/cache/index3/coherency_line_size
[20:01:03] [main/DEBUG] [os.ut.FileUtil/]: Reading file /sys/devices/system/cpu/cpu11/cache/index3/size
[20:01:03] [main/DEBUG] [os.ut.FileUtil/]: Reading file /sys/devices/system/cpu/cpu11/cache/index3/size
[20:01:03] [main/DEBUG] [os.ut.FileUtil/]: Reading file /sys/devices/system/cpu/cpu11/cache/index1/level
[20:01:03] [main/DEBUG] [os.ut.FileUtil/]: Reading file /sys/devices/system/cpu/cpu11/cache/index1/level
[20:01:03] [main/DEBUG] [os.ut.FileUtil/]: Reading file /sys/devices/system/cpu/cpu11/cache/index1/type
[20:01:03] [main/DEBUG] [os.ut.FileUtil/]: Reading file /sys/devices/system/cpu/cpu11/cache/index1/type
[20:01:03] [main/DEBUG] [os.ut.FileUtil/]: Reading file /sys/devices/system/cpu/cpu11/cache/index1/ways_of_associativity
[20:01:03] [main/DEBUG] [os.ut.FileUtil/]: Reading file /sys/devices/system/cpu/cpu11/cache/index1/ways_of_associativity
[20:01:03] [main/DEBUG] [os.ut.FileUtil/]: Reading file /sys/devices/system/cpu/cpu11/cache/index1/coherency_line_size
[20:01:03] [main/DEBUG] [os.ut.FileUtil/]: Reading file /sys/devices/system/cpu/cpu11/cache/index1/coherency_line_size
[20:01:03] [main/DEBUG] [os.ut.FileUtil/]: Reading file /sys/devices/system/cpu/cpu11/cache/index1/size
[20:01:03] [main/DEBUG] [os.ut.FileUtil/]: Reading file /sys/devices/system/cpu/cpu11/cache/index1/size
[20:01:03] [main/DEBUG] [os.ut.FileUtil/]: Reading file /sys/devices/system/cpu/cpu12/topology/core_id
[20:01:03] [main/DEBUG] [os.ut.FileUtil/]: Reading file /sys/devices/system/cpu/cpu12/topology/core_id
[20:01:03] [main/DEBUG] [os.ut.FileUtil/]: Reading file /sys/devices/system/cpu/cpu12/topology/physical_package_id
[20:01:03] [main/DEBUG] [os.ut.FileUtil/]: Reading file /sys/devices/system/cpu/cpu12/topology/physical_package_id
[20:01:03] [main/DEBUG] [os.ut.FileUtil/]: Reading file /sys/devices/system/cpu/cpu12/cpu_capacity
[20:01:03] [main/DEBUG] [os.ut.FileUtil/]: Reading file /sys/devices/system/cpu/cpu12/cpu_capacity
[20:01:03] [main/DEBUG] [os.ut.FileUtil/]: Reading file /sys/devices/system/cpu/cpu12/cache/index2/level
[20:01:03] [main/DEBUG] [os.ut.FileUtil/]: Reading file /sys/devices/system/cpu/cpu12/cache/index2/level
[20:01:03] [main/DEBUG] [os.ut.FileUtil/]: Reading file /sys/devices/system/cpu/cpu12/cache/index2/type
[20:01:03] [main/DEBUG] [os.ut.FileUtil/]: Reading file /sys/devices/system/cpu/cpu12/cache/index2/type
[20:01:03] [main/DEBUG] [os.ut.FileUtil/]: Reading file /sys/devices/system/cpu/cpu12/cache/index2/ways_of_associativity
[20:01:03] [main/DEBUG] [os.ut.FileUtil/]: Reading file /sys/devices/system/cpu/cpu12/cache/index2/ways_of_associativity
[20:01:03] [main/DEBUG] [os.ut.FileUtil/]: Reading file /sys/devices/system/cpu/cpu12/cache/index2/coherency_line_size
[20:01:03] [main/DEBUG] [os.ut.FileUtil/]: Reading file /sys/devices/system/cpu/cpu12/cache/index2/coherency_line_size
[20:01:03] [main/DEBUG] [os.ut.FileUtil/]: Reading file /sys/devices/system/cpu/cpu12/cache/index2/size
[20:01:03] [main/DEBUG] [os.ut.FileUtil/]: Reading file /sys/devices/system/cpu/cpu12/cache/index2/size
[20:01:03] [main/DEBUG] [os.ut.FileUtil/]: Reading file /sys/devices/system/cpu/cpu12/cache/index0/level
[20:01:03] [main/DEBUG] [os.ut.FileUtil/]: Reading file /sys/devices/system/cpu/cpu12/cache/index0/level
[20:01:03] [main/DEBUG] [os.ut.FileUtil/]: Reading file /sys/devices/system/cpu/cpu12/cache/index0/type
[20:01:03] [main/DEBUG] [os.ut.FileUtil/]: Reading file /sys/devices/system/cpu/cpu12/cache/index0/type
[20:01:03] [main/DEBUG] [os.ut.FileUtil/]: Reading file /sys/devices/system/cpu/cpu12/cache/index0/ways_of_associativity
[20:01:03] [main/DEBUG] [os.ut.FileUtil/]: Reading file /sys/devices/system/cpu/cpu12/cache/index0/ways_of_associativity
[20:01:03] [main/DEBUG] [os.ut.FileUtil/]: Reading file /sys/devices/system/cpu/cpu12/cache/index0/coherency_line_size
[20:01:03] [main/DEBUG] [os.ut.FileUtil/]: Reading file /sys/devices/system/cpu/cpu12/cache/index0/coherency_line_size
[20:01:03] [main/DEBUG] [os.ut.FileUtil/]: Reading file /sys/devices/system/cpu/cpu12/cache/index0/size
[20:01:03] [main/DEBUG] [os.ut.FileUtil/]: Reading file /sys/devices/system/cpu/cpu12/cache/index0/size
[20:01:03] [main/DEBUG] [os.ut.FileUtil/]: Reading file /sys/devices/system/cpu/cpu12/cache/index3/level
[20:01:03] [main/DEBUG] [os.ut.FileUtil/]: Reading file /sys/devices/system/cpu/cpu12/cache/index3/level
[20:01:03] [main/DEBUG] [os.ut.FileUtil/]: Reading file /sys/devices/system/cpu/cpu12/cache/index3/type
[20:01:03] [main/DEBUG] [os.ut.FileUtil/]: Reading file /sys/devices/system/cpu/cpu12/cache/index3/type
[20:01:03] [main/DEBUG] [os.ut.FileUtil/]: Reading file /sys/devices/system/cpu/cpu12/cache/index3/ways_of_associativity
[20:01:03] [main/DEBUG] [os.ut.FileUtil/]: Reading file /sys/devices/system/cpu/cpu12/cache/index3/ways_of_associativity
[20:01:03] [main/DEBUG] [os.ut.FileUtil/]: Reading file /sys/devices/system/cpu/cpu12/cache/index3/coherency_line_size
[20:01:03] [main/DEBUG] [os.ut.FileUtil/]: Reading file /sys/devices/system/cpu/cpu12/cache/index3/coherency_line_size
[20:01:03] [main/DEBUG] [os.ut.FileUtil/]: Reading file /sys/devices/system/cpu/cpu12/cache/index3/size
[20:01:03] [main/DEBUG] [os.ut.FileUtil/]: Reading file /sys/devices/system/cpu/cpu12/cache/index3/size
[20:01:03] [main/DEBUG] [os.ut.FileUtil/]: Reading file /sys/devices/system/cpu/cpu12/cache/index1/level
[20:01:03] [main/DEBUG] [os.ut.FileUtil/]: Reading file /sys/devices/system/cpu/cpu12/cache/index1/level
[20:01:03] [main/DEBUG] [os.ut.FileUtil/]: Reading file /sys/devices/system/cpu/cpu12/cache/index1/type
[20:01:03] [main/DEBUG] [os.ut.FileUtil/]: Reading file /sys/devices/system/cpu/cpu12/cache/index1/type
[20:01:03] [main/DEBUG] [os.ut.FileUtil/]: Reading file /sys/devices/system/cpu/cpu12/cache/index1/ways_of_associativity
[20:01:03] [main/DEBUG] [os.ut.FileUtil/]: Reading file /sys/devices/system/cpu/cpu12/cache/index1/ways_of_associativity
[20:01:03] [main/DEBUG] [os.ut.FileUtil/]: Reading file /sys/devices/system/cpu/cpu12/cache/index1/coherency_line_size
[20:01:03] [main/DEBUG] [os.ut.FileUtil/]: Reading file /sys/devices/system/cpu/cpu12/cache/index1/coherency_line_size
[20:01:03] [main/DEBUG] [os.ut.FileUtil/]: Reading file /sys/devices/system/cpu/cpu12/cache/index1/size
[20:01:03] [main/DEBUG] [os.ut.FileUtil/]: Reading file /sys/devices/system/cpu/cpu12/cache/index1/size
[20:01:03] [main/DEBUG] [os.ut.FileUtil/]: Reading file /sys/devices/system/cpu/cpu13/topology/core_id
[20:01:03] [main/DEBUG] [os.ut.FileUtil/]: Reading file /sys/devices/system/cpu/cpu13/topology/core_id
[20:01:03] [main/DEBUG] [os.ut.FileUtil/]: Reading file /sys/devices/system/cpu/cpu13/topology/physical_package_id
[20:01:03] [main/DEBUG] [os.ut.FileUtil/]: Reading file /sys/devices/system/cpu/cpu13/topology/physical_package_id
[20:01:03] [main/DEBUG] [os.ut.FileUtil/]: Reading file /sys/devices/system/cpu/cpu13/cpu_capacity
[20:01:03] [main/DEBUG] [os.ut.FileUtil/]: Reading file /sys/devices/system/cpu/cpu13/cpu_capacity
[20:01:03] [main/DEBUG] [os.ut.FileUtil/]: Reading file /sys/devices/system/cpu/cpu13/cache/index2/level
[20:01:03] [main/DEBUG] [os.ut.FileUtil/]: Reading file /sys/devices/system/cpu/cpu13/cache/index2/level
[20:01:03] [main/DEBUG] [os.ut.FileUtil/]: Reading file /sys/devices/system/cpu/cpu13/cache/index2/type
[20:01:03] [main/DEBUG] [os.ut.FileUtil/]: Reading file /sys/devices/system/cpu/cpu13/cache/index2/type
[20:01:03] [main/DEBUG] [os.ut.FileUtil/]: Reading file /sys/devices/system/cpu/cpu13/cache/index2/ways_of_associativity
[20:01:03] [main/DEBUG] [os.ut.FileUtil/]: Reading file /sys/devices/system/cpu/cpu13/cache/index2/ways_of_associativity
[20:01:03] [main/DEBUG] [os.ut.FileUtil/]: Reading file /sys/devices/system/cpu/cpu13/cache/index2/coherency_line_size
[20:01:03] [main/DEBUG] [os.ut.FileUtil/]: Reading file /sys/devices/system/cpu/cpu13/cache/index2/coherency_line_size
[20:01:03] [main/DEBUG] [os.ut.FileUtil/]: Reading file /sys/devices/system/cpu/cpu13/cache/index2/size
[20:01:03] [main/DEBUG] [os.ut.FileUtil/]: Reading file /sys/devices/system/cpu/cpu13/cache/index2/size
[20:01:03] [main/DEBUG] [os.ut.FileUtil/]: Reading file /sys/devices/system/cpu/cpu13/cache/index0/level
[20:01:03] [main/DEBUG] [os.ut.FileUtil/]: Reading file /sys/devices/system/cpu/cpu13/cache/index0/level
[20:01:03] [main/DEBUG] [os.ut.FileUtil/]: Reading file /sys/devices/system/cpu/cpu13/cache/index0/type
[20:01:03] [main/DEBUG] [os.ut.FileUtil/]: Reading file /sys/devices/system/cpu/cpu13/cache/index0/type
[20:01:03] [main/DEBUG] [os.ut.FileUtil/]: Reading file /sys/devices/system/cpu/cpu13/cache/index0/ways_of_associativity
[20:01:03] [main/DEBUG] [os.ut.FileUtil/]: Reading file /sys/devices/system/cpu/cpu13/cache/index0/ways_of_associativity
[20:01:03] [main/DEBUG] [os.ut.FileUtil/]: Reading file /sys/devices/system/cpu/cpu13/cache/index0/coherency_line_size
[20:01:03] [main/DEBUG] [os.ut.FileUtil/]: Reading file /sys/devices/system/cpu/cpu13/cache/index0/coherency_line_size
[20:01:03] [main/DEBUG] [os.ut.FileUtil/]: Reading file /sys/devices/system/cpu/cpu13/cache/index0/size
[20:01:03] [main/DEBUG] [os.ut.FileUtil/]: Reading file /sys/devices/system/cpu/cpu13/cache/index0/size
[20:01:03] [main/DEBUG] [os.ut.FileUtil/]: Reading file /sys/devices/system/cpu/cpu13/cache/index3/level
[20:01:03] [main/DEBUG] [os.ut.FileUtil/]: Reading file /sys/devices/system/cpu/cpu13/cache/index3/level
[20:01:03] [main/DEBUG] [os.ut.FileUtil/]: Reading file /sys/devices/system/cpu/cpu13/cache/index3/type
[20:01:03] [main/DEBUG] [os.ut.FileUtil/]: Reading file /sys/devices/system/cpu/cpu13/cache/index3/type
[20:01:03] [main/DEBUG] [os.ut.FileUtil/]: Reading file /sys/devices/system/cpu/cpu13/cache/index3/ways_of_associativity
[20:01:03] [main/DEBUG] [os.ut.FileUtil/]: Reading file /sys/devices/system/cpu/cpu13/cache/index3/ways_of_associativity
[20:01:03] [main/DEBUG] [os.ut.FileUtil/]: Reading file /sys/devices/system/cpu/cpu13/cache/index3/coherency_line_size
[20:01:03] [main/DEBUG] [os.ut.FileUtil/]: Reading file /sys/devices/system/cpu/cpu13/cache/index3/coherency_line_size
[20:01:03] [main/DEBUG] [os.ut.FileUtil/]: Reading file /sys/devices/system/cpu/cpu13/cache/index3/size
[20:01:03] [main/DEBUG] [os.ut.FileUtil/]: Reading file /sys/devices/system/cpu/cpu13/cache/index3/size
[20:01:03] [main/DEBUG] [os.ut.FileUtil/]: Reading file /sys/devices/system/cpu/cpu13/cache/index1/level
[20:01:03] [main/DEBUG] [os.ut.FileUtil/]: Reading file /sys/devices/system/cpu/cpu13/cache/index1/level
[20:01:03] [main/DEBUG] [os.ut.FileUtil/]: Reading file /sys/devices/system/cpu/cpu13/cache/index1/type
[20:01:03] [main/DEBUG] [os.ut.FileUtil/]: Reading file /sys/devices/system/cpu/cpu13/cache/index1/type
[20:01:03] [main/DEBUG] [os.ut.FileUtil/]: Reading file /sys/devices/system/cpu/cpu13/cache/index1/ways_of_associativity
[20:01:03] [main/DEBUG] [os.ut.FileUtil/]: Reading file /sys/devices/system/cpu/cpu13/cache/index1/ways_of_associativity
[20:01:03] [main/DEBUG] [os.ut.FileUtil/]: Reading file /sys/devices/system/cpu/cpu13/cache/index1/coherency_line_size
[20:01:03] [main/DEBUG] [os.ut.FileUtil/]: Reading file /sys/devices/system/cpu/cpu13/cache/index1/coherency_line_size
[20:01:03] [main/DEBUG] [os.ut.FileUtil/]: Reading file /sys/devices/system/cpu/cpu13/cache/index1/size
[20:01:03] [main/DEBUG] [os.ut.FileUtil/]: Reading file /sys/devices/system/cpu/cpu13/cache/index1/size
[20:01:03] [main/DEBUG] [os.ut.FileUtil/]: Reading file /sys/devices/system/cpu/cpu14/topology/core_id
[20:01:03] [main/DEBUG] [os.ut.FileUtil/]: Reading file /sys/devices/system/cpu/cpu14/topology/core_id
[20:01:03] [main/DEBUG] [os.ut.FileUtil/]: Reading file /sys/devices/system/cpu/cpu14/topology/physical_package_id
[20:01:03] [main/DEBUG] [os.ut.FileUtil/]: Reading file /sys/devices/system/cpu/cpu14/topology/physical_package_id
[20:01:03] [main/DEBUG] [os.ut.FileUtil/]: Reading file /sys/devices/system/cpu/cpu14/cpu_capacity
[20:01:03] [main/DEBUG] [os.ut.FileUtil/]: Reading file /sys/devices/system/cpu/cpu14/cpu_capacity
[20:01:03] [main/DEBUG] [os.ut.FileUtil/]: Reading file /sys/devices/system/cpu/cpu14/cache/index2/level
[20:01:03] [main/DEBUG] [os.ut.FileUtil/]: Reading file /sys/devices/system/cpu/cpu14/cache/index2/level
[20:01:03] [main/DEBUG] [os.ut.FileUtil/]: Reading file /sys/devices/system/cpu/cpu14/cache/index2/type
[20:01:03] [main/DEBUG] [os.ut.FileUtil/]: Reading file /sys/devices/system/cpu/cpu14/cache/index2/type
[20:01:03] [main/DEBUG] [os.ut.FileUtil/]: Reading file /sys/devices/system/cpu/cpu14/cache/index2/ways_of_associativity
[20:01:03] [main/DEBUG] [os.ut.FileUtil/]: Reading file /sys/devices/system/cpu/cpu14/cache/index2/ways_of_associativity
[20:01:03] [main/DEBUG] [os.ut.FileUtil/]: Reading file /sys/devices/system/cpu/cpu14/cache/index2/coherency_line_size
[20:01:03] [main/DEBUG] [os.ut.FileUtil/]: Reading file /sys/devices/system/cpu/cpu14/cache/index2/coherency_line_size
[20:01:03] [main/DEBUG] [os.ut.FileUtil/]: Reading file /sys/devices/system/cpu/cpu14/cache/index2/size
[20:01:03] [main/DEBUG] [os.ut.FileUtil/]: Reading file /sys/devices/system/cpu/cpu14/cache/index2/size
[20:01:03] [main/DEBUG] [os.ut.FileUtil/]: Reading file /sys/devices/system/cpu/cpu14/cache/index0/level
[20:01:03] [main/DEBUG] [os.ut.FileUtil/]: Reading file /sys/devices/system/cpu/cpu14/cache/index0/level
[20:01:03] [main/DEBUG] [os.ut.FileUtil/]: Reading file /sys/devices/system/cpu/cpu14/cache/index0/type
[20:01:03] [main/DEBUG] [os.ut.FileUtil/]: Reading file /sys/devices/system/cpu/cpu14/cache/index0/type
[20:01:03] [main/DEBUG] [os.ut.FileUtil/]: Reading file /sys/devices/system/cpu/cpu14/cache/index0/ways_of_associativity
[20:01:03] [main/DEBUG] [os.ut.FileUtil/]: Reading file /sys/devices/system/cpu/cpu14/cache/index0/ways_of_associativity
[20:01:03] [main/DEBUG] [os.ut.FileUtil/]: Reading file /sys/devices/system/cpu/cpu14/cache/index0/coherency_line_size
[20:01:03] [main/DEBUG] [os.ut.FileUtil/]: Reading file /sys/devices/system/cpu/cpu14/cache/index0/coherency_line_size
[20:01:03] [main/DEBUG] [os.ut.FileUtil/]: Reading file /sys/devices/system/cpu/cpu14/cache/index0/size
[20:01:03] [main/DEBUG] [os.ut.FileUtil/]: Reading file /sys/devices/system/cpu/cpu14/cache/index0/size
[20:01:03] [main/DEBUG] [os.ut.FileUtil/]: Reading file /sys/devices/system/cpu/cpu14/cache/index3/level
[20:01:03] [main/DEBUG] [os.ut.FileUtil/]: Reading file /sys/devices/system/cpu/cpu14/cache/index3/level
[20:01:03] [main/DEBUG] [os.ut.FileUtil/]: Reading file /sys/devices/system/cpu/cpu14/cache/index3/type
[20:01:03] [main/DEBUG] [os.ut.FileUtil/]: Reading file /sys/devices/system/cpu/cpu14/cache/index3/type
[20:01:03] [main/DEBUG] [os.ut.FileUtil/]: Reading file /sys/devices/system/cpu/cpu14/cache/index3/ways_of_associativity
[20:01:03] [main/DEBUG] [os.ut.FileUtil/]: Reading file /sys/devices/system/cpu/cpu14/cache/index3/ways_of_associativity
[20:01:03] [main/DEBUG] [os.ut.FileUtil/]: Reading file /sys/devices/system/cpu/cpu14/cache/index3/coherency_line_size
[20:01:03] [main/DEBUG] [os.ut.FileUtil/]: Reading file /sys/devices/system/cpu/cpu14/cache/index3/coherency_line_size
[20:01:03] [main/DEBUG] [os.ut.FileUtil/]: Reading file /sys/devices/system/cpu/cpu14/cache/index3/size
[20:01:03] [main/DEBUG] [os.ut.FileUtil/]: Reading file /sys/devices/system/cpu/cpu14/cache/index3/size
[20:01:03] [main/DEBUG] [os.ut.FileUtil/]: Reading file /sys/devices/system/cpu/cpu14/cache/index1/level
[20:01:03] [main/DEBUG] [os.ut.FileUtil/]: Reading file /sys/devices/system/cpu/cpu14/cache/index1/level
[20:01:03] [main/DEBUG] [os.ut.FileUtil/]: Reading file /sys/devices/system/cpu/cpu14/cache/index1/type
[20:01:03] [main/DEBUG] [os.ut.FileUtil/]: Reading file /sys/devices/system/cpu/cpu14/cache/index1/type
[20:01:03] [main/DEBUG] [os.ut.FileUtil/]: Reading file /sys/devices/system/cpu/cpu14/cache/index1/ways_of_associativity
[20:01:03] [main/DEBUG] [os.ut.FileUtil/]: Reading file /sys/devices/system/cpu/cpu14/cache/index1/ways_of_associativity
[20:01:03] [main/DEBUG] [os.ut.FileUtil/]: Reading file /sys/devices/system/cpu/cpu14/cache/index1/coherency_line_size
[20:01:03] [main/DEBUG] [os.ut.FileUtil/]: Reading file /sys/devices/system/cpu/cpu14/cache/index1/coherency_line_size
[20:01:03] [main/DEBUG] [os.ut.FileUtil/]: Reading file /sys/devices/system/cpu/cpu14/cache/index1/size
[20:01:03] [main/DEBUG] [os.ut.FileUtil/]: Reading file /sys/devices/system/cpu/cpu14/cache/index1/size
[20:01:03] [main/DEBUG] [os.ut.FileUtil/]: Reading file /sys/devices/system/cpu/cpu15/topology/core_id
[20:01:03] [main/DEBUG] [os.ut.FileUtil/]: Reading file /sys/devices/system/cpu/cpu15/topology/core_id
[20:01:03] [main/DEBUG] [os.ut.FileUtil/]: Reading file /sys/devices/system/cpu/cpu15/topology/physical_package_id
[20:01:03] [main/DEBUG] [os.ut.FileUtil/]: Reading file /sys/devices/system/cpu/cpu15/topology/physical_package_id
[20:01:03] [main/DEBUG] [os.ut.FileUtil/]: Reading file /sys/devices/system/cpu/cpu15/cpu_capacity
[20:01:03] [main/DEBUG] [os.ut.FileUtil/]: Reading file /sys/devices/system/cpu/cpu15/cpu_capacity
[20:01:03] [main/DEBUG] [os.ut.FileUtil/]: Reading file /sys/devices/system/cpu/cpu15/cache/index2/level
[20:01:03] [main/DEBUG] [os.ut.FileUtil/]: Reading file /sys/devices/system/cpu/cpu15/cache/index2/level
[20:01:03] [main/DEBUG] [os.ut.FileUtil/]: Reading file /sys/devices/system/cpu/cpu15/cache/index2/type
[20:01:03] [main/DEBUG] [os.ut.FileUtil/]: Reading file /sys/devices/system/cpu/cpu15/cache/index2/type
[20:01:03] [main/DEBUG] [os.ut.FileUtil/]: Reading file /sys/devices/system/cpu/cpu15/cache/index2/ways_of_associativity
[20:01:03] [main/DEBUG] [os.ut.FileUtil/]: Reading file /sys/devices/system/cpu/cpu15/cache/index2/ways_of_associativity
[20:01:03] [main/DEBUG] [os.ut.FileUtil/]: Reading file /sys/devices/system/cpu/cpu15/cache/index2/coherency_line_size
[20:01:03] [main/DEBUG] [os.ut.FileUtil/]: Reading file /sys/devices/system/cpu/cpu15/cache/index2/coherency_line_size
[20:01:03] [main/DEBUG] [os.ut.FileUtil/]: Reading file /sys/devices/system/cpu/cpu15/cache/index2/size
[20:01:03] [main/DEBUG] [os.ut.FileUtil/]: Reading file /sys/devices/system/cpu/cpu15/cache/index2/size
[20:01:03] [main/DEBUG] [os.ut.FileUtil/]: Reading file /sys/devices/system/cpu/cpu15/cache/index0/level
[20:01:03] [main/DEBUG] [os.ut.FileUtil/]: Reading file /sys/devices/system/cpu/cpu15/cache/index0/level
[20:01:03] [main/DEBUG] [os.ut.FileUtil/]: Reading file /sys/devices/system/cpu/cpu15/cache/index0/type
[20:01:03] [main/DEBUG] [os.ut.FileUtil/]: Reading file /sys/devices/system/cpu/cpu15/cache/index0/type
[20:01:03] [main/DEBUG] [os.ut.FileUtil/]: Reading file /sys/devices/system/cpu/cpu15/cache/index0/ways_of_associativity
[20:01:03] [main/DEBUG] [os.ut.FileUtil/]: Reading file /sys/devices/system/cpu/cpu15/cache/index0/ways_of_associativity
[20:01:03] [main/DEBUG] [os.ut.FileUtil/]: Reading file /sys/devices/system/cpu/cpu15/cache/index0/coherency_line_size
[20:01:03] [main/DEBUG] [os.ut.FileUtil/]: Reading file /sys/devices/system/cpu/cpu15/cache/index0/coherency_line_size
[20:01:03] [main/DEBUG] [os.ut.FileUtil/]: Reading file /sys/devices/system/cpu/cpu15/cache/index0/size
[20:01:03] [main/DEBUG] [os.ut.FileUtil/]: Reading file /sys/devices/system/cpu/cpu15/cache/index0/size
[20:01:03] [main/DEBUG] [os.ut.FileUtil/]: Reading file /sys/devices/system/cpu/cpu15/cache/index3/level
[20:01:03] [main/DEBUG] [os.ut.FileUtil/]: Reading file /sys/devices/system/cpu/cpu15/cache/index3/level
[20:01:03] [main/DEBUG] [os.ut.FileUtil/]: Reading file /sys/devices/system/cpu/cpu15/cache/index3/type
[20:01:03] [main/DEBUG] [os.ut.FileUtil/]: Reading file /sys/devices/system/cpu/cpu15/cache/index3/type
[20:01:03] [main/DEBUG] [os.ut.FileUtil/]: Reading file /sys/devices/system/cpu/cpu15/cache/index3/ways_of_associativity
[20:01:03] [main/DEBUG] [os.ut.FileUtil/]: Reading file /sys/devices/system/cpu/cpu15/cache/index3/ways_of_associativity
[20:01:03] [main/DEBUG] [os.ut.FileUtil/]: Reading file /sys/devices/system/cpu/cpu15/cache/index3/coherency_line_size
[20:01:03] [main/DEBUG] [os.ut.FileUtil/]: Reading file /sys/devices/system/cpu/cpu15/cache/index3/coherency_line_size
[20:01:03] [main/DEBUG] [os.ut.FileUtil/]: Reading file /sys/devices/system/cpu/cpu15/cache/index3/size
[20:01:03] [main/DEBUG] [os.ut.FileUtil/]: Reading file /sys/devices/system/cpu/cpu15/cache/index3/size
[20:01:03] [main/DEBUG] [os.ut.FileUtil/]: Reading file /sys/devices/system/cpu/cpu15/cache/index1/level
[20:01:03] [main/DEBUG] [os.ut.FileUtil/]: Reading file /sys/devices/system/cpu/cpu15/cache/index1/level
[20:01:03] [main/DEBUG] [os.ut.FileUtil/]: Reading file /sys/devices/system/cpu/cpu15/cache/index1/type
[20:01:03] [main/DEBUG] [os.ut.FileUtil/]: Reading file /sys/devices/system/cpu/cpu15/cache/index1/type
[20:01:03] [main/DEBUG] [os.ut.FileUtil/]: Reading file /sys/devices/system/cpu/cpu15/cache/index1/ways_of_associativity
[20:01:03] [main/DEBUG] [os.ut.FileUtil/]: Reading file /sys/devices/system/cpu/cpu15/cache/index1/ways_of_associativity
[20:01:03] [main/DEBUG] [os.ut.FileUtil/]: Reading file /sys/devices/system/cpu/cpu15/cache/index1/coherency_line_size
[20:01:03] [main/DEBUG] [os.ut.FileUtil/]: Reading file /sys/devices/system/cpu/cpu15/cache/index1/coherency_line_size
[20:01:03] [main/DEBUG] [os.ut.FileUtil/]: Reading file /sys/devices/system/cpu/cpu15/cache/index1/size
[20:01:03] [main/DEBUG] [os.ut.FileUtil/]: Reading file /sys/devices/system/cpu/cpu15/cache/index1/size
[20:01:03] [main/DEBUG] [os.ut.FileUtil/]: Reading file /sys/devices/system/cpu/cpu2/topology/core_id
[20:01:03] [main/DEBUG] [os.ut.FileUtil/]: Reading file /sys/devices/system/cpu/cpu2/topology/core_id
[20:01:03] [main/DEBUG] [os.ut.FileUtil/]: Reading file /sys/devices/system/cpu/cpu2/topology/physical_package_id
[20:01:03] [main/DEBUG] [os.ut.FileUtil/]: Reading file /sys/devices/system/cpu/cpu2/topology/physical_package_id
[20:01:03] [main/DEBUG] [os.ut.FileUtil/]: Reading file /sys/devices/system/cpu/cpu2/cpu_capacity
[20:01:03] [main/DEBUG] [os.ut.FileUtil/]: Reading file /sys/devices/system/cpu/cpu2/cpu_capacity
[20:01:03] [main/DEBUG] [os.ut.FileUtil/]: Reading file /sys/devices/system/cpu/cpu2/cache/index2/level
[20:01:03] [main/DEBUG] [os.ut.FileUtil/]: Reading file /sys/devices/system/cpu/cpu2/cache/index2/level
[20:01:03] [main/DEBUG] [os.ut.FileUtil/]: Reading file /sys/devices/system/cpu/cpu2/cache/index2/type
[20:01:03] [main/DEBUG] [os.ut.FileUtil/]: Reading file /sys/devices/system/cpu/cpu2/cache/index2/type
[20:01:03] [main/DEBUG] [os.ut.FileUtil/]: Reading file /sys/devices/system/cpu/cpu2/cache/index2/ways_of_associativity
[20:01:03] [main/DEBUG] [os.ut.FileUtil/]: Reading file /sys/devices/system/cpu/cpu2/cache/index2/ways_of_associativity
[20:01:03] [main/DEBUG] [os.ut.FileUtil/]: Reading file /sys/devices/system/cpu/cpu2/cache/index2/coherency_line_size
[20:01:03] [main/DEBUG] [os.ut.FileUtil/]: Reading file /sys/devices/system/cpu/cpu2/cache/index2/coherency_line_size
[20:01:03] [main/DEBUG] [os.ut.FileUtil/]: Reading file /sys/devices/system/cpu/cpu2/cache/index2/size
[20:01:03] [main/DEBUG] [os.ut.FileUtil/]: Reading file /sys/devices/system/cpu/cpu2/cache/index2/size
[20:01:03] [main/DEBUG] [os.ut.FileUtil/]: Reading file /sys/devices/system/cpu/cpu2/cache/index0/level
[20:01:03] [main/DEBUG] [os.ut.FileUtil/]: Reading file /sys/devices/system/cpu/cpu2/cache/index0/level
[20:01:03] [main/DEBUG] [os.ut.FileUtil/]: Reading file /sys/devices/system/cpu/cpu2/cache/index0/type
[20:01:03] [main/DEBUG] [os.ut.FileUtil/]: Reading file /sys/devices/system/cpu/cpu2/cache/index0/type
[20:01:03] [main/DEBUG] [os.ut.FileUtil/]: Reading file /sys/devices/system/cpu/cpu2/cache/index0/ways_of_associativity
[20:01:03] [main/DEBUG] [os.ut.FileUtil/]: Reading file /sys/devices/system/cpu/cpu2/cache/index0/ways_of_associativity
[20:01:03] [main/DEBUG] [os.ut.FileUtil/]: Reading file /sys/devices/system/cpu/cpu2/cache/index0/coherency_line_size
[20:01:03] [main/DEBUG] [os.ut.FileUtil/]: Reading file /sys/devices/system/cpu/cpu2/cache/index0/coherency_line_size
[20:01:03] [main/DEBUG] [os.ut.FileUtil/]: Reading file /sys/devices/system/cpu/cpu2/cache/index0/size
[20:01:03] [main/DEBUG] [os.ut.FileUtil/]: Reading file /sys/devices/system/cpu/cpu2/cache/index0/size
[20:01:03] [main/DEBUG] [os.ut.FileUtil/]: Reading file /sys/devices/system/cpu/cpu2/cache/index3/level
[20:01:03] [main/DEBUG] [os.ut.FileUtil/]: Reading file /sys/devices/system/cpu/cpu2/cache/index3/level
[20:01:03] [main/DEBUG] [os.ut.FileUtil/]: Reading file /sys/devices/system/cpu/cpu2/cache/index3/type
[20:01:03] [main/DEBUG] [os.ut.FileUtil/]: Reading file /sys/devices/system/cpu/cpu2/cache/index3/type
[20:01:03] [main/DEBUG] [os.ut.FileUtil/]: Reading file /sys/devices/system/cpu/cpu2/cache/index3/ways_of_associativity
[20:01:03] [main/DEBUG] [os.ut.FileUtil/]: Reading file /sys/devices/system/cpu/cpu2/cache/index3/ways_of_associativity
[20:01:03] [main/DEBUG] [os.ut.FileUtil/]: Reading file /sys/devices/system/cpu/cpu2/cache/index3/coherency_line_size
[20:01:03] [main/DEBUG] [os.ut.FileUtil/]: Reading file /sys/devices/system/cpu/cpu2/cache/index3/coherency_line_size
[20:01:03] [main/DEBUG] [os.ut.FileUtil/]: Reading file /sys/devices/system/cpu/cpu2/cache/index3/size
[20:01:03] [main/DEBUG] [os.ut.FileUtil/]: Reading file /sys/devices/system/cpu/cpu2/cache/index3/size
[20:01:03] [main/DEBUG] [os.ut.FileUtil/]: Reading file /sys/devices/system/cpu/cpu2/cache/index1/level
[20:01:03] [main/DEBUG] [os.ut.FileUtil/]: Reading file /sys/devices/system/cpu/cpu2/cache/index1/level
[20:01:03] [main/DEBUG] [os.ut.FileUtil/]: Reading file /sys/devices/system/cpu/cpu2/cache/index1/type
[20:01:03] [main/DEBUG] [os.ut.FileUtil/]: Reading file /sys/devices/system/cpu/cpu2/cache/index1/type
[20:01:03] [main/DEBUG] [os.ut.FileUtil/]: Reading file /sys/devices/system/cpu/cpu2/cache/index1/ways_of_associativity
[20:01:03] [main/DEBUG] [os.ut.FileUtil/]: Reading file /sys/devices/system/cpu/cpu2/cache/index1/ways_of_associativity
[20:01:03] [main/DEBUG] [os.ut.FileUtil/]: Reading file /sys/devices/system/cpu/cpu2/cache/index1/coherency_line_size
[20:01:03] [main/DEBUG] [os.ut.FileUtil/]: Reading file /sys/devices/system/cpu/cpu2/cache/index1/coherency_line_size
[20:01:03] [main/DEBUG] [os.ut.FileUtil/]: Reading file /sys/devices/system/cpu/cpu2/cache/index1/size
[20:01:03] [main/DEBUG] [os.ut.FileUtil/]: Reading file /sys/devices/system/cpu/cpu2/cache/index1/size
[20:01:03] [main/DEBUG] [os.ut.FileUtil/]: Reading file /sys/devices/system/cpu/cpu3/topology/core_id
[20:01:03] [main/DEBUG] [os.ut.FileUtil/]: Reading file /sys/devices/system/cpu/cpu3/topology/core_id
[20:01:03] [main/DEBUG] [os.ut.FileUtil/]: Reading file /sys/devices/system/cpu/cpu3/topology/physical_package_id
[20:01:03] [main/DEBUG] [os.ut.FileUtil/]: Reading file /sys/devices/system/cpu/cpu3/topology/physical_package_id
[20:01:03] [main/DEBUG] [os.ut.FileUtil/]: Reading file /sys/devices/system/cpu/cpu3/cpu_capacity
[20:01:03] [main/DEBUG] [os.ut.FileUtil/]: Reading file /sys/devices/system/cpu/cpu3/cpu_capacity
[20:01:03] [main/DEBUG] [os.ut.FileUtil/]: Reading file /sys/devices/system/cpu/cpu3/cache/index2/level
[20:01:03] [main/DEBUG] [os.ut.FileUtil/]: Reading file /sys/devices/system/cpu/cpu3/cache/index2/level
[20:01:03] [main/DEBUG] [os.ut.FileUtil/]: Reading file /sys/devices/system/cpu/cpu3/cache/index2/type
[20:01:03] [main/DEBUG] [os.ut.FileUtil/]: Reading file /sys/devices/system/cpu/cpu3/cache/index2/type
[20:01:03] [main/DEBUG] [os.ut.FileUtil/]: Reading file /sys/devices/system/cpu/cpu3/cache/index2/ways_of_associativity
[20:01:03] [main/DEBUG] [os.ut.FileUtil/]: Reading file /sys/devices/system/cpu/cpu3/cache/index2/ways_of_associativity
[20:01:03] [main/DEBUG] [os.ut.FileUtil/]: Reading file /sys/devices/system/cpu/cpu3/cache/index2/coherency_line_size
[20:01:03] [main/DEBUG] [os.ut.FileUtil/]: Reading file /sys/devices/system/cpu/cpu3/cache/index2/coherency_line_size
[20:01:03] [main/DEBUG] [os.ut.FileUtil/]: Reading file /sys/devices/system/cpu/cpu3/cache/index2/size
[20:01:03] [main/DEBUG] [os.ut.FileUtil/]: Reading file /sys/devices/system/cpu/cpu3/cache/index2/size
[20:01:03] [main/DEBUG] [os.ut.FileUtil/]: Reading file /sys/devices/system/cpu/cpu3/cache/index0/level
[20:01:03] [main/DEBUG] [os.ut.FileUtil/]: Reading file /sys/devices/system/cpu/cpu3/cache/index0/level
[20:01:03] [main/DEBUG] [os.ut.FileUtil/]: Reading file /sys/devices/system/cpu/cpu3/cache/index0/type
[20:01:03] [main/DEBUG] [os.ut.FileUtil/]: Reading file /sys/devices/system/cpu/cpu3/cache/index0/type
[20:01:03] [main/DEBUG] [os.ut.FileUtil/]: Reading file /sys/devices/system/cpu/cpu3/cache/index0/ways_of_associativity
[20:01:03] [main/DEBUG] [os.ut.FileUtil/]: Reading file /sys/devices/system/cpu/cpu3/cache/index0/ways_of_associativity
[20:01:03] [main/DEBUG] [os.ut.FileUtil/]: Reading file /sys/devices/system/cpu/cpu3/cache/index0/coherency_line_size
[20:01:03] [main/DEBUG] [os.ut.FileUtil/]: Reading file /sys/devices/system/cpu/cpu3/cache/index0/coherency_line_size
[20:01:03] [main/DEBUG] [os.ut.FileUtil/]: Reading file /sys/devices/system/cpu/cpu3/cache/index0/size
[20:01:03] [main/DEBUG] [os.ut.FileUtil/]: Reading file /sys/devices/system/cpu/cpu3/cache/index0/size
[20:01:03] [main/DEBUG] [os.ut.FileUtil/]: Reading file /sys/devices/system/cpu/cpu3/cache/index3/level
[20:01:03] [main/DEBUG] [os.ut.FileUtil/]: Reading file /sys/devices/system/cpu/cpu3/cache/index3/level
[20:01:03] [main/DEBUG] [os.ut.FileUtil/]: Reading file /sys/devices/system/cpu/cpu3/cache/index3/type
[20:01:03] [main/DEBUG] [os.ut.FileUtil/]: Reading file /sys/devices/system/cpu/cpu3/cache/index3/type
[20:01:03] [main/DEBUG] [os.ut.FileUtil/]: Reading file /sys/devices/system/cpu/cpu3/cache/index3/ways_of_associativity
[20:01:03] [main/DEBUG] [os.ut.FileUtil/]: Reading file /sys/devices/system/cpu/cpu3/cache/index3/ways_of_associativity
[20:01:03] [main/DEBUG] [os.ut.FileUtil/]: Reading file /sys/devices/system/cpu/cpu3/cache/index3/coherency_line_size
[20:01:03] [main/DEBUG] [os.ut.FileUtil/]: Reading file /sys/devices/system/cpu/cpu3/cache/index3/coherency_line_size
[20:01:03] [main/DEBUG] [os.ut.FileUtil/]: Reading file /sys/devices/system/cpu/cpu3/cache/index3/size
[20:01:03] [main/DEBUG] [os.ut.FileUtil/]: Reading file /sys/devices/system/cpu/cpu3/cache/index3/size
[20:01:03] [main/DEBUG] [os.ut.FileUtil/]: Reading file /sys/devices/system/cpu/cpu3/cache/index1/level
[20:01:03] [main/DEBUG] [os.ut.FileUtil/]: Reading file /sys/devices/system/cpu/cpu3/cache/index1/level
[20:01:03] [main/DEBUG] [os.ut.FileUtil/]: Reading file /sys/devices/system/cpu/cpu3/cache/index1/type
[20:01:03] [main/DEBUG] [os.ut.FileUtil/]: Reading file /sys/devices/system/cpu/cpu3/cache/index1/type
[20:01:03] [main/DEBUG] [os.ut.FileUtil/]: Reading file /sys/devices/system/cpu/cpu3/cache/index1/ways_of_associativity
[20:01:03] [main/DEBUG] [os.ut.FileUtil/]: Reading file /sys/devices/system/cpu/cpu3/cache/index1/ways_of_associativity
[20:01:03] [main/DEBUG] [os.ut.FileUtil/]: Reading file /sys/devices/system/cpu/cpu3/cache/index1/coherency_line_size
[20:01:03] [main/DEBUG] [os.ut.FileUtil/]: Reading file /sys/devices/system/cpu/cpu3/cache/index1/coherency_line_size
[20:01:03] [main/DEBUG] [os.ut.FileUtil/]: Reading file /sys/devices/system/cpu/cpu3/cache/index1/size
[20:01:03] [main/DEBUG] [os.ut.FileUtil/]: Reading file /sys/devices/system/cpu/cpu3/cache/index1/size
[20:01:03] [main/DEBUG] [os.ut.FileUtil/]: Reading file /sys/devices/system/cpu/cpu4/topology/core_id
[20:01:03] [main/DEBUG] [os.ut.FileUtil/]: Reading file /sys/devices/system/cpu/cpu4/topology/core_id
[20:01:03] [main/DEBUG] [os.ut.FileUtil/]: Reading file /sys/devices/system/cpu/cpu4/topology/physical_package_id
[20:01:03] [main/DEBUG] [os.ut.FileUtil/]: Reading file /sys/devices/system/cpu/cpu4/topology/physical_package_id
[20:01:03] [main/DEBUG] [os.ut.FileUtil/]: Reading file /sys/devices/system/cpu/cpu4/cpu_capacity
[20:01:03] [main/DEBUG] [os.ut.FileUtil/]: Reading file /sys/devices/system/cpu/cpu4/cpu_capacity
[20:01:03] [main/DEBUG] [os.ut.FileUtil/]: Reading file /sys/devices/system/cpu/cpu4/cache/index2/level
[20:01:03] [main/DEBUG] [os.ut.FileUtil/]: Reading file /sys/devices/system/cpu/cpu4/cache/index2/level
[20:01:03] [main/DEBUG] [os.ut.FileUtil/]: Reading file /sys/devices/system/cpu/cpu4/cache/index2/type
[20:01:03] [main/DEBUG] [os.ut.FileUtil/]: Reading file /sys/devices/system/cpu/cpu4/cache/index2/type
[20:01:03] [main/DEBUG] [os.ut.FileUtil/]: Reading file /sys/devices/system/cpu/cpu4/cache/index2/ways_of_associativity
[20:01:03] [main/DEBUG] [os.ut.FileUtil/]: Reading file /sys/devices/system/cpu/cpu4/cache/index2/ways_of_associativity
[20:01:03] [main/DEBUG] [os.ut.FileUtil/]: Reading file /sys/devices/system/cpu/cpu4/cache/index2/coherency_line_size
[20:01:03] [main/DEBUG] [os.ut.FileUtil/]: Reading file /sys/devices/system/cpu/cpu4/cache/index2/coherency_line_size
[20:01:03] [main/DEBUG] [os.ut.FileUtil/]: Reading file /sys/devices/system/cpu/cpu4/cache/index2/size
[20:01:03] [main/DEBUG] [os.ut.FileUtil/]: Reading file /sys/devices/system/cpu/cpu4/cache/index2/size
[20:01:03] [main/DEBUG] [os.ut.FileUtil/]: Reading file /sys/devices/system/cpu/cpu4/cache/index0/level
[20:01:03] [main/DEBUG] [os.ut.FileUtil/]: Reading file /sys/devices/system/cpu/cpu4/cache/index0/level
[20:01:03] [main/DEBUG] [os.ut.FileUtil/]: Reading file /sys/devices/system/cpu/cpu4/cache/index0/type
[20:01:03] [main/DEBUG] [os.ut.FileUtil/]: Reading file /sys/devices/system/cpu/cpu4/cache/index0/type
[20:01:03] [main/DEBUG] [os.ut.FileUtil/]: Reading file /sys/devices/system/cpu/cpu4/cache/index0/ways_of_associativity
[20:01:03] [main/DEBUG] [os.ut.FileUtil/]: Reading file /sys/devices/system/cpu/cpu4/cache/index0/ways_of_associativity
[20:01:03] [main/DEBUG] [os.ut.FileUtil/]: Reading file /sys/devices/system/cpu/cpu4/cache/index0/coherency_line_size
[20:01:03] [main/DEBUG] [os.ut.FileUtil/]: Reading file /sys/devices/system/cpu/cpu4/cache/index0/coherency_line_size
[20:01:03] [main/DEBUG] [os.ut.FileUtil/]: Reading file /sys/devices/system/cpu/cpu4/cache/index0/size
[20:01:03] [main/DEBUG] [os.ut.FileUtil/]: Reading file /sys/devices/system/cpu/cpu4/cache/index0/size
[20:01:03] [main/DEBUG] [os.ut.FileUtil/]: Reading file /sys/devices/system/cpu/cpu4/cache/index3/level
[20:01:03] [main/DEBUG] [os.ut.FileUtil/]: Reading file /sys/devices/system/cpu/cpu4/cache/index3/level
[20:01:03] [main/DEBUG] [os.ut.FileUtil/]: Reading file /sys/devices/system/cpu/cpu4/cache/index3/type
[20:01:03] [main/DEBUG] [os.ut.FileUtil/]: Reading file /sys/devices/system/cpu/cpu4/cache/index3/type
[20:01:03] [main/DEBUG] [os.ut.FileUtil/]: Reading file /sys/devices/system/cpu/cpu4/cache/index3/ways_of_associativity
[20:01:03] [main/DEBUG] [os.ut.FileUtil/]: Reading file /sys/devices/system/cpu/cpu4/cache/index3/ways_of_associativity
[20:01:03] [main/DEBUG] [os.ut.FileUtil/]: Reading file /sys/devices/system/cpu/cpu4/cache/index3/coherency_line_size
[20:01:03] [main/DEBUG] [os.ut.FileUtil/]: Reading file /sys/devices/system/cpu/cpu4/cache/index3/coherency_line_size
[20:01:03] [main/DEBUG] [os.ut.FileUtil/]: Reading file /sys/devices/system/cpu/cpu4/cache/index3/size
[20:01:03] [main/DEBUG] [os.ut.FileUtil/]: Reading file /sys/devices/system/cpu/cpu4/cache/index3/size
[20:01:03] [main/DEBUG] [os.ut.FileUtil/]: Reading file /sys/devices/system/cpu/cpu4/cache/index1/level
[20:01:03] [main/DEBUG] [os.ut.FileUtil/]: Reading file /sys/devices/system/cpu/cpu4/cache/index1/level
[20:01:03] [main/DEBUG] [os.ut.FileUtil/]: Reading file /sys/devices/system/cpu/cpu4/cache/index1/type
[20:01:03] [main/DEBUG] [os.ut.FileUtil/]: Reading file /sys/devices/system/cpu/cpu4/cache/index1/type
[20:01:03] [main/DEBUG] [os.ut.FileUtil/]: Reading file /sys/devices/system/cpu/cpu4/cache/index1/ways_of_associativity
[20:01:03] [main/DEBUG] [os.ut.FileUtil/]: Reading file /sys/devices/system/cpu/cpu4/cache/index1/ways_of_associativity
[20:01:03] [main/DEBUG] [os.ut.FileUtil/]: Reading file /sys/devices/system/cpu/cpu4/cache/index1/coherency_line_size
[20:01:03] [main/DEBUG] [os.ut.FileUtil/]: Reading file /sys/devices/system/cpu/cpu4/cache/index1/coherency_line_size
[20:01:03] [main/DEBUG] [os.ut.FileUtil/]: Reading file /sys/devices/system/cpu/cpu4/cache/index1/size
[20:01:03] [main/DEBUG] [os.ut.FileUtil/]: Reading file /sys/devices/system/cpu/cpu4/cache/index1/size
[20:01:03] [main/DEBUG] [os.ut.FileUtil/]: Reading file /sys/devices/system/cpu/cpu5/topology/core_id
[20:01:03] [main/DEBUG] [os.ut.FileUtil/]: Reading file /sys/devices/system/cpu/cpu5/topology/core_id
[20:01:03] [main/DEBUG] [os.ut.FileUtil/]: Reading file /sys/devices/system/cpu/cpu5/topology/physical_package_id
[20:01:03] [main/DEBUG] [os.ut.FileUtil/]: Reading file /sys/devices/system/cpu/cpu5/topology/physical_package_id
[20:01:03] [main/DEBUG] [os.ut.FileUtil/]: Reading file /sys/devices/system/cpu/cpu5/cpu_capacity
[20:01:03] [main/DEBUG] [os.ut.FileUtil/]: Reading file /sys/devices/system/cpu/cpu5/cpu_capacity
[20:01:03] [main/DEBUG] [os.ut.FileUtil/]: Reading file /sys/devices/system/cpu/cpu5/cache/index2/level
[20:01:03] [main/DEBUG] [os.ut.FileUtil/]: Reading file /sys/devices/system/cpu/cpu5/cache/index2/level
[20:01:03] [main/DEBUG] [os.ut.FileUtil/]: Reading file /sys/devices/system/cpu/cpu5/cache/index2/type
[20:01:03] [main/DEBUG] [os.ut.FileUtil/]: Reading file /sys/devices/system/cpu/cpu5/cache/index2/type
[20:01:03] [main/DEBUG] [os.ut.FileUtil/]: Reading file /sys/devices/system/cpu/cpu5/cache/index2/ways_of_associativity
[20:01:03] [main/DEBUG] [os.ut.FileUtil/]: Reading file /sys/devices/system/cpu/cpu5/cache/index2/ways_of_associativity
[20:01:03] [main/DEBUG] [os.ut.FileUtil/]: Reading file /sys/devices/system/cpu/cpu5/cache/index2/coherency_line_size
[20:01:03] [main/DEBUG] [os.ut.FileUtil/]: Reading file /sys/devices/system/cpu/cpu5/cache/index2/coherency_line_size
[20:01:03] [main/DEBUG] [os.ut.FileUtil/]: Reading file /sys/devices/system/cpu/cpu5/cache/index2/size
[20:01:03] [main/DEBUG] [os.ut.FileUtil/]: Reading file /sys/devices/system/cpu/cpu5/cache/index2/size
[20:01:03] [main/DEBUG] [os.ut.FileUtil/]: Reading file /sys/devices/system/cpu/cpu5/cache/index0/level
[20:01:03] [main/DEBUG] [os.ut.FileUtil/]: Reading file /sys/devices/system/cpu/cpu5/cache/index0/level
[20:01:03] [main/DEBUG] [os.ut.FileUtil/]: Reading file /sys/devices/system/cpu/cpu5/cache/index0/type
[20:01:03] [main/DEBUG] [os.ut.FileUtil/]: Reading file /sys/devices/system/cpu/cpu5/cache/index0/type
[20:01:03] [main/DEBUG] [os.ut.FileUtil/]: Reading file /sys/devices/system/cpu/cpu5/cache/index0/ways_of_associativity
[20:01:03] [main/DEBUG] [os.ut.FileUtil/]: Reading file /sys/devices/system/cpu/cpu5/cache/index0/ways_of_associativity
[20:01:03] [main/DEBUG] [os.ut.FileUtil/]: Reading file /sys/devices/system/cpu/cpu5/cache/index0/coherency_line_size
[20:01:03] [main/DEBUG] [os.ut.FileUtil/]: Reading file /sys/devices/system/cpu/cpu5/cache/index0/coherency_line_size
[20:01:03] [main/DEBUG] [os.ut.FileUtil/]: Reading file /sys/devices/system/cpu/cpu5/cache/index0/size
[20:01:03] [main/DEBUG] [os.ut.FileUtil/]: Reading file /sys/devices/system/cpu/cpu5/cache/index0/size
[20:01:03] [main/DEBUG] [os.ut.FileUtil/]: Reading file /sys/devices/system/cpu/cpu5/cache/index3/level
[20:01:03] [main/DEBUG] [os.ut.FileUtil/]: Reading file /sys/devices/system/cpu/cpu5/cache/index3/level
[20:01:03] [main/DEBUG] [os.ut.FileUtil/]: Reading file /sys/devices/system/cpu/cpu5/cache/index3/type
[20:01:03] [main/DEBUG] [os.ut.FileUtil/]: Reading file /sys/devices/system/cpu/cpu5/cache/index3/type
[20:01:03] [main/DEBUG] [os.ut.FileUtil/]: Reading file /sys/devices/system/cpu/cpu5/cache/index3/ways_of_associativity
[20:01:03] [main/DEBUG] [os.ut.FileUtil/]: Reading file /sys/devices/system/cpu/cpu5/cache/index3/ways_of_associativity
[20:01:03] [main/DEBUG] [os.ut.FileUtil/]: Reading file /sys/devices/system/cpu/cpu5/cache/index3/coherency_line_size
[20:01:03] [main/DEBUG] [os.ut.FileUtil/]: Reading file /sys/devices/system/cpu/cpu5/cache/index3/coherency_line_size
[20:01:03] [main/DEBUG] [os.ut.FileUtil/]: Reading file /sys/devices/system/cpu/cpu5/cache/index3/size
[20:01:03] [main/DEBUG] [os.ut.FileUtil/]: Reading file /sys/devices/system/cpu/cpu5/cache/index3/size
[20:01:03] [main/DEBUG] [os.ut.FileUtil/]: Reading file /sys/devices/system/cpu/cpu5/cache/index1/level
[20:01:03] [main/DEBUG] [os.ut.FileUtil/]: Reading file /sys/devices/system/cpu/cpu5/cache/index1/level
[20:01:03] [main/DEBUG] [os.ut.FileUtil/]: Reading file /sys/devices/system/cpu/cpu5/cache/index1/type
[20:01:03] [main/DEBUG] [os.ut.FileUtil/]: Reading file /sys/devices/system/cpu/cpu5/cache/index1/type
[20:01:03] [main/DEBUG] [os.ut.FileUtil/]: Reading file /sys/devices/system/cpu/cpu5/cache/index1/ways_of_associativity
[20:01:03] [main/DEBUG] [os.ut.FileUtil/]: Reading file /sys/devices/system/cpu/cpu5/cache/index1/ways_of_associativity
[20:01:03] [main/DEBUG] [os.ut.FileUtil/]: Reading file /sys/devices/system/cpu/cpu5/cache/index1/coherency_line_size
[20:01:03] [main/DEBUG] [os.ut.FileUtil/]: Reading file /sys/devices/system/cpu/cpu5/cache/index1/coherency_line_size
[20:01:03] [main/DEBUG] [os.ut.FileUtil/]: Reading file /sys/devices/system/cpu/cpu5/cache/index1/size
[20:01:03] [main/DEBUG] [os.ut.FileUtil/]: Reading file /sys/devices/system/cpu/cpu5/cache/index1/size
[20:01:03] [main/DEBUG] [os.ut.FileUtil/]: Reading file /sys/devices/system/cpu/cpu6/topology/core_id
[20:01:03] [main/DEBUG] [os.ut.FileUtil/]: Reading file /sys/devices/system/cpu/cpu6/topology/core_id
[20:01:03] [main/DEBUG] [os.ut.FileUtil/]: Reading file /sys/devices/system/cpu/cpu6/topology/physical_package_id
[20:01:03] [main/DEBUG] [os.ut.FileUtil/]: Reading file /sys/devices/system/cpu/cpu6/topology/physical_package_id
[20:01:03] [main/DEBUG] [os.ut.FileUtil/]: Reading file /sys/devices/system/cpu/cpu6/cpu_capacity
[20:01:03] [main/DEBUG] [os.ut.FileUtil/]: Reading file /sys/devices/system/cpu/cpu6/cpu_capacity
[20:01:03] [main/DEBUG] [os.ut.FileUtil/]: Reading file /sys/devices/system/cpu/cpu6/cache/index2/level
[20:01:03] [main/DEBUG] [os.ut.FileUtil/]: Reading file /sys/devices/system/cpu/cpu6/cache/index2/level
[20:01:03] [main/DEBUG] [os.ut.FileUtil/]: Reading file /sys/devices/system/cpu/cpu6/cache/index2/type
[20:01:03] [main/DEBUG] [os.ut.FileUtil/]: Reading file /sys/devices/system/cpu/cpu6/cache/index2/type
[20:01:03] [main/DEBUG] [os.ut.FileUtil/]: Reading file /sys/devices/system/cpu/cpu6/cache/index2/ways_of_associativity
[20:01:03] [main/DEBUG] [os.ut.FileUtil/]: Reading file /sys/devices/system/cpu/cpu6/cache/index2/ways_of_associativity
[20:01:03] [main/DEBUG] [os.ut.FileUtil/]: Reading file /sys/devices/system/cpu/cpu6/cache/index2/coherency_line_size
[20:01:03] [main/DEBUG] [os.ut.FileUtil/]: Reading file /sys/devices/system/cpu/cpu6/cache/index2/coherency_line_size
[20:01:03] [main/DEBUG] [os.ut.FileUtil/]: Reading file /sys/devices/system/cpu/cpu6/cache/index2/size
[20:01:03] [main/DEBUG] [os.ut.FileUtil/]: Reading file /sys/devices/system/cpu/cpu6/cache/index2/size
[20:01:03] [main/DEBUG] [os.ut.FileUtil/]: Reading file /sys/devices/system/cpu/cpu6/cache/index0/level
[20:01:03] [main/DEBUG] [os.ut.FileUtil/]: Reading file /sys/devices/system/cpu/cpu6/cache/index0/level
[20:01:03] [main/DEBUG] [os.ut.FileUtil/]: Reading file /sys/devices/system/cpu/cpu6/cache/index0/type
[20:01:03] [main/DEBUG] [os.ut.FileUtil/]: Reading file /sys/devices/system/cpu/cpu6/cache/index0/type
[20:01:03] [main/DEBUG] [os.ut.FileUtil/]: Reading file /sys/devices/system/cpu/cpu6/cache/index0/ways_of_associativity
[20:01:03] [main/DEBUG] [os.ut.FileUtil/]: Reading file /sys/devices/system/cpu/cpu6/cache/index0/ways_of_associativity
[20:01:03] [main/DEBUG] [os.ut.FileUtil/]: Reading file /sys/devices/system/cpu/cpu6/cache/index0/coherency_line_size
[20:01:03] [main/DEBUG] [os.ut.FileUtil/]: Reading file /sys/devices/system/cpu/cpu6/cache/index0/coherency_line_size
[20:01:03] [main/DEBUG] [os.ut.FileUtil/]: Reading file /sys/devices/system/cpu/cpu6/cache/index0/size
[20:01:03] [main/DEBUG] [os.ut.FileUtil/]: Reading file /sys/devices/system/cpu/cpu6/cache/index0/size
[20:01:03] [main/DEBUG] [os.ut.FileUtil/]: Reading file /sys/devices/system/cpu/cpu6/cache/index3/level
[20:01:03] [main/DEBUG] [os.ut.FileUtil/]: Reading file /sys/devices/system/cpu/cpu6/cache/index3/level
[20:01:03] [main/DEBUG] [os.ut.FileUtil/]: Reading file /sys/devices/system/cpu/cpu6/cache/index3/type
[20:01:03] [main/DEBUG] [os.ut.FileUtil/]: Reading file /sys/devices/system/cpu/cpu6/cache/index3/type
[20:01:03] [main/DEBUG] [os.ut.FileUtil/]: Reading file /sys/devices/system/cpu/cpu6/cache/index3/ways_of_associativity
[20:01:03] [main/DEBUG] [os.ut.FileUtil/]: Reading file /sys/devices/system/cpu/cpu6/cache/index3/ways_of_associativity
[20:01:03] [main/DEBUG] [os.ut.FileUtil/]: Reading file /sys/devices/system/cpu/cpu6/cache/index3/coherency_line_size
[20:01:03] [main/DEBUG] [os.ut.FileUtil/]: Reading file /sys/devices/system/cpu/cpu6/cache/index3/coherency_line_size
[20:01:03] [main/DEBUG] [os.ut.FileUtil/]: Reading file /sys/devices/system/cpu/cpu6/cache/index3/size
[20:01:03] [main/DEBUG] [os.ut.FileUtil/]: Reading file /sys/devices/system/cpu/cpu6/cache/index3/size
[20:01:03] [main/DEBUG] [os.ut.FileUtil/]: Reading file /sys/devices/system/cpu/cpu6/cache/index1/level
[20:01:03] [main/DEBUG] [os.ut.FileUtil/]: Reading file /sys/devices/system/cpu/cpu6/cache/index1/level
[20:01:03] [main/DEBUG] [os.ut.FileUtil/]: Reading file /sys/devices/system/cpu/cpu6/cache/index1/type
[20:01:03] [main/DEBUG] [os.ut.FileUtil/]: Reading file /sys/devices/system/cpu/cpu6/cache/index1/type
[20:01:03] [main/DEBUG] [os.ut.FileUtil/]: Reading file /sys/devices/system/cpu/cpu6/cache/index1/ways_of_associativity
[20:01:03] [main/DEBUG] [os.ut.FileUtil/]: Reading file /sys/devices/system/cpu/cpu6/cache/index1/ways_of_associativity
[20:01:03] [main/DEBUG] [os.ut.FileUtil/]: Reading file /sys/devices/system/cpu/cpu6/cache/index1/coherency_line_size
[20:01:03] [main/DEBUG] [os.ut.FileUtil/]: Reading file /sys/devices/system/cpu/cpu6/cache/index1/coherency_line_size
[20:01:03] [main/DEBUG] [os.ut.FileUtil/]: Reading file /sys/devices/system/cpu/cpu6/cache/index1/size
[20:01:03] [main/DEBUG] [os.ut.FileUtil/]: Reading file /sys/devices/system/cpu/cpu6/cache/index1/size
[20:01:03] [main/DEBUG] [os.ut.FileUtil/]: Reading file /sys/devices/system/cpu/cpu7/topology/core_id
[20:01:03] [main/DEBUG] [os.ut.FileUtil/]: Reading file /sys/devices/system/cpu/cpu7/topology/core_id
[20:01:03] [main/DEBUG] [os.ut.FileUtil/]: Reading file /sys/devices/system/cpu/cpu7/topology/physical_package_id
[20:01:03] [main/DEBUG] [os.ut.FileUtil/]: Reading file /sys/devices/system/cpu/cpu7/topology/physical_package_id
[20:01:03] [main/DEBUG] [os.ut.FileUtil/]: Reading file /sys/devices/system/cpu/cpu7/cpu_capacity
[20:01:03] [main/DEBUG] [os.ut.FileUtil/]: Reading file /sys/devices/system/cpu/cpu7/cpu_capacity
[20:01:03] [main/DEBUG] [os.ut.FileUtil/]: Reading file /sys/devices/system/cpu/cpu7/cache/index2/level
[20:01:03] [main/DEBUG] [os.ut.FileUtil/]: Reading file /sys/devices/system/cpu/cpu7/cache/index2/level
[20:01:03] [main/DEBUG] [os.ut.FileUtil/]: Reading file /sys/devices/system/cpu/cpu7/cache/index2/type
[20:01:03] [main/DEBUG] [os.ut.FileUtil/]: Reading file /sys/devices/system/cpu/cpu7/cache/index2/type
[20:01:03] [main/DEBUG] [os.ut.FileUtil/]: Reading file /sys/devices/system/cpu/cpu7/cache/index2/ways_of_associativity
[20:01:03] [main/DEBUG] [os.ut.FileUtil/]: Reading file /sys/devices/system/cpu/cpu7/cache/index2/ways_of_associativity
[20:01:03] [main/DEBUG] [os.ut.FileUtil/]: Reading file /sys/devices/system/cpu/cpu7/cache/index2/coherency_line_size
[20:01:03] [main/DEBUG] [os.ut.FileUtil/]: Reading file /sys/devices/system/cpu/cpu7/cache/index2/coherency_line_size
[20:01:03] [main/DEBUG] [os.ut.FileUtil/]: Reading file /sys/devices/system/cpu/cpu7/cache/index2/size
[20:01:03] [main/DEBUG] [os.ut.FileUtil/]: Reading file /sys/devices/system/cpu/cpu7/cache/index2/size
[20:01:03] [main/DEBUG] [os.ut.FileUtil/]: Reading file /sys/devices/system/cpu/cpu7/cache/index0/level
[20:01:03] [main/DEBUG] [os.ut.FileUtil/]: Reading file /sys/devices/system/cpu/cpu7/cache/index0/level
[20:01:03] [main/DEBUG] [os.ut.FileUtil/]: Reading file /sys/devices/system/cpu/cpu7/cache/index0/type
[20:01:03] [main/DEBUG] [os.ut.FileUtil/]: Reading file /sys/devices/system/cpu/cpu7/cache/index0/type
[20:01:03] [main/DEBUG] [os.ut.FileUtil/]: Reading file /sys/devices/system/cpu/cpu7/cache/index0/ways_of_associativity
[20:01:03] [main/DEBUG] [os.ut.FileUtil/]: Reading file /sys/devices/system/cpu/cpu7/cache/index0/ways_of_associativity
[20:01:03] [main/DEBUG] [os.ut.FileUtil/]: Reading file /sys/devices/system/cpu/cpu7/cache/index0/coherency_line_size
[20:01:03] [main/DEBUG] [os.ut.FileUtil/]: Reading file /sys/devices/system/cpu/cpu7/cache/index0/coherency_line_size
[20:01:03] [main/DEBUG] [os.ut.FileUtil/]: Reading file /sys/devices/system/cpu/cpu7/cache/index0/size
[20:01:03] [main/DEBUG] [os.ut.FileUtil/]: Reading file /sys/devices/system/cpu/cpu7/cache/index0/size
[20:01:03] [main/DEBUG] [os.ut.FileUtil/]: Reading file /sys/devices/system/cpu/cpu7/cache/index3/level
[20:01:03] [main/DEBUG] [os.ut.FileUtil/]: Reading file /sys/devices/system/cpu/cpu7/cache/index3/level
[20:01:03] [main/DEBUG] [os.ut.FileUtil/]: Reading file /sys/devices/system/cpu/cpu7/cache/index3/type
[20:01:03] [main/DEBUG] [os.ut.FileUtil/]: Reading file /sys/devices/system/cpu/cpu7/cache/index3/type
[20:01:03] [main/DEBUG] [os.ut.FileUtil/]: Reading file /sys/devices/system/cpu/cpu7/cache/index3/ways_of_associativity
[20:01:03] [main/DEBUG] [os.ut.FileUtil/]: Reading file /sys/devices/system/cpu/cpu7/cache/index3/ways_of_associativity
[20:01:03] [main/DEBUG] [os.ut.FileUtil/]: Reading file /sys/devices/system/cpu/cpu7/cache/index3/coherency_line_size
[20:01:03] [main/DEBUG] [os.ut.FileUtil/]: Reading file /sys/devices/system/cpu/cpu7/cache/index3/coherency_line_size
[20:01:03] [main/DEBUG] [os.ut.FileUtil/]: Reading file /sys/devices/system/cpu/cpu7/cache/index3/size
[20:01:03] [main/DEBUG] [os.ut.FileUtil/]: Reading file /sys/devices/system/cpu/cpu7/cache/index3/size
[20:01:03] [main/DEBUG] [os.ut.FileUtil/]: Reading file /sys/devices/system/cpu/cpu7/cache/index1/level
[20:01:03] [main/DEBUG] [os.ut.FileUtil/]: Reading file /sys/devices/system/cpu/cpu7/cache/index1/level
[20:01:03] [main/DEBUG] [os.ut.FileUtil/]: Reading file /sys/devices/system/cpu/cpu7/cache/index1/type
[20:01:03] [main/DEBUG] [os.ut.FileUtil/]: Reading file /sys/devices/system/cpu/cpu7/cache/index1/type
[20:01:03] [main/DEBUG] [os.ut.FileUtil/]: Reading file /sys/devices/system/cpu/cpu7/cache/index1/ways_of_associativity
[20:01:03] [main/DEBUG] [os.ut.FileUtil/]: Reading file /sys/devices/system/cpu/cpu7/cache/index1/ways_of_associativity
[20:01:03] [main/DEBUG] [os.ut.FileUtil/]: Reading file /sys/devices/system/cpu/cpu7/cache/index1/coherency_line_size
[20:01:03] [main/DEBUG] [os.ut.FileUtil/]: Reading file /sys/devices/system/cpu/cpu7/cache/index1/coherency_line_size
[20:01:03] [main/DEBUG] [os.ut.FileUtil/]: Reading file /sys/devices/system/cpu/cpu7/cache/index1/size
[20:01:03] [main/DEBUG] [os.ut.FileUtil/]: Reading file /sys/devices/system/cpu/cpu7/cache/index1/size
[20:01:03] [main/DEBUG] [os.ut.FileUtil/]: Reading file /sys/devices/system/cpu/cpu8/topology/core_id
[20:01:03] [main/DEBUG] [os.ut.FileUtil/]: Reading file /sys/devices/system/cpu/cpu8/topology/core_id
[20:01:03] [main/DEBUG] [os.ut.FileUtil/]: Reading file /sys/devices/system/cpu/cpu8/topology/physical_package_id
[20:01:03] [main/DEBUG] [os.ut.FileUtil/]: Reading file /sys/devices/system/cpu/cpu8/topology/physical_package_id
[20:01:03] [main/DEBUG] [os.ut.FileUtil/]: Reading file /sys/devices/system/cpu/cpu8/cpu_capacity
[20:01:03] [main/DEBUG] [os.ut.FileUtil/]: Reading file /sys/devices/system/cpu/cpu8/cpu_capacity
[20:01:03] [main/DEBUG] [os.ut.FileUtil/]: Reading file /sys/devices/system/cpu/cpu8/cache/index2/level
[20:01:03] [main/DEBUG] [os.ut.FileUtil/]: Reading file /sys/devices/system/cpu/cpu8/cache/index2/level
[20:01:03] [main/DEBUG] [os.ut.FileUtil/]: Reading file /sys/devices/system/cpu/cpu8/cache/index2/type
[20:01:03] [main/DEBUG] [os.ut.FileUtil/]: Reading file /sys/devices/system/cpu/cpu8/cache/index2/type
[20:01:03] [main/DEBUG] [os.ut.FileUtil/]: Reading file /sys/devices/system/cpu/cpu8/cache/index2/ways_of_associativity
[20:01:03] [main/DEBUG] [os.ut.FileUtil/]: Reading file /sys/devices/system/cpu/cpu8/cache/index2/ways_of_associativity
[20:01:03] [main/DEBUG] [os.ut.FileUtil/]: Reading file /sys/devices/system/cpu/cpu8/cache/index2/coherency_line_size
[20:01:03] [main/DEBUG] [os.ut.FileUtil/]: Reading file /sys/devices/system/cpu/cpu8/cache/index2/coherency_line_size
[20:01:03] [main/DEBUG] [os.ut.FileUtil/]: Reading file /sys/devices/system/cpu/cpu8/cache/index2/size
[20:01:03] [main/DEBUG] [os.ut.FileUtil/]: Reading file /sys/devices/system/cpu/cpu8/cache/index2/size
[20:01:03] [main/DEBUG] [os.ut.FileUtil/]: Reading file /sys/devices/system/cpu/cpu8/cache/index0/level
[20:01:03] [main/DEBUG] [os.ut.FileUtil/]: Reading file /sys/devices/system/cpu/cpu8/cache/index0/level
[20:01:03] [main/DEBUG] [os.ut.FileUtil/]: Reading file /sys/devices/system/cpu/cpu8/cache/index0/type
[20:01:03] [main/DEBUG] [os.ut.FileUtil/]: Reading file /sys/devices/system/cpu/cpu8/cache/index0/type
[20:01:03] [main/DEBUG] [os.ut.FileUtil/]: Reading file /sys/devices/system/cpu/cpu8/cache/index0/ways_of_associativity
[20:01:03] [main/DEBUG] [os.ut.FileUtil/]: Reading file /sys/devices/system/cpu/cpu8/cache/index0/ways_of_associativity
[20:01:03] [main/DEBUG] [os.ut.FileUtil/]: Reading file /sys/devices/system/cpu/cpu8/cache/index0/coherency_line_size
[20:01:03] [main/DEBUG] [os.ut.FileUtil/]: Reading file /sys/devices/system/cpu/cpu8/cache/index0/coherency_line_size
[20:01:03] [main/DEBUG] [os.ut.FileUtil/]: Reading file /sys/devices/system/cpu/cpu8/cache/index0/size
[20:01:03] [main/DEBUG] [os.ut.FileUtil/]: Reading file /sys/devices/system/cpu/cpu8/cache/index0/size
[20:01:03] [main/DEBUG] [os.ut.FileUtil/]: Reading file /sys/devices/system/cpu/cpu8/cache/index3/level
[20:01:03] [main/DEBUG] [os.ut.FileUtil/]: Reading file /sys/devices/system/cpu/cpu8/cache/index3/level
[20:01:03] [main/DEBUG] [os.ut.FileUtil/]: Reading file /sys/devices/system/cpu/cpu8/cache/index3/type
[20:01:03] [main/DEBUG] [os.ut.FileUtil/]: Reading file /sys/devices/system/cpu/cpu8/cache/index3/type
[20:01:03] [main/DEBUG] [os.ut.FileUtil/]: Reading file /sys/devices/system/cpu/cpu8/cache/index3/ways_of_associativity
[20:01:03] [main/DEBUG] [os.ut.FileUtil/]: Reading file /sys/devices/system/cpu/cpu8/cache/index3/ways_of_associativity
[20:01:03] [main/DEBUG] [os.ut.FileUtil/]: Reading file /sys/devices/system/cpu/cpu8/cache/index3/coherency_line_size
[20:01:03] [main/DEBUG] [os.ut.FileUtil/]: Reading file /sys/devices/system/cpu/cpu8/cache/index3/coherency_line_size
[20:01:03] [main/DEBUG] [os.ut.FileUtil/]: Reading file /sys/devices/system/cpu/cpu8/cache/index3/size
[20:01:03] [main/DEBUG] [os.ut.FileUtil/]: Reading file /sys/devices/system/cpu/cpu8/cache/index3/size
[20:01:03] [main/DEBUG] [os.ut.FileUtil/]: Reading file /sys/devices/system/cpu/cpu8/cache/index1/level
[20:01:03] [main/DEBUG] [os.ut.FileUtil/]: Reading file /sys/devices/system/cpu/cpu8/cache/index1/level
[20:01:03] [main/DEBUG] [os.ut.FileUtil/]: Reading file /sys/devices/system/cpu/cpu8/cache/index1/type
[20:01:03] [main/DEBUG] [os.ut.FileUtil/]: Reading file /sys/devices/system/cpu/cpu8/cache/index1/type
[20:01:03] [main/DEBUG] [os.ut.FileUtil/]: Reading file /sys/devices/system/cpu/cpu8/cache/index1/ways_of_associativity
[20:01:03] [main/DEBUG] [os.ut.FileUtil/]: Reading file /sys/devices/system/cpu/cpu8/cache/index1/ways_of_associativity
[20:01:03] [main/DEBUG] [os.ut.FileUtil/]: Reading file /sys/devices/system/cpu/cpu8/cache/index1/coherency_line_size
[20:01:03] [main/DEBUG] [os.ut.FileUtil/]: Reading file /sys/devices/system/cpu/cpu8/cache/index1/coherency_line_size
[20:01:03] [main/DEBUG] [os.ut.FileUtil/]: Reading file /sys/devices/system/cpu/cpu8/cache/index1/size
[20:01:03] [main/DEBUG] [os.ut.FileUtil/]: Reading file /sys/devices/system/cpu/cpu8/cache/index1/size
[20:01:03] [main/DEBUG] [os.ut.FileUtil/]: Reading file /sys/devices/system/cpu/cpu9/topology/core_id
[20:01:03] [main/DEBUG] [os.ut.FileUtil/]: Reading file /sys/devices/system/cpu/cpu9/topology/core_id
[20:01:03] [main/DEBUG] [os.ut.FileUtil/]: Reading file /sys/devices/system/cpu/cpu9/topology/physical_package_id
[20:01:03] [main/DEBUG] [os.ut.FileUtil/]: Reading file /sys/devices/system/cpu/cpu9/topology/physical_package_id
[20:01:03] [main/DEBUG] [os.ut.FileUtil/]: Reading file /sys/devices/system/cpu/cpu9/cpu_capacity
[20:01:03] [main/DEBUG] [os.ut.FileUtil/]: Reading file /sys/devices/system/cpu/cpu9/cpu_capacity
[20:01:03] [main/DEBUG] [os.ut.FileUtil/]: Reading file /sys/devices/system/cpu/cpu9/cache/index2/level
[20:01:03] [main/DEBUG] [os.ut.FileUtil/]: Reading file /sys/devices/system/cpu/cpu9/cache/index2/level
[20:01:03] [main/DEBUG] [os.ut.FileUtil/]: Reading file /sys/devices/system/cpu/cpu9/cache/index2/type
[20:01:03] [main/DEBUG] [os.ut.FileUtil/]: Reading file /sys/devices/system/cpu/cpu9/cache/index2/type
[20:01:03] [main/DEBUG] [os.ut.FileUtil/]: Reading file /sys/devices/system/cpu/cpu9/cache/index2/ways_of_associativity
[20:01:03] [main/DEBUG] [os.ut.FileUtil/]: Reading file /sys/devices/system/cpu/cpu9/cache/index2/ways_of_associativity
[20:01:03] [main/DEBUG] [os.ut.FileUtil/]: Reading file /sys/devices/system/cpu/cpu9/cache/index2/coherency_line_size
[20:01:03] [main/DEBUG] [os.ut.FileUtil/]: Reading file /sys/devices/system/cpu/cpu9/cache/index2/coherency_line_size
[20:01:03] [main/DEBUG] [os.ut.FileUtil/]: Reading file /sys/devices/system/cpu/cpu9/cache/index2/size
[20:01:03] [main/DEBUG] [os.ut.FileUtil/]: Reading file /sys/devices/system/cpu/cpu9/cache/index2/size
[20:01:03] [main/DEBUG] [os.ut.FileUtil/]: Reading file /sys/devices/system/cpu/cpu9/cache/index0/level
[20:01:03] [main/DEBUG] [os.ut.FileUtil/]: Reading file /sys/devices/system/cpu/cpu9/cache/index0/level
[20:01:03] [main/DEBUG] [os.ut.FileUtil/]: Reading file /sys/devices/system/cpu/cpu9/cache/index0/type
[20:01:03] [main/DEBUG] [os.ut.FileUtil/]: Reading file /sys/devices/system/cpu/cpu9/cache/index0/type
[20:01:03] [main/DEBUG] [os.ut.FileUtil/]: Reading file /sys/devices/system/cpu/cpu9/cache/index0/ways_of_associativity
[20:01:03] [main/DEBUG] [os.ut.FileUtil/]: Reading file /sys/devices/system/cpu/cpu9/cache/index0/ways_of_associativity
[20:01:03] [main/DEBUG] [os.ut.FileUtil/]: Reading file /sys/devices/system/cpu/cpu9/cache/index0/coherency_line_size
[20:01:03] [main/DEBUG] [os.ut.FileUtil/]: Reading file /sys/devices/system/cpu/cpu9/cache/index0/coherency_line_size
[20:01:03] [main/DEBUG] [os.ut.FileUtil/]: Reading file /sys/devices/system/cpu/cpu9/cache/index0/size
[20:01:03] [main/DEBUG] [os.ut.FileUtil/]: Reading file /sys/devices/system/cpu/cpu9/cache/index0/size
[20:01:03] [main/DEBUG] [os.ut.FileUtil/]: Reading file /sys/devices/system/cpu/cpu9/cache/index3/level
[20:01:03] [main/DEBUG] [os.ut.FileUtil/]: Reading file /sys/devices/system/cpu/cpu9/cache/index3/level
[20:01:03] [main/DEBUG] [os.ut.FileUtil/]: Reading file /sys/devices/system/cpu/cpu9/cache/index3/type
[20:01:03] [main/DEBUG] [os.ut.FileUtil/]: Reading file /sys/devices/system/cpu/cpu9/cache/index3/type
[20:01:03] [main/DEBUG] [os.ut.FileUtil/]: Reading file /sys/devices/system/cpu/cpu9/cache/index3/ways_of_associativity
[20:01:03] [main/DEBUG] [os.ut.FileUtil/]: Reading file /sys/devices/system/cpu/cpu9/cache/index3/ways_of_associativity
[20:01:03] [main/DEBUG] [os.ut.FileUtil/]: Reading file /sys/devices/system/cpu/cpu9/cache/index3/coherency_line_size
[20:01:03] [main/DEBUG] [os.ut.FileUtil/]: Reading file /sys/devices/system/cpu/cpu9/cache/index3/coherency_line_size
[20:01:03] [main/DEBUG] [os.ut.FileUtil/]: Reading file /sys/devices/system/cpu/cpu9/cache/index3/size
[20:01:03] [main/DEBUG] [os.ut.FileUtil/]: Reading file /sys/devices/system/cpu/cpu9/cache/index3/size
[20:01:03] [main/DEBUG] [os.ut.FileUtil/]: Reading file /sys/devices/system/cpu/cpu9/cache/index1/level
[20:01:03] [main/DEBUG] [os.ut.FileUtil/]: Reading file /sys/devices/system/cpu/cpu9/cache/index1/level
[20:01:03] [main/DEBUG] [os.ut.FileUtil/]: Reading file /sys/devices/system/cpu/cpu9/cache/index1/type
[20:01:03] [main/DEBUG] [os.ut.FileUtil/]: Reading file /sys/devices/system/cpu/cpu9/cache/index1/type
[20:01:03] [main/DEBUG] [os.ut.FileUtil/]: Reading file /sys/devices/system/cpu/cpu9/cache/index1/ways_of_associativity
[20:01:03] [main/DEBUG] [os.ut.FileUtil/]: Reading file /sys/devices/system/cpu/cpu9/cache/index1/ways_of_associativity
[20:01:03] [main/DEBUG] [os.ut.FileUtil/]: Reading file /sys/devices/system/cpu/cpu9/cache/index1/coherency_line_size
[20:01:03] [main/DEBUG] [os.ut.FileUtil/]: Reading file /sys/devices/system/cpu/cpu9/cache/index1/coherency_line_size
[20:01:03] [main/DEBUG] [os.ut.FileUtil/]: Reading file /sys/devices/system/cpu/cpu9/cache/index1/size
[20:01:03] [main/DEBUG] [os.ut.FileUtil/]: Reading file /sys/devices/system/cpu/cpu9/cache/index1/size
[20:01:03] [main/DEBUG] [os.ut.FileUtil/]: Reading file /proc/cpuinfo
[20:01:04] [main/DEBUG] [os.ut.FileUtil/]: Reading file /proc/self/auxv
[20:01:04] [main/DEBUG] [os.ut.FileUtil/]: No oshi.architecture.properties file found from ClassLoader cpw.mods.modlauncher.TransformingClassLoader@5bcde458
[20:01:04] [main/DEBUG] [os.ut.FileUtil/]: Reading file /proc/meminfo
[20:01:04] [main/DEBUG] [os.ut.FileUtil/]: Reading file /proc/meminfo
[20:01:04] [main/INFO] [MixinExtras|Service/]: Initializing MixinExtras via com.llamalad7.mixinextras.service.MixinExtrasServiceImpl(version=0.5.3).
[20:01:04] [main/DEBUG] [mixin/]: Registering new injector for @SugarWrapper with com.llamalad7.mixinextras.sugar.impl.SugarWrapperInjectionInfo
[20:01:04] [main/DEBUG] [mixin/]: Registering new injector for @FactoryRedirectWrapper with com.llamalad7.mixinextras.wrapper.factory.FactoryRedirectWrapperInjectionInfo
[20:01:04] [main/DEBUG] [mixin/]: Registering new injector for @ExpressionInjectorWrapper with com.llamalad7.mixinextras.expression.impl.wrapper.ExpressionInjectorWrapperInjectionInfo
[20:01:04] [main/DEBUG] [mixin/]: Mixing MappedRegistryAccessor from neoforge.mixins.json into net.minecraft.core.MappedRegistry
[20:01:05] [main/DEBUG] [mixin/]: Mixing BlockEntityTypeAccessor from neoforge.mixins.json into net.minecraft.world.level.block.entity.BlockEntityType
[20:01:05] [main/DEBUG] [io.ne.ut.in.PlatformDependent0/]: -Dio.netty.noUnsafe: false
[20:01:05] [main/DEBUG] [io.ne.ut.in.PlatformDependent0/]: Java version: 21
[20:01:05] [main/DEBUG] [io.ne.ut.in.PlatformDependent0/]: sun.misc.Unsafe.theUnsafe: available
[20:01:05] [main/DEBUG] [io.ne.ut.in.PlatformDependent0/]: sun.misc.Unsafe.copyMemory: available
[20:01:05] [main/DEBUG] [io.ne.ut.in.PlatformDependent0/]: sun.misc.Unsafe.storeFence: available
[20:01:05] [main/DEBUG] [io.ne.ut.in.PlatformDependent0/]: java.nio.Buffer.address: available
[20:01:05] [main/DEBUG] [io.ne.ut.in.PlatformDependent0/]: java.nio.Bits.unaligned: available, true
[20:01:05] [main/DEBUG] [io.ne.ut.in.PlatformDependent0/]: java.nio.DirectByteBuffer.<init>(long, {int,long}): unavailable
[20:01:05] [main/DEBUG] [io.ne.ut.in.PlatformDependent/]: sun.misc.Unsafe: available
[20:01:05] [main/DEBUG] [io.ne.ut.in.PlatformDependent/]: maxDirectMemory: 8204058624 bytes (maybe)
[20:01:05] [main/DEBUG] [io.ne.ut.in.PlatformDependent/]: -Dio.netty.tmpdir: /tmp (java.io.tmpdir)
[20:01:05] [main/DEBUG] [io.ne.ut.in.PlatformDependent/]: -Dio.netty.bitMode: 64 (sun.arch.data.model)
[20:01:05] [main/DEBUG] [io.ne.ut.in.PlatformDependent/]: -Dio.netty.maxDirectMemory: -1 bytes
[20:01:05] [main/DEBUG] [io.ne.ut.in.PlatformDependent/]: -Dio.netty.uninitializedArrayAllocationThreshold: -1
[20:01:05] [main/DEBUG] [io.ne.ut.in.CleanerJava9/]: java.nio.ByteBuffer.cleaner(): available
[20:01:05] [main/DEBUG] [io.ne.ut.in.PlatformDependent/]: -Dio.netty.noPreferDirect: false
[20:01:06] [main/DEBUG] [mixin/]: Mixing AccessorSmithingTransformRecipe from patchouli_xplat.mixins.json into net.minecraft.world.item.crafting.SmithingTransformRecipe
[20:01:06] [main/DEBUG] [mixin/]: Mixing AccessorSmithingTrimRecipe from patchouli_xplat.mixins.json into net.minecraft.world.item.crafting.SmithingTrimRecipe
[20:01:07] [main/DEBUG] [ne.ne.ne.re.GameData/REGISTRIES]: Creating vanilla freeze snapshot
[20:01:07] [main/DEBUG] [ne.ne.ne.re.GameData/REGISTRIES]: Vanilla freeze snapshot created
[20:01:07] [main/WARN] [minecraft/Commands]: Ambiguity between arguments [teleport, location] and [teleport, destination] with inputs: [0.1 -0.5 .9, 0 0 0]
[20:01:07] [main/WARN] [minecraft/Commands]: Ambiguity between arguments [teleport, location] and [teleport, targets] with inputs: [0.1 -0.5 .9, 0 0 0]
[20:01:07] [main/WARN] [minecraft/Commands]: Ambiguity between arguments [teleport, destination] and [teleport, targets] with inputs: [Player, 0123, @e, dd12be42-52a9-4a91-a8a1-11c01849e498]
[20:01:07] [main/WARN] [minecraft/Commands]: Ambiguity between arguments [teleport, targets] and [teleport, destination] with inputs: [Player, 0123, dd12be42-52a9-4a91-a8a1-11c01849e498]
[20:01:07] [main/WARN] [minecraft/Commands]: Ambiguity between arguments [teleport, targets, location] and [teleport, targets, destination] with inputs: [0.1 -0.5 .9, 0 0 0]
[20:01:07] [main/DEBUG] [ne.ne.fm.ModWorkManager/LOADING]: Using 16 threads for parallel mod-loading
[20:01:07] [main/DEBUG] [ne.ne.fm.ja.FMLModContainer/LOADING]: Creating FMLModContainer instance for [snownee.jade.util.CommonProxy]
[20:01:07] [main/DEBUG] [ne.ne.fm.ja.FMLModContainer/LOADING]: Creating FMLModContainer instance for [vazkii.patchouli.neoforge.common.NeoForgeModInitializer]
[20:01:07] [main/DEBUG] [ne.ne.fm.ja.FMLModContainer/LOADING]: Creating FMLModContainer instance for [com.unnamednuclear.UnnamedNuclear]
[20:01:07] [main/DEBUG] [ne.ne.fm.ja.FMLModContainer/LOADING]: Creating FMLModContainer instance for [net.neoforged.neoforge.common.NeoForgeMod]
[20:01:07] [main/DEBUG] [ne.ne.fm.ja.FMLModContainer/LOADING]: Creating FMLModContainer instance for [mezz.jei.neoforge.JustEnoughItems]
[20:01:07] [modloading-worker-0/DEBUG] [ne.ne.fm.ja.AutomaticEventSubscriber/LOADING]: Attempting to inject @EventBusSubscriber classes into the eventbus for jade
[20:01:07] [modloading-worker-0/DEBUG] [ne.ne.fm.co.ConfigTracker/CONFIG]: Config file patchouli-client.toml for patchouli tracking
[20:01:07] [modloading-worker-0/DEBUG] [ne.ne.fm.co.ConfigTracker/CONFIG]: Config file jei-server.toml for jei tracking
[20:01:07] [modloading-worker-0/DEBUG] [ne.ne.ne.in.ve.ne.NeoForgeVersion/CORE]: Found NeoForge version 21.1.233
[20:01:07] [modloading-worker-0/DEBUG] [ne.ne.ne.in.ve.ne.NeoForgeVersion/CORE]: Found FML version 4.0.42
[20:01:07] [modloading-worker-0/INFO] [ne.ne.ne.co.NeoForgeMod/NEOFORGE-MOD]: NeoForge mod loading, version 21.1.233, for MC 1.21.1
[20:01:07] [modloading-worker-0/DEBUG] [ne.ne.fm.ja.AutomaticEventSubscriber/LOADING]: Attempting to inject @EventBusSubscriber classes into the eventbus for patchouli
[20:01:07] [modloading-worker-0/DEBUG] [ne.ne.fm.ja.AutomaticEventSubscriber/LOADING]: Scanning class vazkii.patchouli.neoforge.common.NeoForgeModInitializer for @SubscribeEvent-annotated methods
[20:01:07] [modloading-worker-0/DEBUG] [ne.ne.fm.ja.AutomaticEventSubscriber/LOADING]: Attempting to inject @EventBusSubscriber classes into the eventbus for jei
[20:01:07] [modloading-worker-0/DEBUG] [ne.ne.fm.ja.AutomaticEventSubscriber/]: Subscribing @EventBusSubscriber class Lvazkii/patchouli/neoforge/common/NeoForgeModInitializer; to the mod event bus of mod patchouli
[20:01:07] [modloading-worker-0/DEBUG] [ne.ne.fm.ModContainer/]: Attempted to register an empty config for type COMMON on mod unnamednuclear
[20:01:07] [modloading-worker-0/DEBUG] [ne.ne.fm.ja.AutomaticEventSubscriber/LOADING]: Attempting to inject @EventBusSubscriber classes into the eventbus for unnamednuclear
[20:01:07] [modloading-worker-0/DEBUG] [ne.ne.fm.ja.AutomaticEventSubscriber/LOADING]: Scanning class com.unnamednuclear.simulation.SimulationEventHandler for @SubscribeEvent-annotated methods
[20:01:07] [modloading-worker-0/DEBUG] [ne.ne.fm.co.ConfigTracker/CONFIG]: Config file neoforge-client.toml for neoforge tracking
[20:01:07] [modloading-worker-0/DEBUG] [ne.ne.fm.co.ConfigTracker/CONFIG]: Config file neoforge-server.toml for neoforge tracking
[20:01:07] [modloading-worker-0/DEBUG] [ne.ne.fm.co.ConfigTracker/CONFIG]: Config file neoforge-common.toml for neoforge tracking
[20:01:07] [modloading-worker-0/DEBUG] [ne.ne.fm.ja.AutomaticEventSubscriber/]: Subscribing @EventBusSubscriber class Lcom/unnamednuclear/simulation/SimulationEventHandler; to the game event bus
[20:01:07] [modloading-worker-0/DEBUG] [ne.ne.fm.ja.AutomaticEventSubscriber/LOADING]: Attempting to inject @EventBusSubscriber classes into the eventbus for neoforge
[20:01:07] [modloading-worker-0/DEBUG] [ne.ne.fm.ja.AutomaticEventSubscriber/LOADING]: Scanning class net.neoforged.neoforge.network.NetworkInitialization for @SubscribeEvent-annotated methods
[20:01:07] [modloading-worker-0/DEBUG] [ne.ne.fm.ja.AutomaticEventSubscriber/]: Subscribing @EventBusSubscriber class Lnet/neoforged/neoforge/network/NetworkInitialization; to the mod event bus of mod neoforge
[20:01:07] [modloading-worker-0/DEBUG] [ne.ne.fm.ja.AutomaticEventSubscriber/LOADING]: Scanning class net.neoforged.neoforge.network.ConfigurationInitialization for @SubscribeEvent-annotated methods
[20:01:07] [modloading-worker-0/DEBUG] [ne.ne.fm.ja.AutomaticEventSubscriber/]: Subscribing @EventBusSubscriber class Lnet/neoforged/neoforge/network/ConfigurationInitialization; to the mod event bus of mod neoforge
[20:01:07] [modloading-worker-0/DEBUG] [ne.ne.fm.ja.AutomaticEventSubscriber/LOADING]: Scanning class net.neoforged.neoforge.network.filters.GenericPacketSplitter for @SubscribeEvent-annotated methods
[20:01:07] [modloading-worker-0/DEBUG] [io.ne.bu.AbstractByteBuf/]: -Dio.netty.buffer.checkAccessible: true
[20:01:07] [modloading-worker-0/DEBUG] [io.ne.bu.AbstractByteBuf/]: -Dio.netty.buffer.checkBounds: true
[20:01:07] [modloading-worker-0/DEBUG] [io.ne.ut.ResourceLeakDetectorFactory/]: Loaded default ResourceLeakDetector: io.netty.util.ResourceLeakDetector@725b62a6
[20:01:07] [modloading-worker-0/DEBUG] [io.ne.ut.in.InternalThreadLocalMap/]: -Dio.netty.threadLocalMap.stringBuilder.initialSize: 1024
[20:01:07] [modloading-worker-0/DEBUG] [io.ne.ut.in.InternalThreadLocalMap/]: -Dio.netty.threadLocalMap.stringBuilder.maxSize: 4096
[20:01:07] [modloading-worker-0/DEBUG] [io.ne.bu.PooledByteBufAllocator/]: -Dio.netty.allocator.numHeapArenas: 32
[20:01:07] [modloading-worker-0/DEBUG] [io.ne.bu.PooledByteBufAllocator/]: -Dio.netty.allocator.numDirectArenas: 32
[20:01:07] [modloading-worker-0/DEBUG] [io.ne.bu.PooledByteBufAllocator/]: -Dio.netty.allocator.pageSize: 8192
[20:01:07] [modloading-worker-0/DEBUG] [io.ne.bu.PooledByteBufAllocator/]: -Dio.netty.allocator.maxOrder: 9
[20:01:07] [modloading-worker-0/DEBUG] [io.ne.bu.PooledByteBufAllocator/]: -Dio.netty.allocator.chunkSize: 4194304
[20:01:07] [modloading-worker-0/DEBUG] [io.ne.bu.PooledByteBufAllocator/]: -Dio.netty.allocator.smallCacheSize: 256
[20:01:07] [modloading-worker-0/DEBUG] [io.ne.bu.PooledByteBufAllocator/]: -Dio.netty.allocator.normalCacheSize: 64
[20:01:07] [modloading-worker-0/DEBUG] [io.ne.bu.PooledByteBufAllocator/]: -Dio.netty.allocator.maxCachedBufferCapacity: 32768
[20:01:07] [modloading-worker-0/DEBUG] [io.ne.bu.PooledByteBufAllocator/]: -Dio.netty.allocator.cacheTrimInterval: 8192
[20:01:07] [modloading-worker-0/DEBUG] [io.ne.bu.PooledByteBufAllocator/]: -Dio.netty.allocator.cacheTrimIntervalMillis: 0
[20:01:07] [modloading-worker-0/DEBUG] [io.ne.bu.PooledByteBufAllocator/]: -Dio.netty.allocator.useCacheForAllThreads: false
[20:01:07] [modloading-worker-0/DEBUG] [io.ne.bu.PooledByteBufAllocator/]: -Dio.netty.allocator.maxCachedByteBuffersPerChunk: 1023
[20:01:07] [modloading-worker-0/DEBUG] [io.ne.bu.ByteBufUtil/]: -Dio.netty.allocator.type: pooled
[20:01:07] [modloading-worker-0/DEBUG] [io.ne.bu.ByteBufUtil/]: -Dio.netty.threadLocalDirectBufferSize: 0
[20:01:07] [modloading-worker-0/DEBUG] [io.ne.bu.ByteBufUtil/]: -Dio.netty.maxThreadLocalCharBufferSize: 16384
[20:01:07] [modloading-worker-0/DEBUG] [ne.ne.fm.ja.AutomaticEventSubscriber/]: Subscribing @EventBusSubscriber class Lnet/neoforged/neoforge/network/filters/GenericPacketSplitter; to the mod event bus of mod neoforge
[20:01:07] [modloading-worker-0/DEBUG] [ne.ne.fm.ja.AutomaticEventSubscriber/LOADING]: Scanning class net.neoforged.neoforge.common.MonsterRoomHooks for @SubscribeEvent-annotated methods
[20:01:07] [modloading-worker-0/DEBUG] [ne.ne.fm.ja.AutomaticEventSubscriber/]: Subscribing @EventBusSubscriber class Lnet/neoforged/neoforge/common/MonsterRoomHooks; to the game event bus
[20:01:07] [modloading-worker-0/DEBUG] [ne.ne.fm.ja.AutomaticEventSubscriber/LOADING]: Scanning class net.neoforged.neoforge.common.DeferredSpawnEggItem$CommonHandler for @SubscribeEvent-annotated methods
[20:01:07] [modloading-worker-0/DEBUG] [ne.ne.fm.ja.AutomaticEventSubscriber/]: Subscribing @EventBusSubscriber class Lnet/neoforged/neoforge/common/DeferredSpawnEggItem$CommonHandler; to the mod event bus of mod neoforge
[20:01:07] [modloading-worker-0/DEBUG] [ne.ne.fm.ja.AutomaticEventSubscriber/LOADING]: Scanning class net.neoforged.neoforge.attachment.AttachmentSync for @SubscribeEvent-annotated methods
[20:01:07] [modloading-worker-0/DEBUG] [ne.ne.fm.ja.AutomaticEventSubscriber/]: Subscribing @EventBusSubscriber class Lnet/neoforged/neoforge/attachment/AttachmentSync; to the game event bus
[20:01:07] [modloading-worker-0/DEBUG] [ne.ne.fm.ja.AutomaticEventSubscriber/LOADING]: Scanning class net.neoforged.neoforge.attachment.AttachmentInternals for @SubscribeEvent-annotated methods
[20:01:07] [modloading-worker-0/DEBUG] [ne.ne.fm.ja.AutomaticEventSubscriber/]: Subscribing @EventBusSubscriber class Lnet/neoforged/neoforge/attachment/AttachmentInternals; to the game event bus
[20:01:07] [modloading-sync-worker/DEBUG] [ne.ne.ne.re.GameData/REGISTRIES]: Unfreezing registries
[20:01:07] [modloading-sync-worker/DEBUG] [mixin/]: Mixing CanItemPerformAbilityAccess from jade.mixins.json into net.neoforged.neoforge.common.loot.CanItemPerformAbility
[20:01:07] [modloading-sync-worker/DEBUG] [mixin/]: jade.mixins.json:CanItemPerformAbilityAccess from mod jade: Class version 65 required is higher than the class version supported by the current version of Mixin (JAVA_16 supports class version 60)
[20:01:07] [modloading-sync-worker/DEBUG] [ne.ne.ne.re.GameData/REGISTRIES]: Freezing registries
[20:01:07] [modloading-sync-worker/DEBUG] [ne.ne.ne.re.GameData/REGISTRIES]: All registries frozen
[20:01:07] [modloading-sync-worker/DEBUG] [ne.ne.fm.co.ConfigTracker/CONFIG]: Loading configs type COMMON
[20:01:07] [modloading-sync-worker/DEBUG] [ne.ne.ne.co.NeoForgeConfig/FORGEMOD]: Loaded NeoForge config file neoforge-common.toml
[20:01:07] [modloading-sync-worker/DEBUG] [ne.ne.fm.co.ConfigTracker/CONFIG]: Loaded TOML config file /home/nosh/IdeaProjects/Unnamed-Nuclear/run/gameTestServer/config/neoforge-common.toml
[20:01:07] [modloading-sync-worker/DEBUG] [ne.ne.fm.co.ConfigTracker/CONFIG]: Watching TOML config file /home/nosh/IdeaProjects/Unnamed-Nuclear/run/gameTestServer/config/neoforge-common.toml for changes
[20:01:07] [modloading-worker-0/DEBUG] [patchouli/]: Instantiating xplat impl: vazkii.patchouli.neoforge.xplat.NeoForgeXplatImpl
[20:01:07] [modloading-sync-worker/DEBUG] [ne.ne.fm.DeferredWorkQueue/LOADING]: Dispatching synchronous work for work queue Common setup: 1 jobs
[20:01:07] [modloading-sync-worker/DEBUG] [ne.ne.fm.DeferredWorkQueue/LOADING]: Synchronous work queue completed in 773.8 μs
[20:01:08] [modloading-worker-0/INFO] [sn.ja.Jade/]: Start loading plugin from snownee.jade.addon.vanilla.VanillaPlugin
[20:01:08] [modloading-worker-0/INFO] [sn.ja.Jade/]: Loaded plugin from snownee.jade.addon.vanilla.VanillaPlugin in 9.846 ms
[20:01:08] [modloading-worker-0/INFO] [sn.ja.Jade/]: Start loading plugin from snownee.jade.addon.universal.UniversalPlugin
[20:01:08] [modloading-worker-0/INFO] [sn.ja.Jade/]: Loaded plugin from snownee.jade.addon.universal.UniversalPlugin in 2.073 ms
[20:01:08] [modloading-worker-0/INFO] [sn.ja.Jade/]: Start loading plugin from snownee.jade.addon.debug.DebugPlugin
[20:01:08] [modloading-worker-0/INFO] [sn.ja.Jade/]: Loaded plugin from snownee.jade.addon.debug.DebugPlugin in 6.552 μs
[20:01:08] [modloading-worker-0/INFO] [sn.ja.Jade/]: Start loading plugin from snownee.jade.addon.core.CorePlugin
[20:01:08] [modloading-worker-0/INFO] [sn.ja.Jade/]: Loaded plugin from snownee.jade.addon.core.CorePlugin in 394.6 μs
[20:01:08] [modloading-worker-0/INFO] [sn.ja.Jade/]: Start loading plugin from com.unnamednuclear.client.UnnamedNuclearJadePlugin
[20:01:08] [modloading-worker-0/INFO] [sn.ja.Jade/]: Loaded plugin from com.unnamednuclear.client.UnnamedNuclearJadePlugin in 359.0 μs
[20:01:08] [main/INFO] [mojang/YggdrasilAuthenticationService]: Environment: Environment[sessionHost=https://sessionserver.mojang.com, servicesHost=https://api.minecraftservices.com, name=PROD]
[20:01:08] [main/WARN] [minecraft/VanillaPackResourcesBuilder]: Assets URL 'union:/home/nosh/IdeaProjects/Unnamed-Nuclear/.gradle/repositories/ng_dummy_ng/net/neoforged/neoforge/21.1.233/neoforge-21.1.233.jar%23183!/assets/.mcassetsroot' uses unexpected schema
[20:01:08] [main/WARN] [minecraft/VanillaPackResourcesBuilder]: Assets URL 'union:/home/nosh/IdeaProjects/Unnamed-Nuclear/.gradle/repositories/ng_dummy_ng/net/neoforged/neoforge/21.1.233/neoforge-21.1.233.jar%23183!/data/.mcassetsroot' uses unexpected schema
[20:01:08] [main/INFO] [ne.ne.ne.ga.GameTestHooks/]: Enabled Gametest Namespaces: [unnamednuclear]
[20:01:08] [Worker-Main-3/ERROR] [minecraft/LootDataType]: Couldn't parse element ResourceKey[minecraft:root / minecraft:loot_table]:unnamednuclear:blocks/moderator - No key name in MapLike[{"type":"minecraft:item","id":"unnamednuclear:moderator"}]
[20:01:08] [Worker-Main-3/ERROR] [minecraft/LootDataType]: Couldn't parse element ResourceKey[minecraft:root / minecraft:loot_table]:unnamednuclear:blocks/centrifuge - No key name in MapLike[{"type":"minecraft:item","id":"unnamednuclear:centrifuge"}]
[20:01:08] [Worker-Main-3/ERROR] [minecraft/LootDataType]: Couldn't parse element ResourceKey[minecraft:root / minecraft:loot_table]:unnamednuclear:blocks/control_channel - No key name in MapLike[{"type":"minecraft:item","id":"unnamednuclear:control_channel"}]
[20:01:08] [Worker-Main-3/ERROR] [minecraft/LootDataType]: Couldn't parse element ResourceKey[minecraft:root / minecraft:loot_table]:unnamednuclear:blocks/fuel_channel - No key name in MapLike[{"type":"minecraft:item","id":"unnamednuclear:fuel_channel"}]
[20:01:08] [Worker-Main-3/ERROR] [minecraft/LootDataType]: Couldn't parse element ResourceKey[minecraft:root / minecraft:loot_table]:unnamednuclear:blocks/coolant_channel - No key name in MapLike[{"type":"minecraft:item","id":"unnamednuclear:coolant_channel"}]
[20:01:08] [Worker-Main-3/ERROR] [minecraft/LootDataType]: Couldn't parse element ResourceKey[minecraft:root / minecraft:loot_table]:unnamednuclear:blocks/solvent_extractor - No key name in MapLike[{"type":"minecraft:item","id":"unnamednuclear:solvent_extractor"}]
[20:01:08] [Worker-Main-3/ERROR] [minecraft/LootDataType]: Couldn't parse element ResourceKey[minecraft:root / minecraft:loot_table]:unnamednuclear:blocks/reactor_casing - No key name in MapLike[{"type":"minecraft:item","id":"unnamednuclear:reactor_casing"}]
[20:01:08] [Worker-Main-3/ERROR] [minecraft/LootDataType]: Couldn't parse element ResourceKey[minecraft:root / minecraft:loot_table]:unnamednuclear:blocks/chemical_converter - No key name in MapLike[{"type":"minecraft:item","id":"unnamednuclear:chemical_converter"}]
[20:01:08] [Worker-Main-3/ERROR] [minecraft/LootDataType]: Couldn't parse element ResourceKey[minecraft:root / minecraft:loot_table]:unnamednuclear:blocks/heat_exchanger - No key name in MapLike[{"type":"minecraft:item","id":"unnamednuclear:heat_exchanger"}]
[20:01:08] [Worker-Main-3/ERROR] [minecraft/LootDataType]: Couldn't parse element ResourceKey[minecraft:root / minecraft:loot_table]:unnamednuclear:blocks/reactor_controller - No key name in MapLike[{"type":"minecraft:item","id":"unnamednuclear:reactor_controller"}]
[20:01:08] [Worker-Main-3/ERROR] [minecraft/LootDataType]: Couldn't parse element ResourceKey[minecraft:root / minecraft:loot_table]:unnamednuclear:blocks/steam_turbine - No key name in MapLike[{"type":"minecraft:item","id":"unnamednuclear:steam_turbine"}]
[20:01:08] [main/INFO] [minecraft/RecipeManager]: Loaded 1321 recipes
[20:01:08] [main/INFO] [minecraft/AdvancementTree]: Loaded 1400 advancements
[20:01:09] [Server thread/DEBUG] [ne.ne.fm.co.ConfigTracker/CONFIG]: Loading configs type SERVER
[20:01:09] [Server thread/DEBUG] [ne.ne.fm.co.ConfigTracker/CONFIG]: Loaded TOML config file /home/nosh/IdeaProjects/Unnamed-Nuclear/run/gameTestServer/config/jei-server.toml
[20:01:09] [Server thread/DEBUG] [ne.ne.fm.co.ConfigTracker/CONFIG]: Watching TOML config file /home/nosh/IdeaProjects/Unnamed-Nuclear/run/gameTestServer/config/jei-server.toml for changes
[20:01:09] [Server thread/DEBUG] [ne.ne.ne.co.NeoForgeConfig/FORGEMOD]: Loaded NeoForge config file neoforge-server.toml
[20:01:09] [Server thread/DEBUG] [ne.ne.fm.co.ConfigTracker/CONFIG]: Loaded TOML config file /home/nosh/IdeaProjects/Unnamed-Nuclear/run/gameTestServer/config/neoforge-server.toml
[20:01:09] [Server thread/DEBUG] [ne.ne.fm.co.ConfigTracker/CONFIG]: Watching TOML config file /home/nosh/IdeaProjects/Unnamed-Nuclear/run/gameTestServer/config/neoforge-server.toml for changes
[20:01:09] [Server thread/INFO] [minecraft/MinecraftServer]: Preparing start region for dimension minecraft:overworld
[20:01:09] [worldgen/INFO] [minecraft/LoggerChunkProgressListener]: Preparing spawn area: 2%
[20:01:09] [Server thread/INFO] [minecraft/LoggerChunkProgressListener]: Time elapsed: 208 ms
[20:01:09] [Server thread/INFO] [minecraft/GameTestServer]: Started game test server
[20:01:09] [Server thread/DEBUG] [ne.ne.ne.se.LanguageHook/]: Loaded 7 language files for en_us
[20:01:09] [Server thread/INFO] [ne.ne.ne.se.pe.PermissionAPI/]: Successfully initialized permission handler neoforge:default_handler
[20:01:09] [Server thread/INFO] [patchouli/]: Sending reload packet to clients
[20:01:09] [Server thread/INFO] [minecraft/GameTestServer]: 7 tests are now running at position -6851915, -59, -11583406!
[20:01:09] [Server thread/ERROR] [minecraft/MinecraftServer]: Encountered an unexpected exception
net.minecraft.ResourceLocationException: Non [a-z0-9/._-] character in path of location: unnamednuclear:unnamednuclear:empty
	at TRANSFORMER/minecraft@1.21.1/net.minecraft.resources.ResourceLocation.assertValidPath(ResourceLocation.java:311) ~[neoforge-21.1.233.jar%23183!/:?] {re:classloading,pl:accesstransformer:B}
	at TRANSFORMER/minecraft@1.21.1/net.minecraft.resources.ResourceLocation.createUntrusted(ResourceLocation.java:58) ~[neoforge-21.1.233.jar%23183!/:?] {re:classloading,pl:accesstransformer:B}
	at TRANSFORMER/minecraft@1.21.1/net.minecraft.resources.ResourceLocation.bySeparator(ResourceLocation.java:100) ~[neoforge-21.1.233.jar%23183!/:?] {re:classloading,pl:accesstransformer:B}
	at TRANSFORMER/minecraft@1.21.1/net.minecraft.resources.ResourceLocation.parse(ResourceLocation.java:66) ~[neoforge-21.1.233.jar%23183!/:?] {re:classloading,pl:accesstransformer:B}
	at TRANSFORMER/minecraft@1.21.1/net.minecraft.gametest.framework.StructureUtils.prepareTestStructure(StructureUtils.java:107) ~[neoforge-21.1.233.jar%23183!/:?] {re:classloading}
	at TRANSFORMER/minecraft@1.21.1/net.minecraft.gametest.framework.GameTestInfo.prepareTestStructure(GameTestInfo.java:265) ~[neoforge-21.1.233.jar%23183!/:?] {re:classloading,pl:accesstransformer:B}
	at TRANSFORMER/minecraft@1.21.1/net.minecraft.gametest.framework.StructureGridSpawner.spawnStructure(StructureGridSpawner.java:48) ~[neoforge-21.1.233.jar%23183!/:?] {re:classloading}
	at TRANSFORMER/minecraft@1.21.1/net.minecraft.gametest.framework.GameTestRunner.spawn(GameTestRunner.java:163) ~[neoforge-21.1.233.jar%23183!/:?] {re:classloading}
	at java.base/java.util.stream.ReferencePipeline$3$1.accept(ReferencePipeline.java:197) ~[?:?] {}
	at java.base/java.util.AbstractList$RandomAccessSpliterator.forEachRemaining(AbstractList.java:722) ~[?:?] {}
	at java.base/java.util.stream.AbstractPipeline.copyInto(AbstractPipeline.java:509) ~[?:?] {}
	at java.base/java.util.stream.AbstractPipeline.wrapAndCopyInto(AbstractPipeline.java:499) ~[?:?] {}
	at java.base/java.util.stream.AbstractPipeline.evaluate(AbstractPipeline.java:575) ~[?:?] {}
	at java.base/java.util.stream.AbstractPipeline.evaluateToArrayNode(AbstractPipeline.java:260) ~[?:?] {}
	at java.base/java.util.stream.ReferencePipeline.toArray(ReferencePipeline.java:616) ~[?:?] {}
	at java.base/java.util.stream.ReferencePipeline.toArray(ReferencePipeline.java:622) ~[?:?] {}
	at java.base/java.util.stream.ReferencePipeline.toList(ReferencePipeline.java:627) ~[?:?] {}
	at TRANSFORMER/minecraft@1.21.1/net.minecraft.gametest.framework.GameTestRunner.createStructuresForBatch(GameTestRunner.java:158) ~[neoforge-21.1.233.jar%23183!/:?] {re:classloading}
	at TRANSFORMER/minecraft@1.21.1/net.minecraft.gametest.framework.GameTestRunner.runBatch(GameTestRunner.java:90) ~[neoforge-21.1.233.jar%23183!/:?] {re:classloading}
	at TRANSFORMER/minecraft@1.21.1/net.minecraft.gametest.framework.GameTestRunner.start(GameTestRunner.java:63) ~[neoforge-21.1.233.jar%23183!/:?] {re:classloading}
	at TRANSFORMER/minecraft@1.21.1/net.minecraft.gametest.framework.GameTestServer.startTests(GameTestServer.java:252) ~[neoforge-21.1.233.jar%23183!/:?] {re:classloading}
	at TRANSFORMER/minecraft@1.21.1/net.minecraft.gametest.framework.GameTestServer.tickServer(GameTestServer.java:174) ~[neoforge-21.1.233.jar%23183!/:?] {re:classloading}
	at TRANSFORMER/minecraft@1.21.1/net.minecraft.server.MinecraftServer.runServer(MinecraftServer.java:713) ~[neoforge-21.1.233.jar%23183!/:?] {re:classloading,pl:accesstransformer:B}
	at TRANSFORMER/minecraft@1.21.1/net.minecraft.server.MinecraftServer.lambda$spin$2(MinecraftServer.java:267) ~[neoforge-21.1.233.jar%23183!/:?] {re:classloading,pl:accesstransformer:B}
	at java.base/java.lang.Thread.run(Thread.java:1583) [?:?] {}
[20:01:09] [Server thread/DEBUG] [os.ut.FileUtil/]: Reading file /sys/devices/system/cpu/cpu0/topology/core_id
[20:01:09] [Server thread/DEBUG] [os.ut.FileUtil/]: Reading file /sys/devices/system/cpu/cpu0/topology/core_id
[20:01:09] [Server thread/DEBUG] [os.ut.FileUtil/]: Reading file /sys/devices/system/cpu/cpu0/topology/physical_package_id
[20:01:09] [Server thread/DEBUG] [os.ut.FileUtil/]: Reading file /sys/devices/system/cpu/cpu0/topology/physical_package_id
[20:01:09] [Server thread/DEBUG] [os.ut.FileUtil/]: Reading file /sys/devices/system/cpu/cpu0/cpu_capacity
[20:01:09] [Server thread/DEBUG] [os.ut.FileUtil/]: Reading file /sys/devices/system/cpu/cpu0/cpu_capacity
[20:01:09] [Server thread/DEBUG] [os.ut.FileUtil/]: Reading file /sys/devices/system/cpu/cpu0/cache/index2/level
[20:01:09] [Server thread/DEBUG] [os.ut.FileUtil/]: Reading file /sys/devices/system/cpu/cpu0/cache/index2/level
[20:01:09] [Server thread/DEBUG] [os.ut.FileUtil/]: Reading file /sys/devices/system/cpu/cpu0/cache/index2/type
[20:01:09] [Server thread/DEBUG] [os.ut.FileUtil/]: Reading file /sys/devices/system/cpu/cpu0/cache/index2/type
[20:01:09] [Server thread/DEBUG] [os.ut.FileUtil/]: Reading file /sys/devices/system/cpu/cpu0/cache/index2/ways_of_associativity
[20:01:09] [Server thread/DEBUG] [os.ut.FileUtil/]: Reading file /sys/devices/system/cpu/cpu0/cache/index2/ways_of_associativity
[20:01:09] [Server thread/DEBUG] [os.ut.FileUtil/]: Reading file /sys/devices/system/cpu/cpu0/cache/index2/coherency_line_size
[20:01:09] [Server thread/DEBUG] [os.ut.FileUtil/]: Reading file /sys/devices/system/cpu/cpu0/cache/index2/coherency_line_size
[20:01:09] [Server thread/DEBUG] [os.ut.FileUtil/]: Reading file /sys/devices/system/cpu/cpu0/cache/index2/size
[20:01:09] [Server thread/DEBUG] [os.ut.FileUtil/]: Reading file /sys/devices/system/cpu/cpu0/cache/index2/size
[20:01:09] [Server thread/DEBUG] [os.ut.FileUtil/]: Reading file /sys/devices/system/cpu/cpu0/cache/index0/level
[20:01:09] [Server thread/DEBUG] [os.ut.FileUtil/]: Reading file /sys/devices/system/cpu/cpu0/cache/index0/level
[20:01:09] [Server thread/DEBUG] [os.ut.FileUtil/]: Reading file /sys/devices/system/cpu/cpu0/cache/index0/type
[20:01:09] [Server thread/DEBUG] [os.ut.FileUtil/]: Reading file /sys/devices/system/cpu/cpu0/cache/index0/type
[20:01:09] [Server thread/DEBUG] [os.ut.FileUtil/]: Reading file /sys/devices/system/cpu/cpu0/cache/index0/ways_of_associativity
[20:01:09] [Server thread/DEBUG] [os.ut.FileUtil/]: Reading file /sys/devices/system/cpu/cpu0/cache/index0/ways_of_associativity
[20:01:09] [Server thread/DEBUG] [os.ut.FileUtil/]: Reading file /sys/devices/system/cpu/cpu0/cache/index0/coherency_line_size
[20:01:09] [Server thread/DEBUG] [os.ut.FileUtil/]: Reading file /sys/devices/system/cpu/cpu0/cache/index0/coherency_line_size
[20:01:09] [Server thread/DEBUG] [os.ut.FileUtil/]: Reading file /sys/devices/system/cpu/cpu0/cache/index0/size
[20:01:09] [Server thread/DEBUG] [os.ut.FileUtil/]: Reading file /sys/devices/system/cpu/cpu0/cache/index0/size
[20:01:09] [Server thread/DEBUG] [os.ut.FileUtil/]: Reading file /sys/devices/system/cpu/cpu0/cache/index3/level
[20:01:09] [Server thread/DEBUG] [os.ut.FileUtil/]: Reading file /sys/devices/system/cpu/cpu0/cache/index3/level
[20:01:09] [Server thread/DEBUG] [os.ut.FileUtil/]: Reading file /sys/devices/system/cpu/cpu0/cache/index3/type
[20:01:09] [Server thread/DEBUG] [os.ut.FileUtil/]: Reading file /sys/devices/system/cpu/cpu0/cache/index3/type
[20:01:09] [Server thread/DEBUG] [os.ut.FileUtil/]: Reading file /sys/devices/system/cpu/cpu0/cache/index3/ways_of_associativity
[20:01:09] [Server thread/DEBUG] [os.ut.FileUtil/]: Reading file /sys/devices/system/cpu/cpu0/cache/index3/ways_of_associativity
[20:01:09] [Server thread/DEBUG] [os.ut.FileUtil/]: Reading file /sys/devices/system/cpu/cpu0/cache/index3/coherency_line_size
[20:01:09] [Server thread/DEBUG] [os.ut.FileUtil/]: Reading file /sys/devices/system/cpu/cpu0/cache/index3/coherency_line_size
[20:01:09] [Server thread/DEBUG] [os.ut.FileUtil/]: Reading file /sys/devices/system/cpu/cpu0/cache/index3/size
[20:01:09] [Server thread/DEBUG] [os.ut.FileUtil/]: Reading file /sys/devices/system/cpu/cpu0/cache/index3/size
[20:01:09] [Server thread/DEBUG] [os.ut.FileUtil/]: Reading file /sys/devices/system/cpu/cpu0/cache/index1/level
[20:01:09] [Server thread/DEBUG] [os.ut.FileUtil/]: Reading file /sys/devices/system/cpu/cpu0/cache/index1/level
[20:01:09] [Server thread/DEBUG] [os.ut.FileUtil/]: Reading file /sys/devices/system/cpu/cpu0/cache/index1/type
[20:01:09] [Server thread/DEBUG] [os.ut.FileUtil/]: Reading file /sys/devices/system/cpu/cpu0/cache/index1/type
[20:01:09] [Server thread/DEBUG] [os.ut.FileUtil/]: Reading file /sys/devices/system/cpu/cpu0/cache/index1/ways_of_associativity
[20:01:09] [Server thread/DEBUG] [os.ut.FileUtil/]: Reading file /sys/devices/system/cpu/cpu0/cache/index1/ways_of_associativity
[20:01:09] [Server thread/DEBUG] [os.ut.FileUtil/]: Reading file /sys/devices/system/cpu/cpu0/cache/index1/coherency_line_size
[20:01:09] [Server thread/DEBUG] [os.ut.FileUtil/]: Reading file /sys/devices/system/cpu/cpu0/cache/index1/coherency_line_size
[20:01:09] [Server thread/DEBUG] [os.ut.FileUtil/]: Reading file /sys/devices/system/cpu/cpu0/cache/index1/size
[20:01:09] [Server thread/DEBUG] [os.ut.FileUtil/]: Reading file /sys/devices/system/cpu/cpu0/cache/index1/size
[20:01:09] [Server thread/DEBUG] [os.ut.FileUtil/]: Reading file /sys/devices/system/cpu/cpu1/topology/core_id
[20:01:09] [Server thread/DEBUG] [os.ut.FileUtil/]: Reading file /sys/devices/system/cpu/cpu1/topology/core_id
[20:01:09] [Server thread/DEBUG] [os.ut.FileUtil/]: Reading file /sys/devices/system/cpu/cpu1/topology/physical_package_id
[20:01:09] [Server thread/DEBUG] [os.ut.FileUtil/]: Reading file /sys/devices/system/cpu/cpu1/topology/physical_package_id
[20:01:09] [Server thread/DEBUG] [os.ut.FileUtil/]: Reading file /sys/devices/system/cpu/cpu1/cpu_capacity
[20:01:09] [Server thread/DEBUG] [os.ut.FileUtil/]: Reading file /sys/devices/system/cpu/cpu1/cpu_capacity
[20:01:09] [Server thread/DEBUG] [os.ut.FileUtil/]: Reading file /sys/devices/system/cpu/cpu1/cache/index2/level
[20:01:09] [Server thread/DEBUG] [os.ut.FileUtil/]: Reading file /sys/devices/system/cpu/cpu1/cache/index2/level
[20:01:09] [Server thread/DEBUG] [os.ut.FileUtil/]: Reading file /sys/devices/system/cpu/cpu1/cache/index2/type
[20:01:09] [Server thread/DEBUG] [os.ut.FileUtil/]: Reading file /sys/devices/system/cpu/cpu1/cache/index2/type
[20:01:09] [Server thread/DEBUG] [os.ut.FileUtil/]: Reading file /sys/devices/system/cpu/cpu1/cache/index2/ways_of_associativity
[20:01:09] [Server thread/DEBUG] [os.ut.FileUtil/]: Reading file /sys/devices/system/cpu/cpu1/cache/index2/ways_of_associativity
[20:01:09] [Server thread/DEBUG] [os.ut.FileUtil/]: Reading file /sys/devices/system/cpu/cpu1/cache/index2/coherency_line_size
[20:01:09] [Server thread/DEBUG] [os.ut.FileUtil/]: Reading file /sys/devices/system/cpu/cpu1/cache/index2/coherency_line_size
[20:01:09] [Server thread/DEBUG] [os.ut.FileUtil/]: Reading file /sys/devices/system/cpu/cpu1/cache/index2/size
[20:01:09] [Server thread/DEBUG] [os.ut.FileUtil/]: Reading file /sys/devices/system/cpu/cpu1/cache/index2/size
[20:01:09] [Server thread/DEBUG] [os.ut.FileUtil/]: Reading file /sys/devices/system/cpu/cpu1/cache/index0/level
[20:01:09] [Server thread/DEBUG] [os.ut.FileUtil/]: Reading file /sys/devices/system/cpu/cpu1/cache/index0/level
[20:01:09] [Server thread/DEBUG] [os.ut.FileUtil/]: Reading file /sys/devices/system/cpu/cpu1/cache/index0/type
[20:01:09] [Server thread/DEBUG] [os.ut.FileUtil/]: Reading file /sys/devices/system/cpu/cpu1/cache/index0/type
[20:01:09] [Server thread/DEBUG] [os.ut.FileUtil/]: Reading file /sys/devices/system/cpu/cpu1/cache/index0/ways_of_associativity
[20:01:09] [Server thread/DEBUG] [os.ut.FileUtil/]: Reading file /sys/devices/system/cpu/cpu1/cache/index0/ways_of_associativity
[20:01:09] [Server thread/DEBUG] [os.ut.FileUtil/]: Reading file /sys/devices/system/cpu/cpu1/cache/index0/coherency_line_size
[20:01:09] [Server thread/DEBUG] [os.ut.FileUtil/]: Reading file /sys/devices/system/cpu/cpu1/cache/index0/coherency_line_size
[20:01:09] [Server thread/DEBUG] [os.ut.FileUtil/]: Reading file /sys/devices/system/cpu/cpu1/cache/index0/size
[20:01:09] [Server thread/DEBUG] [os.ut.FileUtil/]: Reading file /sys/devices/system/cpu/cpu1/cache/index0/size
[20:01:09] [Server thread/DEBUG] [os.ut.FileUtil/]: Reading file /sys/devices/system/cpu/cpu1/cache/index3/level
[20:01:09] [Server thread/DEBUG] [os.ut.FileUtil/]: Reading file /sys/devices/system/cpu/cpu1/cache/index3/level
[20:01:09] [Server thread/DEBUG] [os.ut.FileUtil/]: Reading file /sys/devices/system/cpu/cpu1/cache/index3/type
[20:01:09] [Server thread/DEBUG] [os.ut.FileUtil/]: Reading file /sys/devices/system/cpu/cpu1/cache/index3/type
[20:01:09] [Server thread/DEBUG] [os.ut.FileUtil/]: Reading file /sys/devices/system/cpu/cpu1/cache/index3/ways_of_associativity
[20:01:09] [Server thread/DEBUG] [os.ut.FileUtil/]: Reading file /sys/devices/system/cpu/cpu1/cache/index3/ways_of_associativity
[20:01:09] [Server thread/DEBUG] [os.ut.FileUtil/]: Reading file /sys/devices/system/cpu/cpu1/cache/index3/coherency_line_size
[20:01:09] [Server thread/DEBUG] [os.ut.FileUtil/]: Reading file /sys/devices/system/cpu/cpu1/cache/index3/coherency_line_size
[20:01:09] [Server thread/DEBUG] [os.ut.FileUtil/]: Reading file /sys/devices/system/cpu/cpu1/cache/index3/size
[20:01:09] [Server thread/DEBUG] [os.ut.FileUtil/]: Reading file /sys/devices/system/cpu/cpu1/cache/index3/size
[20:01:09] [Server thread/DEBUG] [os.ut.FileUtil/]: Reading file /sys/devices/system/cpu/cpu1/cache/index1/level
[20:01:09] [Server thread/DEBUG] [os.ut.FileUtil/]: Reading file /sys/devices/system/cpu/cpu1/cache/index1/level
[20:01:09] [Server thread/DEBUG] [os.ut.FileUtil/]: Reading file /sys/devices/system/cpu/cpu1/cache/index1/type
[20:01:09] [Server thread/DEBUG] [os.ut.FileUtil/]: Reading file /sys/devices/system/cpu/cpu1/cache/index1/type
[20:01:09] [Server thread/DEBUG] [os.ut.FileUtil/]: Reading file /sys/devices/system/cpu/cpu1/cache/index1/ways_of_associativity
[20:01:09] [Server thread/DEBUG] [os.ut.FileUtil/]: Reading file /sys/devices/system/cpu/cpu1/cache/index1/ways_of_associativity
[20:01:09] [Server thread/DEBUG] [os.ut.FileUtil/]: Reading file /sys/devices/system/cpu/cpu1/cache/index1/coherency_line_size
[20:01:09] [Server thread/DEBUG] [os.ut.FileUtil/]: Reading file /sys/devices/system/cpu/cpu1/cache/index1/coherency_line_size
[20:01:09] [Server thread/DEBUG] [os.ut.FileUtil/]: Reading file /sys/devices/system/cpu/cpu1/cache/index1/size
[20:01:09] [Server thread/DEBUG] [os.ut.FileUtil/]: Reading file /sys/devices/system/cpu/cpu1/cache/index1/size
[20:01:09] [Server thread/DEBUG] [os.ut.FileUtil/]: Reading file /sys/devices/system/cpu/cpu10/topology/core_id
[20:01:09] [Server thread/DEBUG] [os.ut.FileUtil/]: Reading file /sys/devices/system/cpu/cpu10/topology/core_id
[20:01:09] [Server thread/DEBUG] [os.ut.FileUtil/]: Reading file /sys/devices/system/cpu/cpu10/topology/physical_package_id
[20:01:09] [Server thread/DEBUG] [os.ut.FileUtil/]: Reading file /sys/devices/system/cpu/cpu10/topology/physical_package_id
[20:01:09] [Server thread/DEBUG] [os.ut.FileUtil/]: Reading file /sys/devices/system/cpu/cpu10/cpu_capacity
[20:01:09] [Server thread/DEBUG] [os.ut.FileUtil/]: Reading file /sys/devices/system/cpu/cpu10/cpu_capacity
[20:01:09] [Server thread/DEBUG] [os.ut.FileUtil/]: Reading file /sys/devices/system/cpu/cpu10/cache/index2/level
[20:01:09] [Server thread/DEBUG] [os.ut.FileUtil/]: Reading file /sys/devices/system/cpu/cpu10/cache/index2/level
[20:01:09] [Server thread/DEBUG] [os.ut.FileUtil/]: Reading file /sys/devices/system/cpu/cpu10/cache/index2/type
[20:01:09] [Server thread/DEBUG] [os.ut.FileUtil/]: Reading file /sys/devices/system/cpu/cpu10/cache/index2/type
[20:01:09] [Server thread/DEBUG] [os.ut.FileUtil/]: Reading file /sys/devices/system/cpu/cpu10/cache/index2/ways_of_associativity
[20:01:09] [Server thread/DEBUG] [os.ut.FileUtil/]: Reading file /sys/devices/system/cpu/cpu10/cache/index2/ways_of_associativity
[20:01:09] [Server thread/DEBUG] [os.ut.FileUtil/]: Reading file /sys/devices/system/cpu/cpu10/cache/index2/coherency_line_size
[20:01:09] [Server thread/DEBUG] [os.ut.FileUtil/]: Reading file /sys/devices/system/cpu/cpu10/cache/index2/coherency_line_size
[20:01:09] [Server thread/DEBUG] [os.ut.FileUtil/]: Reading file /sys/devices/system/cpu/cpu10/cache/index2/size
[20:01:09] [Server thread/DEBUG] [os.ut.FileUtil/]: Reading file /sys/devices/system/cpu/cpu10/cache/index2/size
[20:01:09] [Server thread/DEBUG] [os.ut.FileUtil/]: Reading file /sys/devices/system/cpu/cpu10/cache/index0/level
[20:01:09] [Server thread/DEBUG] [os.ut.FileUtil/]: Reading file /sys/devices/system/cpu/cpu10/cache/index0/level
[20:01:09] [Server thread/DEBUG] [os.ut.FileUtil/]: Reading file /sys/devices/system/cpu/cpu10/cache/index0/type
[20:01:09] [Server thread/DEBUG] [os.ut.FileUtil/]: Reading file /sys/devices/system/cpu/cpu10/cache/index0/type
[20:01:09] [Server thread/DEBUG] [os.ut.FileUtil/]: Reading file /sys/devices/system/cpu/cpu10/cache/index0/ways_of_associativity
[20:01:09] [Server thread/DEBUG] [os.ut.FileUtil/]: Reading file /sys/devices/system/cpu/cpu10/cache/index0/ways_of_associativity
[20:01:09] [Server thread/DEBUG] [os.ut.FileUtil/]: Reading file /sys/devices/system/cpu/cpu10/cache/index0/coherency_line_size
[20:01:09] [Server thread/DEBUG] [os.ut.FileUtil/]: Reading file /sys/devices/system/cpu/cpu10/cache/index0/coherency_line_size
[20:01:09] [Server thread/DEBUG] [os.ut.FileUtil/]: Reading file /sys/devices/system/cpu/cpu10/cache/index0/size
[20:01:09] [Server thread/DEBUG] [os.ut.FileUtil/]: Reading file /sys/devices/system/cpu/cpu10/cache/index0/size
[20:01:09] [Server thread/DEBUG] [os.ut.FileUtil/]: Reading file /sys/devices/system/cpu/cpu10/cache/index3/level
[20:01:09] [Server thread/DEBUG] [os.ut.FileUtil/]: Reading file /sys/devices/system/cpu/cpu10/cache/index3/level
[20:01:09] [Server thread/DEBUG] [os.ut.FileUtil/]: Reading file /sys/devices/system/cpu/cpu10/cache/index3/type
[20:01:09] [Server thread/DEBUG] [os.ut.FileUtil/]: Reading file /sys/devices/system/cpu/cpu10/cache/index3/type
[20:01:09] [Server thread/DEBUG] [os.ut.FileUtil/]: Reading file /sys/devices/system/cpu/cpu10/cache/index3/ways_of_associativity
[20:01:09] [Server thread/DEBUG] [os.ut.FileUtil/]: Reading file /sys/devices/system/cpu/cpu10/cache/index3/ways_of_associativity
[20:01:09] [Server thread/DEBUG] [os.ut.FileUtil/]: Reading file /sys/devices/system/cpu/cpu10/cache/index3/coherency_line_size
[20:01:09] [Server thread/DEBUG] [os.ut.FileUtil/]: Reading file /sys/devices/system/cpu/cpu10/cache/index3/coherency_line_size
[20:01:09] [Server thread/DEBUG] [os.ut.FileUtil/]: Reading file /sys/devices/system/cpu/cpu10/cache/index3/size
[20:01:09] [Server thread/DEBUG] [os.ut.FileUtil/]: Reading file /sys/devices/system/cpu/cpu10/cache/index3/size
[20:01:09] [Server thread/DEBUG] [os.ut.FileUtil/]: Reading file /sys/devices/system/cpu/cpu10/cache/index1/level
[20:01:09] [Server thread/DEBUG] [os.ut.FileUtil/]: Reading file /sys/devices/system/cpu/cpu10/cache/index1/level
[20:01:09] [Server thread/DEBUG] [os.ut.FileUtil/]: Reading file /sys/devices/system/cpu/cpu10/cache/index1/type
[20:01:09] [Server thread/DEBUG] [os.ut.FileUtil/]: Reading file /sys/devices/system/cpu/cpu10/cache/index1/type
[20:01:09] [Server thread/DEBUG] [os.ut.FileUtil/]: Reading file /sys/devices/system/cpu/cpu10/cache/index1/ways_of_associativity
[20:01:09] [Server thread/DEBUG] [os.ut.FileUtil/]: Reading file /sys/devices/system/cpu/cpu10/cache/index1/ways_of_associativity
[20:01:09] [Server thread/DEBUG] [os.ut.FileUtil/]: Reading file /sys/devices/system/cpu/cpu10/cache/index1/coherency_line_size
[20:01:09] [Server thread/DEBUG] [os.ut.FileUtil/]: Reading file /sys/devices/system/cpu/cpu10/cache/index1/coherency_line_size
[20:01:09] [Server thread/DEBUG] [os.ut.FileUtil/]: Reading file /sys/devices/system/cpu/cpu10/cache/index1/size
[20:01:09] [Server thread/DEBUG] [os.ut.FileUtil/]: Reading file /sys/devices/system/cpu/cpu10/cache/index1/size
[20:01:09] [Server thread/DEBUG] [os.ut.FileUtil/]: Reading file /sys/devices/system/cpu/cpu11/topology/core_id
[20:01:09] [Server thread/DEBUG] [os.ut.FileUtil/]: Reading file /sys/devices/system/cpu/cpu11/topology/core_id
[20:01:09] [Server thread/DEBUG] [os.ut.FileUtil/]: Reading file /sys/devices/system/cpu/cpu11/topology/physical_package_id
[20:01:09] [Server thread/DEBUG] [os.ut.FileUtil/]: Reading file /sys/devices/system/cpu/cpu11/topology/physical_package_id
[20:01:09] [Server thread/DEBUG] [os.ut.FileUtil/]: Reading file /sys/devices/system/cpu/cpu11/cpu_capacity
[20:01:09] [Server thread/DEBUG] [os.ut.FileUtil/]: Reading file /sys/devices/system/cpu/cpu11/cpu_capacity
[20:01:09] [Server thread/DEBUG] [os.ut.FileUtil/]: Reading file /sys/devices/system/cpu/cpu11/cache/index2/level
[20:01:09] [Server thread/DEBUG] [os.ut.FileUtil/]: Reading file /sys/devices/system/cpu/cpu11/cache/index2/level
[20:01:09] [Server thread/DEBUG] [os.ut.FileUtil/]: Reading file /sys/devices/system/cpu/cpu11/cache/index2/type
[20:01:09] [Server thread/DEBUG] [os.ut.FileUtil/]: Reading file /sys/devices/system/cpu/cpu11/cache/index2/type
[20:01:09] [Server thread/DEBUG] [os.ut.FileUtil/]: Reading file /sys/devices/system/cpu/cpu11/cache/index2/ways_of_associativity
[20:01:09] [Server thread/DEBUG] [os.ut.FileUtil/]: Reading file /sys/devices/system/cpu/cpu11/cache/index2/ways_of_associativity
[20:01:09] [Server thread/DEBUG] [os.ut.FileUtil/]: Reading file /sys/devices/system/cpu/cpu11/cache/index2/coherency_line_size
[20:01:09] [Server thread/DEBUG] [os.ut.FileUtil/]: Reading file /sys/devices/system/cpu/cpu11/cache/index2/coherency_line_size
[20:01:09] [Server thread/DEBUG] [os.ut.FileUtil/]: Reading file /sys/devices/system/cpu/cpu11/cache/index2/size
[20:01:09] [Server thread/DEBUG] [os.ut.FileUtil/]: Reading file /sys/devices/system/cpu/cpu11/cache/index2/size
[20:01:09] [Server thread/DEBUG] [os.ut.FileUtil/]: Reading file /sys/devices/system/cpu/cpu11/cache/index0/level
[20:01:09] [Server thread/DEBUG] [os.ut.FileUtil/]: Reading file /sys/devices/system/cpu/cpu11/cache/index0/level
[20:01:09] [Server thread/DEBUG] [os.ut.FileUtil/]: Reading file /sys/devices/system/cpu/cpu11/cache/index0/type
[20:01:09] [Server thread/DEBUG] [os.ut.FileUtil/]: Reading file /sys/devices/system/cpu/cpu11/cache/index0/type
[20:01:09] [Server thread/DEBUG] [os.ut.FileUtil/]: Reading file /sys/devices/system/cpu/cpu11/cache/index0/ways_of_associativity
[20:01:09] [Server thread/DEBUG] [os.ut.FileUtil/]: Reading file /sys/devices/system/cpu/cpu11/cache/index0/ways_of_associativity
[20:01:09] [Server thread/DEBUG] [os.ut.FileUtil/]: Reading file /sys/devices/system/cpu/cpu11/cache/index0/coherency_line_size
[20:01:09] [Server thread/DEBUG] [os.ut.FileUtil/]: Reading file /sys/devices/system/cpu/cpu11/cache/index0/coherency_line_size
[20:01:09] [Server thread/DEBUG] [os.ut.FileUtil/]: Reading file /sys/devices/system/cpu/cpu11/cache/index0/size
[20:01:09] [Server thread/DEBUG] [os.ut.FileUtil/]: Reading file /sys/devices/system/cpu/cpu11/cache/index0/size
[20:01:09] [Server thread/DEBUG] [os.ut.FileUtil/]: Reading file /sys/devices/system/cpu/cpu11/cache/index3/level
[20:01:09] [Server thread/DEBUG] [os.ut.FileUtil/]: Reading file /sys/devices/system/cpu/cpu11/cache/index3/level
[20:01:09] [Server thread/DEBUG] [os.ut.FileUtil/]: Reading file /sys/devices/system/cpu/cpu11/cache/index3/type
[20:01:09] [Server thread/DEBUG] [os.ut.FileUtil/]: Reading file /sys/devices/system/cpu/cpu11/cache/index3/type
[20:01:09] [Server thread/DEBUG] [os.ut.FileUtil/]: Reading file /sys/devices/system/cpu/cpu11/cache/index3/ways_of_associativity
[20:01:09] [Server thread/DEBUG] [os.ut.FileUtil/]: Reading file /sys/devices/system/cpu/cpu11/cache/index3/ways_of_associativity
[20:01:09] [Server thread/DEBUG] [os.ut.FileUtil/]: Reading file /sys/devices/system/cpu/cpu11/cache/index3/coherency_line_size
[20:01:09] [Server thread/DEBUG] [os.ut.FileUtil/]: Reading file /sys/devices/system/cpu/cpu11/cache/index3/coherency_line_size
[20:01:09] [Server thread/DEBUG] [os.ut.FileUtil/]: Reading file /sys/devices/system/cpu/cpu11/cache/index3/size
[20:01:09] [Server thread/DEBUG] [os.ut.FileUtil/]: Reading file /sys/devices/system/cpu/cpu11/cache/index3/size
[20:01:09] [Server thread/DEBUG] [os.ut.FileUtil/]: Reading file /sys/devices/system/cpu/cpu11/cache/index1/level
[20:01:09] [Server thread/DEBUG] [os.ut.FileUtil/]: Reading file /sys/devices/system/cpu/cpu11/cache/index1/level
[20:01:09] [Server thread/DEBUG] [os.ut.FileUtil/]: Reading file /sys/devices/system/cpu/cpu11/cache/index1/type
[20:01:09] [Server thread/DEBUG] [os.ut.FileUtil/]: Reading file /sys/devices/system/cpu/cpu11/cache/index1/type
[20:01:09] [Server thread/DEBUG] [os.ut.FileUtil/]: Reading file /sys/devices/system/cpu/cpu11/cache/index1/ways_of_associativity
[20:01:09] [Server thread/DEBUG] [os.ut.FileUtil/]: Reading file /sys/devices/system/cpu/cpu11/cache/index1/ways_of_associativity
[20:01:09] [Server thread/DEBUG] [os.ut.FileUtil/]: Reading file /sys/devices/system/cpu/cpu11/cache/index1/coherency_line_size
[20:01:09] [Server thread/DEBUG] [os.ut.FileUtil/]: Reading file /sys/devices/system/cpu/cpu11/cache/index1/coherency_line_size
[20:01:09] [Server thread/DEBUG] [os.ut.FileUtil/]: Reading file /sys/devices/system/cpu/cpu11/cache/index1/size
[20:01:09] [Server thread/DEBUG] [os.ut.FileUtil/]: Reading file /sys/devices/system/cpu/cpu11/cache/index1/size
[20:01:09] [Server thread/DEBUG] [os.ut.FileUtil/]: Reading file /sys/devices/system/cpu/cpu12/topology/core_id
[20:01:09] [Server thread/DEBUG] [os.ut.FileUtil/]: Reading file /sys/devices/system/cpu/cpu12/topology/core_id
[20:01:09] [Server thread/DEBUG] [os.ut.FileUtil/]: Reading file /sys/devices/system/cpu/cpu12/topology/physical_package_id
[20:01:09] [Server thread/DEBUG] [os.ut.FileUtil/]: Reading file /sys/devices/system/cpu/cpu12/topology/physical_package_id
[20:01:09] [Server thread/DEBUG] [os.ut.FileUtil/]: Reading file /sys/devices/system/cpu/cpu12/cpu_capacity
[20:01:09] [Server thread/DEBUG] [os.ut.FileUtil/]: Reading file /sys/devices/system/cpu/cpu12/cpu_capacity
[20:01:09] [Server thread/DEBUG] [os.ut.FileUtil/]: Reading file /sys/devices/system/cpu/cpu12/cache/index2/level
[20:01:09] [Server thread/DEBUG] [os.ut.FileUtil/]: Reading file /sys/devices/system/cpu/cpu12/cache/index2/level
[20:01:09] [Server thread/DEBUG] [os.ut.FileUtil/]: Reading file /sys/devices/system/cpu/cpu12/cache/index2/type
[20:01:09] [Server thread/DEBUG] [os.ut.FileUtil/]: Reading file /sys/devices/system/cpu/cpu12/cache/index2/type
[20:01:09] [Server thread/DEBUG] [os.ut.FileUtil/]: Reading file /sys/devices/system/cpu/cpu12/cache/index2/ways_of_associativity
[20:01:09] [Server thread/DEBUG] [os.ut.FileUtil/]: Reading file /sys/devices/system/cpu/cpu12/cache/index2/ways_of_associativity
[20:01:09] [Server thread/DEBUG] [os.ut.FileUtil/]: Reading file /sys/devices/system/cpu/cpu12/cache/index2/coherency_line_size
[20:01:09] [Server thread/DEBUG] [os.ut.FileUtil/]: Reading file /sys/devices/system/cpu/cpu12/cache/index2/coherency_line_size
[20:01:09] [Server thread/DEBUG] [os.ut.FileUtil/]: Reading file /sys/devices/system/cpu/cpu12/cache/index2/size
[20:01:09] [Server thread/DEBUG] [os.ut.FileUtil/]: Reading file /sys/devices/system/cpu/cpu12/cache/index2/size
[20:01:09] [Server thread/DEBUG] [os.ut.FileUtil/]: Reading file /sys/devices/system/cpu/cpu12/cache/index0/level
[20:01:09] [Server thread/DEBUG] [os.ut.FileUtil/]: Reading file /sys/devices/system/cpu/cpu12/cache/index0/level
[20:01:09] [Server thread/DEBUG] [os.ut.FileUtil/]: Reading file /sys/devices/system/cpu/cpu12/cache/index0/type
[20:01:09] [Server thread/DEBUG] [os.ut.FileUtil/]: Reading file /sys/devices/system/cpu/cpu12/cache/index0/type
[20:01:09] [Server thread/DEBUG] [os.ut.FileUtil/]: Reading file /sys/devices/system/cpu/cpu12/cache/index0/ways_of_associativity
[20:01:09] [Server thread/DEBUG] [os.ut.FileUtil/]: Reading file /sys/devices/system/cpu/cpu12/cache/index0/ways_of_associativity
[20:01:09] [Server thread/DEBUG] [os.ut.FileUtil/]: Reading file /sys/devices/system/cpu/cpu12/cache/index0/coherency_line_size
[20:01:09] [Server thread/DEBUG] [os.ut.FileUtil/]: Reading file /sys/devices/system/cpu/cpu12/cache/index0/coherency_line_size
[20:01:09] [Server thread/DEBUG] [os.ut.FileUtil/]: Reading file /sys/devices/system/cpu/cpu12/cache/index0/size
[20:01:09] [Server thread/DEBUG] [os.ut.FileUtil/]: Reading file /sys/devices/system/cpu/cpu12/cache/index0/size
[20:01:09] [Server thread/DEBUG] [os.ut.FileUtil/]: Reading file /sys/devices/system/cpu/cpu12/cache/index3/level
[20:01:09] [Server thread/DEBUG] [os.ut.FileUtil/]: Reading file /sys/devices/system/cpu/cpu12/cache/index3/level
[20:01:09] [Server thread/DEBUG] [os.ut.FileUtil/]: Reading file /sys/devices/system/cpu/cpu12/cache/index3/type
[20:01:09] [Server thread/DEBUG] [os.ut.FileUtil/]: Reading file /sys/devices/system/cpu/cpu12/cache/index3/type
[20:01:09] [Server thread/DEBUG] [os.ut.FileUtil/]: Reading file /sys/devices/system/cpu/cpu12/cache/index3/ways_of_associativity
[20:01:09] [Server thread/DEBUG] [os.ut.FileUtil/]: Reading file /sys/devices/system/cpu/cpu12/cache/index3/ways_of_associativity
[20:01:09] [Server thread/DEBUG] [os.ut.FileUtil/]: Reading file /sys/devices/system/cpu/cpu12/cache/index3/coherency_line_size
[20:01:09] [Server thread/DEBUG] [os.ut.FileUtil/]: Reading file /sys/devices/system/cpu/cpu12/cache/index3/coherency_line_size
[20:01:09] [Server thread/DEBUG] [os.ut.FileUtil/]: Reading file /sys/devices/system/cpu/cpu12/cache/index3/size
[20:01:09] [Server thread/DEBUG] [os.ut.FileUtil/]: Reading file /sys/devices/system/cpu/cpu12/cache/index3/size
[20:01:09] [Server thread/DEBUG] [os.ut.FileUtil/]: Reading file /sys/devices/system/cpu/cpu12/cache/index1/level
[20:01:09] [Server thread/DEBUG] [os.ut.FileUtil/]: Reading file /sys/devices/system/cpu/cpu12/cache/index1/level
[20:01:09] [Server thread/DEBUG] [os.ut.FileUtil/]: Reading file /sys/devices/system/cpu/cpu12/cache/index1/type
[20:01:09] [Server thread/DEBUG] [os.ut.FileUtil/]: Reading file /sys/devices/system/cpu/cpu12/cache/index1/type
[20:01:09] [Server thread/DEBUG] [os.ut.FileUtil/]: Reading file /sys/devices/system/cpu/cpu12/cache/index1/ways_of_associativity
[20:01:09] [Server thread/DEBUG] [os.ut.FileUtil/]: Reading file /sys/devices/system/cpu/cpu12/cache/index1/ways_of_associativity
[20:01:09] [Server thread/DEBUG] [os.ut.FileUtil/]: Reading file /sys/devices/system/cpu/cpu12/cache/index1/coherency_line_size
[20:01:09] [Server thread/DEBUG] [os.ut.FileUtil/]: Reading file /sys/devices/system/cpu/cpu12/cache/index1/coherency_line_size
[20:01:09] [Server thread/DEBUG] [os.ut.FileUtil/]: Reading file /sys/devices/system/cpu/cpu12/cache/index1/size
[20:01:09] [Server thread/DEBUG] [os.ut.FileUtil/]: Reading file /sys/devices/system/cpu/cpu12/cache/index1/size
[20:01:09] [Server thread/DEBUG] [os.ut.FileUtil/]: Reading file /sys/devices/system/cpu/cpu13/topology/core_id
[20:01:09] [Server thread/DEBUG] [os.ut.FileUtil/]: Reading file /sys/devices/system/cpu/cpu13/topology/core_id
[20:01:09] [Server thread/DEBUG] [os.ut.FileUtil/]: Reading file /sys/devices/system/cpu/cpu13/topology/physical_package_id
[20:01:09] [Server thread/DEBUG] [os.ut.FileUtil/]: Reading file /sys/devices/system/cpu/cpu13/topology/physical_package_id
[20:01:09] [Server thread/DEBUG] [os.ut.FileUtil/]: Reading file /sys/devices/system/cpu/cpu13/cpu_capacity
[20:01:09] [Server thread/DEBUG] [os.ut.FileUtil/]: Reading file /sys/devices/system/cpu/cpu13/cpu_capacity
[20:01:09] [Server thread/DEBUG] [os.ut.FileUtil/]: Reading file /sys/devices/system/cpu/cpu13/cache/index2/level
[20:01:09] [Server thread/DEBUG] [os.ut.FileUtil/]: Reading file /sys/devices/system/cpu/cpu13/cache/index2/level
[20:01:09] [Server thread/DEBUG] [os.ut.FileUtil/]: Reading file /sys/devices/system/cpu/cpu13/cache/index2/type
[20:01:09] [Server thread/DEBUG] [os.ut.FileUtil/]: Reading file /sys/devices/system/cpu/cpu13/cache/index2/type
[20:01:09] [Server thread/DEBUG] [os.ut.FileUtil/]: Reading file /sys/devices/system/cpu/cpu13/cache/index2/ways_of_associativity
[20:01:09] [Server thread/DEBUG] [os.ut.FileUtil/]: Reading file /sys/devices/system/cpu/cpu13/cache/index2/ways_of_associativity
[20:01:09] [Server thread/DEBUG] [os.ut.FileUtil/]: Reading file /sys/devices/system/cpu/cpu13/cache/index2/coherency_line_size
[20:01:09] [Server thread/DEBUG] [os.ut.FileUtil/]: Reading file /sys/devices/system/cpu/cpu13/cache/index2/coherency_line_size
[20:01:09] [Server thread/DEBUG] [os.ut.FileUtil/]: Reading file /sys/devices/system/cpu/cpu13/cache/index2/size
[20:01:09] [Server thread/DEBUG] [os.ut.FileUtil/]: Reading file /sys/devices/system/cpu/cpu13/cache/index2/size
[20:01:09] [Server thread/DEBUG] [os.ut.FileUtil/]: Reading file /sys/devices/system/cpu/cpu13/cache/index0/level
[20:01:09] [Server thread/DEBUG] [os.ut.FileUtil/]: Reading file /sys/devices/system/cpu/cpu13/cache/index0/level
[20:01:09] [Server thread/DEBUG] [os.ut.FileUtil/]: Reading file /sys/devices/system/cpu/cpu13/cache/index0/type
[20:01:09] [Server thread/DEBUG] [os.ut.FileUtil/]: Reading file /sys/devices/system/cpu/cpu13/cache/index0/type
[20:01:09] [Server thread/DEBUG] [os.ut.FileUtil/]: Reading file /sys/devices/system/cpu/cpu13/cache/index0/ways_of_associativity
[20:01:09] [Server thread/DEBUG] [os.ut.FileUtil/]: Reading file /sys/devices/system/cpu/cpu13/cache/index0/ways_of_associativity
[20:01:09] [Server thread/DEBUG] [os.ut.FileUtil/]: Reading file /sys/devices/system/cpu/cpu13/cache/index0/coherency_line_size
[20:01:09] [Server thread/DEBUG] [os.ut.FileUtil/]: Reading file /sys/devices/system/cpu/cpu13/cache/index0/coherency_line_size
[20:01:09] [Server thread/DEBUG] [os.ut.FileUtil/]: Reading file /sys/devices/system/cpu/cpu13/cache/index0/size
[20:01:09] [Server thread/DEBUG] [os.ut.FileUtil/]: Reading file /sys/devices/system/cpu/cpu13/cache/index0/size
[20:01:09] [Server thread/DEBUG] [os.ut.FileUtil/]: Reading file /sys/devices/system/cpu/cpu13/cache/index3/level
[20:01:09] [Server thread/DEBUG] [os.ut.FileUtil/]: Reading file /sys/devices/system/cpu/cpu13/cache/index3/level
[20:01:09] [Server thread/DEBUG] [os.ut.FileUtil/]: Reading file /sys/devices/system/cpu/cpu13/cache/index3/type
[20:01:09] [Server thread/DEBUG] [os.ut.FileUtil/]: Reading file /sys/devices/system/cpu/cpu13/cache/index3/type
[20:01:09] [Server thread/DEBUG] [os.ut.FileUtil/]: Reading file /sys/devices/system/cpu/cpu13/cache/index3/ways_of_associativity
[20:01:09] [Server thread/DEBUG] [os.ut.FileUtil/]: Reading file /sys/devices/system/cpu/cpu13/cache/index3/ways_of_associativity
[20:01:09] [Server thread/DEBUG] [os.ut.FileUtil/]: Reading file /sys/devices/system/cpu/cpu13/cache/index3/coherency_line_size
[20:01:09] [Server thread/DEBUG] [os.ut.FileUtil/]: Reading file /sys/devices/system/cpu/cpu13/cache/index3/coherency_line_size
[20:01:09] [Server thread/DEBUG] [os.ut.FileUtil/]: Reading file /sys/devices/system/cpu/cpu13/cache/index3/size
[20:01:09] [Server thread/DEBUG] [os.ut.FileUtil/]: Reading file /sys/devices/system/cpu/cpu13/cache/index3/size
[20:01:09] [Server thread/DEBUG] [os.ut.FileUtil/]: Reading file /sys/devices/system/cpu/cpu13/cache/index1/level
[20:01:09] [Server thread/DEBUG] [os.ut.FileUtil/]: Reading file /sys/devices/system/cpu/cpu13/cache/index1/level
[20:01:09] [Server thread/DEBUG] [os.ut.FileUtil/]: Reading file /sys/devices/system/cpu/cpu13/cache/index1/type
[20:01:09] [Server thread/DEBUG] [os.ut.FileUtil/]: Reading file /sys/devices/system/cpu/cpu13/cache/index1/type
[20:01:09] [Server thread/DEBUG] [os.ut.FileUtil/]: Reading file /sys/devices/system/cpu/cpu13/cache/index1/ways_of_associativity
[20:01:09] [Server thread/DEBUG] [os.ut.FileUtil/]: Reading file /sys/devices/system/cpu/cpu13/cache/index1/ways_of_associativity
[20:01:09] [Server thread/DEBUG] [os.ut.FileUtil/]: Reading file /sys/devices/system/cpu/cpu13/cache/index1/coherency_line_size
[20:01:09] [Server thread/DEBUG] [os.ut.FileUtil/]: Reading file /sys/devices/system/cpu/cpu13/cache/index1/coherency_line_size
[20:01:09] [Server thread/DEBUG] [os.ut.FileUtil/]: Reading file /sys/devices/system/cpu/cpu13/cache/index1/size
[20:01:09] [Server thread/DEBUG] [os.ut.FileUtil/]: Reading file /sys/devices/system/cpu/cpu13/cache/index1/size
[20:01:09] [Server thread/DEBUG] [os.ut.FileUtil/]: Reading file /sys/devices/system/cpu/cpu14/topology/core_id
[20:01:09] [Server thread/DEBUG] [os.ut.FileUtil/]: Reading file /sys/devices/system/cpu/cpu14/topology/core_id
[20:01:09] [Server thread/DEBUG] [os.ut.FileUtil/]: Reading file /sys/devices/system/cpu/cpu14/topology/physical_package_id
[20:01:09] [Server thread/DEBUG] [os.ut.FileUtil/]: Reading file /sys/devices/system/cpu/cpu14/topology/physical_package_id
[20:01:09] [Server thread/DEBUG] [os.ut.FileUtil/]: Reading file /sys/devices/system/cpu/cpu14/cpu_capacity
[20:01:09] [Server thread/DEBUG] [os.ut.FileUtil/]: Reading file /sys/devices/system/cpu/cpu14/cpu_capacity
[20:01:09] [Server thread/DEBUG] [os.ut.FileUtil/]: Reading file /sys/devices/system/cpu/cpu14/cache/index2/level
[20:01:09] [Server thread/DEBUG] [os.ut.FileUtil/]: Reading file /sys/devices/system/cpu/cpu14/cache/index2/level
[20:01:09] [Server thread/DEBUG] [os.ut.FileUtil/]: Reading file /sys/devices/system/cpu/cpu14/cache/index2/type
[20:01:09] [Server thread/DEBUG] [os.ut.FileUtil/]: Reading file /sys/devices/system/cpu/cpu14/cache/index2/type
[20:01:09] [Server thread/DEBUG] [os.ut.FileUtil/]: Reading file /sys/devices/system/cpu/cpu14/cache/index2/ways_of_associativity
[20:01:09] [Server thread/DEBUG] [os.ut.FileUtil/]: Reading file /sys/devices/system/cpu/cpu14/cache/index2/ways_of_associativity
[20:01:09] [Server thread/DEBUG] [os.ut.FileUtil/]: Reading file /sys/devices/system/cpu/cpu14/cache/index2/coherency_line_size
[20:01:09] [Server thread/DEBUG] [os.ut.FileUtil/]: Reading file /sys/devices/system/cpu/cpu14/cache/index2/coherency_line_size
[20:01:09] [Server thread/DEBUG] [os.ut.FileUtil/]: Reading file /sys/devices/system/cpu/cpu14/cache/index2/size
[20:01:09] [Server thread/DEBUG] [os.ut.FileUtil/]: Reading file /sys/devices/system/cpu/cpu14/cache/index2/size
[20:01:09] [Server thread/DEBUG] [os.ut.FileUtil/]: Reading file /sys/devices/system/cpu/cpu14/cache/index0/level
[20:01:09] [Server thread/DEBUG] [os.ut.FileUtil/]: Reading file /sys/devices/system/cpu/cpu14/cache/index0/level
[20:01:09] [Server thread/DEBUG] [os.ut.FileUtil/]: Reading file /sys/devices/system/cpu/cpu14/cache/index0/type
[20:01:09] [Server thread/DEBUG] [os.ut.FileUtil/]: Reading file /sys/devices/system/cpu/cpu14/cache/index0/type
[20:01:09] [Server thread/DEBUG] [os.ut.FileUtil/]: Reading file /sys/devices/system/cpu/cpu14/cache/index0/ways_of_associativity
[20:01:09] [Server thread/DEBUG] [os.ut.FileUtil/]: Reading file /sys/devices/system/cpu/cpu14/cache/index0/ways_of_associativity
[20:01:09] [Server thread/DEBUG] [os.ut.FileUtil/]: Reading file /sys/devices/system/cpu/cpu14/cache/index0/coherency_line_size
[20:01:09] [Server thread/DEBUG] [os.ut.FileUtil/]: Reading file /sys/devices/system/cpu/cpu14/cache/index0/coherency_line_size
[20:01:09] [Server thread/DEBUG] [os.ut.FileUtil/]: Reading file /sys/devices/system/cpu/cpu14/cache/index0/size
[20:01:09] [Server thread/DEBUG] [os.ut.FileUtil/]: Reading file /sys/devices/system/cpu/cpu14/cache/index0/size
[20:01:09] [Server thread/DEBUG] [os.ut.FileUtil/]: Reading file /sys/devices/system/cpu/cpu14/cache/index3/level
[20:01:09] [Server thread/DEBUG] [os.ut.FileUtil/]: Reading file /sys/devices/system/cpu/cpu14/cache/index3/level
[20:01:09] [Server thread/DEBUG] [os.ut.FileUtil/]: Reading file /sys/devices/system/cpu/cpu14/cache/index3/type
[20:01:09] [Server thread/DEBUG] [os.ut.FileUtil/]: Reading file /sys/devices/system/cpu/cpu14/cache/index3/type
[20:01:09] [Server thread/DEBUG] [os.ut.FileUtil/]: Reading file /sys/devices/system/cpu/cpu14/cache/index3/ways_of_associativity
[20:01:09] [Server thread/DEBUG] [os.ut.FileUtil/]: Reading file /sys/devices/system/cpu/cpu14/cache/index3/ways_of_associativity
[20:01:09] [Server thread/DEBUG] [os.ut.FileUtil/]: Reading file /sys/devices/system/cpu/cpu14/cache/index3/coherency_line_size
[20:01:09] [Server thread/DEBUG] [os.ut.FileUtil/]: Reading file /sys/devices/system/cpu/cpu14/cache/index3/coherency_line_size
[20:01:09] [Server thread/DEBUG] [os.ut.FileUtil/]: Reading file /sys/devices/system/cpu/cpu14/cache/index3/size
[20:01:09] [Server thread/DEBUG] [os.ut.FileUtil/]: Reading file /sys/devices/system/cpu/cpu14/cache/index3/size
[20:01:09] [Server thread/DEBUG] [os.ut.FileUtil/]: Reading file /sys/devices/system/cpu/cpu14/cache/index1/level
[20:01:09] [Server thread/DEBUG] [os.ut.FileUtil/]: Reading file /sys/devices/system/cpu/cpu14/cache/index1/level
[20:01:09] [Server thread/DEBUG] [os.ut.FileUtil/]: Reading file /sys/devices/system/cpu/cpu14/cache/index1/type
[20:01:09] [Server thread/DEBUG] [os.ut.FileUtil/]: Reading file /sys/devices/system/cpu/cpu14/cache/index1/type
[20:01:09] [Server thread/DEBUG] [os.ut.FileUtil/]: Reading file /sys/devices/system/cpu/cpu14/cache/index1/ways_of_associativity
[20:01:09] [Server thread/DEBUG] [os.ut.FileUtil/]: Reading file /sys/devices/system/cpu/cpu14/cache/index1/ways_of_associativity
[20:01:09] [Server thread/DEBUG] [os.ut.FileUtil/]: Reading file /sys/devices/system/cpu/cpu14/cache/index1/coherency_line_size
[20:01:09] [Server thread/DEBUG] [os.ut.FileUtil/]: Reading file /sys/devices/system/cpu/cpu14/cache/index1/coherency_line_size
[20:01:09] [Server thread/DEBUG] [os.ut.FileUtil/]: Reading file /sys/devices/system/cpu/cpu14/cache/index1/size
[20:01:09] [Server thread/DEBUG] [os.ut.FileUtil/]: Reading file /sys/devices/system/cpu/cpu14/cache/index1/size
[20:01:09] [Server thread/DEBUG] [os.ut.FileUtil/]: Reading file /sys/devices/system/cpu/cpu15/topology/core_id
[20:01:09] [Server thread/DEBUG] [os.ut.FileUtil/]: Reading file /sys/devices/system/cpu/cpu15/topology/core_id
[20:01:09] [Server thread/DEBUG] [os.ut.FileUtil/]: Reading file /sys/devices/system/cpu/cpu15/topology/physical_package_id
[20:01:09] [Server thread/DEBUG] [os.ut.FileUtil/]: Reading file /sys/devices/system/cpu/cpu15/topology/physical_package_id
[20:01:09] [Server thread/DEBUG] [os.ut.FileUtil/]: Reading file /sys/devices/system/cpu/cpu15/cpu_capacity
[20:01:09] [Server thread/DEBUG] [os.ut.FileUtil/]: Reading file /sys/devices/system/cpu/cpu15/cpu_capacity
[20:01:09] [Server thread/DEBUG] [os.ut.FileUtil/]: Reading file /sys/devices/system/cpu/cpu15/cache/index2/level
[20:01:09] [Server thread/DEBUG] [os.ut.FileUtil/]: Reading file /sys/devices/system/cpu/cpu15/cache/index2/level
[20:01:09] [Server thread/DEBUG] [os.ut.FileUtil/]: Reading file /sys/devices/system/cpu/cpu15/cache/index2/type
[20:01:09] [Server thread/DEBUG] [os.ut.FileUtil/]: Reading file /sys/devices/system/cpu/cpu15/cache/index2/type
[20:01:09] [Server thread/DEBUG] [os.ut.FileUtil/]: Reading file /sys/devices/system/cpu/cpu15/cache/index2/ways_of_associativity
[20:01:09] [Server thread/DEBUG] [os.ut.FileUtil/]: Reading file /sys/devices/system/cpu/cpu15/cache/index2/ways_of_associativity
[20:01:09] [Server thread/DEBUG] [os.ut.FileUtil/]: Reading file /sys/devices/system/cpu/cpu15/cache/index2/coherency_line_size
[20:01:09] [Server thread/DEBUG] [os.ut.FileUtil/]: Reading file /sys/devices/system/cpu/cpu15/cache/index2/coherency_line_size
[20:01:09] [Server thread/DEBUG] [os.ut.FileUtil/]: Reading file /sys/devices/system/cpu/cpu15/cache/index2/size
[20:01:09] [Server thread/DEBUG] [os.ut.FileUtil/]: Reading file /sys/devices/system/cpu/cpu15/cache/index2/size
[20:01:09] [Server thread/DEBUG] [os.ut.FileUtil/]: Reading file /sys/devices/system/cpu/cpu15/cache/index0/level
[20:01:09] [Server thread/DEBUG] [os.ut.FileUtil/]: Reading file /sys/devices/system/cpu/cpu15/cache/index0/level
[20:01:09] [Server thread/DEBUG] [os.ut.FileUtil/]: Reading file /sys/devices/system/cpu/cpu15/cache/index0/type
[20:01:09] [Server thread/DEBUG] [os.ut.FileUtil/]: Reading file /sys/devices/system/cpu/cpu15/cache/index0/type
[20:01:09] [Server thread/DEBUG] [os.ut.FileUtil/]: Reading file /sys/devices/system/cpu/cpu15/cache/index0/ways_of_associativity
[20:01:09] [Server thread/DEBUG] [os.ut.FileUtil/]: Reading file /sys/devices/system/cpu/cpu15/cache/index0/ways_of_associativity
[20:01:09] [Server thread/DEBUG] [os.ut.FileUtil/]: Reading file /sys/devices/system/cpu/cpu15/cache/index0/coherency_line_size
[20:01:09] [Server thread/DEBUG] [os.ut.FileUtil/]: Reading file /sys/devices/system/cpu/cpu15/cache/index0/coherency_line_size
[20:01:09] [Server thread/DEBUG] [os.ut.FileUtil/]: Reading file /sys/devices/system/cpu/cpu15/cache/index0/size
[20:01:09] [Server thread/DEBUG] [os.ut.FileUtil/]: Reading file /sys/devices/system/cpu/cpu15/cache/index0/size
[20:01:09] [Server thread/DEBUG] [os.ut.FileUtil/]: Reading file /sys/devices/system/cpu/cpu15/cache/index3/level
[20:01:09] [Server thread/DEBUG] [os.ut.FileUtil/]: Reading file /sys/devices/system/cpu/cpu15/cache/index3/level
[20:01:09] [Server thread/DEBUG] [os.ut.FileUtil/]: Reading file /sys/devices/system/cpu/cpu15/cache/index3/type
[20:01:09] [Server thread/DEBUG] [os.ut.FileUtil/]: Reading file /sys/devices/system/cpu/cpu15/cache/index3/type
[20:01:09] [Server thread/DEBUG] [os.ut.FileUtil/]: Reading file /sys/devices/system/cpu/cpu15/cache/index3/ways_of_associativity
[20:01:09] [Server thread/DEBUG] [os.ut.FileUtil/]: Reading file /sys/devices/system/cpu/cpu15/cache/index3/ways_of_associativity
[20:01:09] [Server thread/DEBUG] [os.ut.FileUtil/]: Reading file /sys/devices/system/cpu/cpu15/cache/index3/coherency_line_size
[20:01:09] [Server thread/DEBUG] [os.ut.FileUtil/]: Reading file /sys/devices/system/cpu/cpu15/cache/index3/coherency_line_size
[20:01:09] [Server thread/DEBUG] [os.ut.FileUtil/]: Reading file /sys/devices/system/cpu/cpu15/cache/index3/size
[20:01:09] [Server thread/DEBUG] [os.ut.FileUtil/]: Reading file /sys/devices/system/cpu/cpu15/cache/index3/size
[20:01:09] [Server thread/DEBUG] [os.ut.FileUtil/]: Reading file /sys/devices/system/cpu/cpu15/cache/index1/level
[20:01:09] [Server thread/DEBUG] [os.ut.FileUtil/]: Reading file /sys/devices/system/cpu/cpu15/cache/index1/level
[20:01:09] [Server thread/DEBUG] [os.ut.FileUtil/]: Reading file /sys/devices/system/cpu/cpu15/cache/index1/type
[20:01:09] [Server thread/DEBUG] [os.ut.FileUtil/]: Reading file /sys/devices/system/cpu/cpu15/cache/index1/type
[20:01:09] [Server thread/DEBUG] [os.ut.FileUtil/]: Reading file /sys/devices/system/cpu/cpu15/cache/index1/ways_of_associativity
[20:01:09] [Server thread/DEBUG] [os.ut.FileUtil/]: Reading file /sys/devices/system/cpu/cpu15/cache/index1/ways_of_associativity
[20:01:09] [Server thread/DEBUG] [os.ut.FileUtil/]: Reading file /sys/devices/system/cpu/cpu15/cache/index1/coherency_line_size
[20:01:09] [Server thread/DEBUG] [os.ut.FileUtil/]: Reading file /sys/devices/system/cpu/cpu15/cache/index1/coherency_line_size
[20:01:09] [Server thread/DEBUG] [os.ut.FileUtil/]: Reading file /sys/devices/system/cpu/cpu15/cache/index1/size
[20:01:09] [Server thread/DEBUG] [os.ut.FileUtil/]: Reading file /sys/devices/system/cpu/cpu15/cache/index1/size
[20:01:09] [Server thread/DEBUG] [os.ut.FileUtil/]: Reading file /sys/devices/system/cpu/cpu2/topology/core_id
[20:01:09] [Server thread/DEBUG] [os.ut.FileUtil/]: Reading file /sys/devices/system/cpu/cpu2/topology/core_id
[20:01:09] [Server thread/DEBUG] [os.ut.FileUtil/]: Reading file /sys/devices/system/cpu/cpu2/topology/physical_package_id
[20:01:09] [Server thread/DEBUG] [os.ut.FileUtil/]: Reading file /sys/devices/system/cpu/cpu2/topology/physical_package_id
[20:01:09] [Server thread/DEBUG] [os.ut.FileUtil/]: Reading file /sys/devices/system/cpu/cpu2/cpu_capacity
[20:01:09] [Server thread/DEBUG] [os.ut.FileUtil/]: Reading file /sys/devices/system/cpu/cpu2/cpu_capacity
[20:01:09] [Server thread/DEBUG] [os.ut.FileUtil/]: Reading file /sys/devices/system/cpu/cpu2/cache/index2/level
[20:01:09] [Server thread/DEBUG] [os.ut.FileUtil/]: Reading file /sys/devices/system/cpu/cpu2/cache/index2/level
[20:01:09] [Server thread/DEBUG] [os.ut.FileUtil/]: Reading file /sys/devices/system/cpu/cpu2/cache/index2/type
[20:01:09] [Server thread/DEBUG] [os.ut.FileUtil/]: Reading file /sys/devices/system/cpu/cpu2/cache/index2/type
[20:01:09] [Server thread/DEBUG] [os.ut.FileUtil/]: Reading file /sys/devices/system/cpu/cpu2/cache/index2/ways_of_associativity
[20:01:09] [Server thread/DEBUG] [os.ut.FileUtil/]: Reading file /sys/devices/system/cpu/cpu2/cache/index2/ways_of_associativity
[20:01:09] [Server thread/DEBUG] [os.ut.FileUtil/]: Reading file /sys/devices/system/cpu/cpu2/cache/index2/coherency_line_size
[20:01:09] [Server thread/DEBUG] [os.ut.FileUtil/]: Reading file /sys/devices/system/cpu/cpu2/cache/index2/coherency_line_size
[20:01:09] [Server thread/DEBUG] [os.ut.FileUtil/]: Reading file /sys/devices/system/cpu/cpu2/cache/index2/size
[20:01:09] [Server thread/DEBUG] [os.ut.FileUtil/]: Reading file /sys/devices/system/cpu/cpu2/cache/index2/size
[20:01:09] [Server thread/DEBUG] [os.ut.FileUtil/]: Reading file /sys/devices/system/cpu/cpu2/cache/index0/level
[20:01:09] [Server thread/DEBUG] [os.ut.FileUtil/]: Reading file /sys/devices/system/cpu/cpu2/cache/index0/level
[20:01:09] [Server thread/DEBUG] [os.ut.FileUtil/]: Reading file /sys/devices/system/cpu/cpu2/cache/index0/type
[20:01:09] [Server thread/DEBUG] [os.ut.FileUtil/]: Reading file /sys/devices/system/cpu/cpu2/cache/index0/type
[20:01:09] [Server thread/DEBUG] [os.ut.FileUtil/]: Reading file /sys/devices/system/cpu/cpu2/cache/index0/ways_of_associativity
[20:01:09] [Server thread/DEBUG] [os.ut.FileUtil/]: Reading file /sys/devices/system/cpu/cpu2/cache/index0/ways_of_associativity
[20:01:09] [Server thread/DEBUG] [os.ut.FileUtil/]: Reading file /sys/devices/system/cpu/cpu2/cache/index0/coherency_line_size
[20:01:09] [Server thread/DEBUG] [os.ut.FileUtil/]: Reading file /sys/devices/system/cpu/cpu2/cache/index0/coherency_line_size
[20:01:09] [Server thread/DEBUG] [os.ut.FileUtil/]: Reading file /sys/devices/system/cpu/cpu2/cache/index0/size
[20:01:09] [Server thread/DEBUG] [os.ut.FileUtil/]: Reading file /sys/devices/system/cpu/cpu2/cache/index0/size
[20:01:09] [Server thread/DEBUG] [os.ut.FileUtil/]: Reading file /sys/devices/system/cpu/cpu2/cache/index3/level
[20:01:09] [Server thread/DEBUG] [os.ut.FileUtil/]: Reading file /sys/devices/system/cpu/cpu2/cache/index3/level
[20:01:09] [Server thread/DEBUG] [os.ut.FileUtil/]: Reading file /sys/devices/system/cpu/cpu2/cache/index3/type
[20:01:09] [Server thread/DEBUG] [os.ut.FileUtil/]: Reading file /sys/devices/system/cpu/cpu2/cache/index3/type
[20:01:09] [Server thread/DEBUG] [os.ut.FileUtil/]: Reading file /sys/devices/system/cpu/cpu2/cache/index3/ways_of_associativity
[20:01:09] [Server thread/DEBUG] [os.ut.FileUtil/]: Reading file /sys/devices/system/cpu/cpu2/cache/index3/ways_of_associativity
[20:01:09] [Server thread/DEBUG] [os.ut.FileUtil/]: Reading file /sys/devices/system/cpu/cpu2/cache/index3/coherency_line_size
[20:01:09] [Server thread/DEBUG] [os.ut.FileUtil/]: Reading file /sys/devices/system/cpu/cpu2/cache/index3/coherency_line_size
[20:01:09] [Server thread/DEBUG] [os.ut.FileUtil/]: Reading file /sys/devices/system/cpu/cpu2/cache/index3/size
[20:01:09] [Server thread/DEBUG] [os.ut.FileUtil/]: Reading file /sys/devices/system/cpu/cpu2/cache/index3/size
[20:01:09] [Server thread/DEBUG] [os.ut.FileUtil/]: Reading file /sys/devices/system/cpu/cpu2/cache/index1/level
[20:01:09] [Server thread/DEBUG] [os.ut.FileUtil/]: Reading file /sys/devices/system/cpu/cpu2/cache/index1/level
[20:01:09] [Server thread/DEBUG] [os.ut.FileUtil/]: Reading file /sys/devices/system/cpu/cpu2/cache/index1/type
[20:01:09] [Server thread/DEBUG] [os.ut.FileUtil/]: Reading file /sys/devices/system/cpu/cpu2/cache/index1/type
[20:01:09] [Server thread/DEBUG] [os.ut.FileUtil/]: Reading file /sys/devices/system/cpu/cpu2/cache/index1/ways_of_associativity
[20:01:09] [Server thread/DEBUG] [os.ut.FileUtil/]: Reading file /sys/devices/system/cpu/cpu2/cache/index1/ways_of_associativity
[20:01:09] [Server thread/DEBUG] [os.ut.FileUtil/]: Reading file /sys/devices/system/cpu/cpu2/cache/index1/coherency_line_size
[20:01:09] [Server thread/DEBUG] [os.ut.FileUtil/]: Reading file /sys/devices/system/cpu/cpu2/cache/index1/coherency_line_size
[20:01:09] [Server thread/DEBUG] [os.ut.FileUtil/]: Reading file /sys/devices/system/cpu/cpu2/cache/index1/size
[20:01:09] [Server thread/DEBUG] [os.ut.FileUtil/]: Reading file /sys/devices/system/cpu/cpu2/cache/index1/size
[20:01:09] [Server thread/DEBUG] [os.ut.FileUtil/]: Reading file /sys/devices/system/cpu/cpu3/topology/core_id
[20:01:09] [Server thread/DEBUG] [os.ut.FileUtil/]: Reading file /sys/devices/system/cpu/cpu3/topology/core_id
[20:01:09] [Server thread/DEBUG] [os.ut.FileUtil/]: Reading file /sys/devices/system/cpu/cpu3/topology/physical_package_id
[20:01:09] [Server thread/DEBUG] [os.ut.FileUtil/]: Reading file /sys/devices/system/cpu/cpu3/topology/physical_package_id
[20:01:09] [Server thread/DEBUG] [os.ut.FileUtil/]: Reading file /sys/devices/system/cpu/cpu3/cpu_capacity
[20:01:09] [Server thread/DEBUG] [os.ut.FileUtil/]: Reading file /sys/devices/system/cpu/cpu3/cpu_capacity
[20:01:09] [Server thread/DEBUG] [os.ut.FileUtil/]: Reading file /sys/devices/system/cpu/cpu3/cache/index2/level
[20:01:09] [Server thread/DEBUG] [os.ut.FileUtil/]: Reading file /sys/devices/system/cpu/cpu3/cache/index2/level
[20:01:09] [Server thread/DEBUG] [os.ut.FileUtil/]: Reading file /sys/devices/system/cpu/cpu3/cache/index2/type
[20:01:09] [Server thread/DEBUG] [os.ut.FileUtil/]: Reading file /sys/devices/system/cpu/cpu3/cache/index2/type
[20:01:09] [Server thread/DEBUG] [os.ut.FileUtil/]: Reading file /sys/devices/system/cpu/cpu3/cache/index2/ways_of_associativity
[20:01:09] [Server thread/DEBUG] [os.ut.FileUtil/]: Reading file /sys/devices/system/cpu/cpu3/cache/index2/ways_of_associativity
[20:01:09] [Server thread/DEBUG] [os.ut.FileUtil/]: Reading file /sys/devices/system/cpu/cpu3/cache/index2/coherency_line_size
[20:01:09] [Server thread/DEBUG] [os.ut.FileUtil/]: Reading file /sys/devices/system/cpu/cpu3/cache/index2/coherency_line_size
[20:01:09] [Server thread/DEBUG] [os.ut.FileUtil/]: Reading file /sys/devices/system/cpu/cpu3/cache/index2/size
[20:01:09] [Server thread/DEBUG] [os.ut.FileUtil/]: Reading file /sys/devices/system/cpu/cpu3/cache/index2/size
[20:01:09] [Server thread/DEBUG] [os.ut.FileUtil/]: Reading file /sys/devices/system/cpu/cpu3/cache/index0/level
[20:01:09] [Server thread/DEBUG] [os.ut.FileUtil/]: Reading file /sys/devices/system/cpu/cpu3/cache/index0/level
[20:01:09] [Server thread/DEBUG] [os.ut.FileUtil/]: Reading file /sys/devices/system/cpu/cpu3/cache/index0/type
[20:01:09] [Server thread/DEBUG] [os.ut.FileUtil/]: Reading file /sys/devices/system/cpu/cpu3/cache/index0/type
[20:01:09] [Server thread/DEBUG] [os.ut.FileUtil/]: Reading file /sys/devices/system/cpu/cpu3/cache/index0/ways_of_associativity
[20:01:09] [Server thread/DEBUG] [os.ut.FileUtil/]: Reading file /sys/devices/system/cpu/cpu3/cache/index0/ways_of_associativity
[20:01:09] [Server thread/DEBUG] [os.ut.FileUtil/]: Reading file /sys/devices/system/cpu/cpu3/cache/index0/coherency_line_size
[20:01:09] [Server thread/DEBUG] [os.ut.FileUtil/]: Reading file /sys/devices/system/cpu/cpu3/cache/index0/coherency_line_size
[20:01:09] [Server thread/DEBUG] [os.ut.FileUtil/]: Reading file /sys/devices/system/cpu/cpu3/cache/index0/size
[20:01:09] [Server thread/DEBUG] [os.ut.FileUtil/]: Reading file /sys/devices/system/cpu/cpu3/cache/index0/size
[20:01:09] [Server thread/DEBUG] [os.ut.FileUtil/]: Reading file /sys/devices/system/cpu/cpu3/cache/index3/level
[20:01:09] [Server thread/DEBUG] [os.ut.FileUtil/]: Reading file /sys/devices/system/cpu/cpu3/cache/index3/level
[20:01:09] [Server thread/DEBUG] [os.ut.FileUtil/]: Reading file /sys/devices/system/cpu/cpu3/cache/index3/type
[20:01:09] [Server thread/DEBUG] [os.ut.FileUtil/]: Reading file /sys/devices/system/cpu/cpu3/cache/index3/type
[20:01:09] [Server thread/DEBUG] [os.ut.FileUtil/]: Reading file /sys/devices/system/cpu/cpu3/cache/index3/ways_of_associativity
[20:01:09] [Server thread/DEBUG] [os.ut.FileUtil/]: Reading file /sys/devices/system/cpu/cpu3/cache/index3/ways_of_associativity
[20:01:09] [Server thread/DEBUG] [os.ut.FileUtil/]: Reading file /sys/devices/system/cpu/cpu3/cache/index3/coherency_line_size
[20:01:09] [Server thread/DEBUG] [os.ut.FileUtil/]: Reading file /sys/devices/system/cpu/cpu3/cache/index3/coherency_line_size
[20:01:09] [Server thread/DEBUG] [os.ut.FileUtil/]: Reading file /sys/devices/system/cpu/cpu3/cache/index3/size
[20:01:09] [Server thread/DEBUG] [os.ut.FileUtil/]: Reading file /sys/devices/system/cpu/cpu3/cache/index3/size
[20:01:09] [Server thread/DEBUG] [os.ut.FileUtil/]: Reading file /sys/devices/system/cpu/cpu3/cache/index1/level
[20:01:09] [Server thread/DEBUG] [os.ut.FileUtil/]: Reading file /sys/devices/system/cpu/cpu3/cache/index1/level
[20:01:09] [Server thread/DEBUG] [os.ut.FileUtil/]: Reading file /sys/devices/system/cpu/cpu3/cache/index1/type
[20:01:09] [Server thread/DEBUG] [os.ut.FileUtil/]: Reading file /sys/devices/system/cpu/cpu3/cache/index1/type
[20:01:09] [Server thread/DEBUG] [os.ut.FileUtil/]: Reading file /sys/devices/system/cpu/cpu3/cache/index1/ways_of_associativity
[20:01:09] [Server thread/DEBUG] [os.ut.FileUtil/]: Reading file /sys/devices/system/cpu/cpu3/cache/index1/ways_of_associativity
[20:01:09] [Server thread/DEBUG] [os.ut.FileUtil/]: Reading file /sys/devices/system/cpu/cpu3/cache/index1/coherency_line_size
[20:01:09] [Server thread/DEBUG] [os.ut.FileUtil/]: Reading file /sys/devices/system/cpu/cpu3/cache/index1/coherency_line_size
[20:01:09] [Server thread/DEBUG] [os.ut.FileUtil/]: Reading file /sys/devices/system/cpu/cpu3/cache/index1/size
[20:01:09] [Server thread/DEBUG] [os.ut.FileUtil/]: Reading file /sys/devices/system/cpu/cpu3/cache/index1/size
[20:01:09] [Server thread/DEBUG] [os.ut.FileUtil/]: Reading file /sys/devices/system/cpu/cpu4/topology/core_id
[20:01:09] [Server thread/DEBUG] [os.ut.FileUtil/]: Reading file /sys/devices/system/cpu/cpu4/topology/core_id
[20:01:09] [Server thread/DEBUG] [os.ut.FileUtil/]: Reading file /sys/devices/system/cpu/cpu4/topology/physical_package_id
[20:01:09] [Server thread/DEBUG] [os.ut.FileUtil/]: Reading file /sys/devices/system/cpu/cpu4/topology/physical_package_id
[20:01:09] [Server thread/DEBUG] [os.ut.FileUtil/]: Reading file /sys/devices/system/cpu/cpu4/cpu_capacity
[20:01:09] [Server thread/DEBUG] [os.ut.FileUtil/]: Reading file /sys/devices/system/cpu/cpu4/cpu_capacity
[20:01:09] [Server thread/DEBUG] [os.ut.FileUtil/]: Reading file /sys/devices/system/cpu/cpu4/cache/index2/level
[20:01:09] [Server thread/DEBUG] [os.ut.FileUtil/]: Reading file /sys/devices/system/cpu/cpu4/cache/index2/level
[20:01:09] [Server thread/DEBUG] [os.ut.FileUtil/]: Reading file /sys/devices/system/cpu/cpu4/cache/index2/type
[20:01:09] [Server thread/DEBUG] [os.ut.FileUtil/]: Reading file /sys/devices/system/cpu/cpu4/cache/index2/type
[20:01:09] [Server thread/DEBUG] [os.ut.FileUtil/]: Reading file /sys/devices/system/cpu/cpu4/cache/index2/ways_of_associativity
[20:01:09] [Server thread/DEBUG] [os.ut.FileUtil/]: Reading file /sys/devices/system/cpu/cpu4/cache/index2/ways_of_associativity
[20:01:09] [Server thread/DEBUG] [os.ut.FileUtil/]: Reading file /sys/devices/system/cpu/cpu4/cache/index2/coherency_line_size
[20:01:09] [Server thread/DEBUG] [os.ut.FileUtil/]: Reading file /sys/devices/system/cpu/cpu4/cache/index2/coherency_line_size
[20:01:09] [Server thread/DEBUG] [os.ut.FileUtil/]: Reading file /sys/devices/system/cpu/cpu4/cache/index2/size
[20:01:09] [Server thread/DEBUG] [os.ut.FileUtil/]: Reading file /sys/devices/system/cpu/cpu4/cache/index2/size
[20:01:09] [Server thread/DEBUG] [os.ut.FileUtil/]: Reading file /sys/devices/system/cpu/cpu4/cache/index0/level
[20:01:09] [Server thread/DEBUG] [os.ut.FileUtil/]: Reading file /sys/devices/system/cpu/cpu4/cache/index0/level
[20:01:09] [Server thread/DEBUG] [os.ut.FileUtil/]: Reading file /sys/devices/system/cpu/cpu4/cache/index0/type
[20:01:09] [Server thread/DEBUG] [os.ut.FileUtil/]: Reading file /sys/devices/system/cpu/cpu4/cache/index0/type
[20:01:09] [Server thread/DEBUG] [os.ut.FileUtil/]: Reading file /sys/devices/system/cpu/cpu4/cache/index0/ways_of_associativity
[20:01:09] [Server thread/DEBUG] [os.ut.FileUtil/]: Reading file /sys/devices/system/cpu/cpu4/cache/index0/ways_of_associativity
[20:01:09] [Server thread/DEBUG] [os.ut.FileUtil/]: Reading file /sys/devices/system/cpu/cpu4/cache/index0/coherency_line_size
[20:01:09] [Server thread/DEBUG] [os.ut.FileUtil/]: Reading file /sys/devices/system/cpu/cpu4/cache/index0/coherency_line_size
[20:01:09] [Server thread/DEBUG] [os.ut.FileUtil/]: Reading file /sys/devices/system/cpu/cpu4/cache/index0/size
[20:01:09] [Server thread/DEBUG] [os.ut.FileUtil/]: Reading file /sys/devices/system/cpu/cpu4/cache/index0/size
[20:01:09] [Server thread/DEBUG] [os.ut.FileUtil/]: Reading file /sys/devices/system/cpu/cpu4/cache/index3/level
[20:01:09] [Server thread/DEBUG] [os.ut.FileUtil/]: Reading file /sys/devices/system/cpu/cpu4/cache/index3/level
[20:01:09] [Server thread/DEBUG] [os.ut.FileUtil/]: Reading file /sys/devices/system/cpu/cpu4/cache/index3/type
[20:01:09] [Server thread/DEBUG] [os.ut.FileUtil/]: Reading file /sys/devices/system/cpu/cpu4/cache/index3/type
[20:01:09] [Server thread/DEBUG] [os.ut.FileUtil/]: Reading file /sys/devices/system/cpu/cpu4/cache/index3/ways_of_associativity
[20:01:09] [Server thread/DEBUG] [os.ut.FileUtil/]: Reading file /sys/devices/system/cpu/cpu4/cache/index3/ways_of_associativity
[20:01:09] [Server thread/DEBUG] [os.ut.FileUtil/]: Reading file /sys/devices/system/cpu/cpu4/cache/index3/coherency_line_size
[20:01:09] [Server thread/DEBUG] [os.ut.FileUtil/]: Reading file /sys/devices/system/cpu/cpu4/cache/index3/coherency_line_size
[20:01:09] [Server thread/DEBUG] [os.ut.FileUtil/]: Reading file /sys/devices/system/cpu/cpu4/cache/index3/size
[20:01:09] [Server thread/DEBUG] [os.ut.FileUtil/]: Reading file /sys/devices/system/cpu/cpu4/cache/index3/size
[20:01:09] [Server thread/DEBUG] [os.ut.FileUtil/]: Reading file /sys/devices/system/cpu/cpu4/cache/index1/level
[20:01:09] [Server thread/DEBUG] [os.ut.FileUtil/]: Reading file /sys/devices/system/cpu/cpu4/cache/index1/level
[20:01:09] [Server thread/DEBUG] [os.ut.FileUtil/]: Reading file /sys/devices/system/cpu/cpu4/cache/index1/type
[20:01:09] [Server thread/DEBUG] [os.ut.FileUtil/]: Reading file /sys/devices/system/cpu/cpu4/cache/index1/type
[20:01:09] [Server thread/DEBUG] [os.ut.FileUtil/]: Reading file /sys/devices/system/cpu/cpu4/cache/index1/ways_of_associativity
[20:01:09] [Server thread/DEBUG] [os.ut.FileUtil/]: Reading file /sys/devices/system/cpu/cpu4/cache/index1/ways_of_associativity
[20:01:09] [Server thread/DEBUG] [os.ut.FileUtil/]: Reading file /sys/devices/system/cpu/cpu4/cache/index1/coherency_line_size
[20:01:09] [Server thread/DEBUG] [os.ut.FileUtil/]: Reading file /sys/devices/system/cpu/cpu4/cache/index1/coherency_line_size
[20:01:09] [Server thread/DEBUG] [os.ut.FileUtil/]: Reading file /sys/devices/system/cpu/cpu4/cache/index1/size
[20:01:09] [Server thread/DEBUG] [os.ut.FileUtil/]: Reading file /sys/devices/system/cpu/cpu4/cache/index1/size
[20:01:09] [Server thread/DEBUG] [os.ut.FileUtil/]: Reading file /sys/devices/system/cpu/cpu5/topology/core_id
[20:01:09] [Server thread/DEBUG] [os.ut.FileUtil/]: Reading file /sys/devices/system/cpu/cpu5/topology/core_id
[20:01:09] [Server thread/DEBUG] [os.ut.FileUtil/]: Reading file /sys/devices/system/cpu/cpu5/topology/physical_package_id
[20:01:09] [Server thread/DEBUG] [os.ut.FileUtil/]: Reading file /sys/devices/system/cpu/cpu5/topology/physical_package_id
[20:01:09] [Server thread/DEBUG] [os.ut.FileUtil/]: Reading file /sys/devices/system/cpu/cpu5/cpu_capacity
[20:01:09] [Server thread/DEBUG] [os.ut.FileUtil/]: Reading file /sys/devices/system/cpu/cpu5/cpu_capacity
[20:01:09] [Server thread/DEBUG] [os.ut.FileUtil/]: Reading file /sys/devices/system/cpu/cpu5/cache/index2/level
[20:01:09] [Server thread/DEBUG] [os.ut.FileUtil/]: Reading file /sys/devices/system/cpu/cpu5/cache/index2/level
[20:01:09] [Server thread/DEBUG] [os.ut.FileUtil/]: Reading file /sys/devices/system/cpu/cpu5/cache/index2/type
[20:01:09] [Server thread/DEBUG] [os.ut.FileUtil/]: Reading file /sys/devices/system/cpu/cpu5/cache/index2/type
[20:01:09] [Server thread/DEBUG] [os.ut.FileUtil/]: Reading file /sys/devices/system/cpu/cpu5/cache/index2/ways_of_associativity
[20:01:09] [Server thread/DEBUG] [os.ut.FileUtil/]: Reading file /sys/devices/system/cpu/cpu5/cache/index2/ways_of_associativity
[20:01:09] [Server thread/DEBUG] [os.ut.FileUtil/]: Reading file /sys/devices/system/cpu/cpu5/cache/index2/coherency_line_size
[20:01:09] [Server thread/DEBUG] [os.ut.FileUtil/]: Reading file /sys/devices/system/cpu/cpu5/cache/index2/coherency_line_size
[20:01:09] [Server thread/DEBUG] [os.ut.FileUtil/]: Reading file /sys/devices/system/cpu/cpu5/cache/index2/size
[20:01:09] [Server thread/DEBUG] [os.ut.FileUtil/]: Reading file /sys/devices/system/cpu/cpu5/cache/index2/size
[20:01:09] [Server thread/DEBUG] [os.ut.FileUtil/]: Reading file /sys/devices/system/cpu/cpu5/cache/index0/level
[20:01:09] [Server thread/DEBUG] [os.ut.FileUtil/]: Reading file /sys/devices/system/cpu/cpu5/cache/index0/level
[20:01:09] [Server thread/DEBUG] [os.ut.FileUtil/]: Reading file /sys/devices/system/cpu/cpu5/cache/index0/type
[20:01:09] [Server thread/DEBUG] [os.ut.FileUtil/]: Reading file /sys/devices/system/cpu/cpu5/cache/index0/type
[20:01:09] [Server thread/DEBUG] [os.ut.FileUtil/]: Reading file /sys/devices/system/cpu/cpu5/cache/index0/ways_of_associativity
[20:01:09] [Server thread/DEBUG] [os.ut.FileUtil/]: Reading file /sys/devices/system/cpu/cpu5/cache/index0/ways_of_associativity
[20:01:09] [Server thread/DEBUG] [os.ut.FileUtil/]: Reading file /sys/devices/system/cpu/cpu5/cache/index0/coherency_line_size
[20:01:09] [Server thread/DEBUG] [os.ut.FileUtil/]: Reading file /sys/devices/system/cpu/cpu5/cache/index0/coherency_line_size
[20:01:09] [Server thread/DEBUG] [os.ut.FileUtil/]: Reading file /sys/devices/system/cpu/cpu5/cache/index0/size
[20:01:09] [Server thread/DEBUG] [os.ut.FileUtil/]: Reading file /sys/devices/system/cpu/cpu5/cache/index0/size
[20:01:09] [Server thread/DEBUG] [os.ut.FileUtil/]: Reading file /sys/devices/system/cpu/cpu5/cache/index3/level
[20:01:09] [Server thread/DEBUG] [os.ut.FileUtil/]: Reading file /sys/devices/system/cpu/cpu5/cache/index3/level
[20:01:09] [Server thread/DEBUG] [os.ut.FileUtil/]: Reading file /sys/devices/system/cpu/cpu5/cache/index3/type
[20:01:09] [Server thread/DEBUG] [os.ut.FileUtil/]: Reading file /sys/devices/system/cpu/cpu5/cache/index3/type
[20:01:09] [Server thread/DEBUG] [os.ut.FileUtil/]: Reading file /sys/devices/system/cpu/cpu5/cache/index3/ways_of_associativity
[20:01:09] [Server thread/DEBUG] [os.ut.FileUtil/]: Reading file /sys/devices/system/cpu/cpu5/cache/index3/ways_of_associativity
[20:01:09] [Server thread/DEBUG] [os.ut.FileUtil/]: Reading file /sys/devices/system/cpu/cpu5/cache/index3/coherency_line_size
[20:01:09] [Server thread/DEBUG] [os.ut.FileUtil/]: Reading file /sys/devices/system/cpu/cpu5/cache/index3/coherency_line_size
[20:01:09] [Server thread/DEBUG] [os.ut.FileUtil/]: Reading file /sys/devices/system/cpu/cpu5/cache/index3/size
[20:01:09] [Server thread/DEBUG] [os.ut.FileUtil/]: Reading file /sys/devices/system/cpu/cpu5/cache/index3/size
[20:01:09] [Server thread/DEBUG] [os.ut.FileUtil/]: Reading file /sys/devices/system/cpu/cpu5/cache/index1/level
[20:01:09] [Server thread/DEBUG] [os.ut.FileUtil/]: Reading file /sys/devices/system/cpu/cpu5/cache/index1/level
[20:01:09] [Server thread/DEBUG] [os.ut.FileUtil/]: Reading file /sys/devices/system/cpu/cpu5/cache/index1/type
[20:01:09] [Server thread/DEBUG] [os.ut.FileUtil/]: Reading file /sys/devices/system/cpu/cpu5/cache/index1/type
[20:01:09] [Server thread/DEBUG] [os.ut.FileUtil/]: Reading file /sys/devices/system/cpu/cpu5/cache/index1/ways_of_associativity
[20:01:09] [Server thread/DEBUG] [os.ut.FileUtil/]: Reading file /sys/devices/system/cpu/cpu5/cache/index1/ways_of_associativity
[20:01:09] [Server thread/DEBUG] [os.ut.FileUtil/]: Reading file /sys/devices/system/cpu/cpu5/cache/index1/coherency_line_size
[20:01:09] [Server thread/DEBUG] [os.ut.FileUtil/]: Reading file /sys/devices/system/cpu/cpu5/cache/index1/coherency_line_size
[20:01:09] [Server thread/DEBUG] [os.ut.FileUtil/]: Reading file /sys/devices/system/cpu/cpu5/cache/index1/size
[20:01:09] [Server thread/DEBUG] [os.ut.FileUtil/]: Reading file /sys/devices/system/cpu/cpu5/cache/index1/size
[20:01:09] [Server thread/DEBUG] [os.ut.FileUtil/]: Reading file /sys/devices/system/cpu/cpu6/topology/core_id
[20:01:09] [Server thread/DEBUG] [os.ut.FileUtil/]: Reading file /sys/devices/system/cpu/cpu6/topology/core_id
[20:01:09] [Server thread/DEBUG] [os.ut.FileUtil/]: Reading file /sys/devices/system/cpu/cpu6/topology/physical_package_id
[20:01:09] [Server thread/DEBUG] [os.ut.FileUtil/]: Reading file /sys/devices/system/cpu/cpu6/topology/physical_package_id
[20:01:09] [Server thread/DEBUG] [os.ut.FileUtil/]: Reading file /sys/devices/system/cpu/cpu6/cpu_capacity
[20:01:09] [Server thread/DEBUG] [os.ut.FileUtil/]: Reading file /sys/devices/system/cpu/cpu6/cpu_capacity
[20:01:09] [Server thread/DEBUG] [os.ut.FileUtil/]: Reading file /sys/devices/system/cpu/cpu6/cache/index2/level
[20:01:09] [Server thread/DEBUG] [os.ut.FileUtil/]: Reading file /sys/devices/system/cpu/cpu6/cache/index2/level
[20:01:09] [Server thread/DEBUG] [os.ut.FileUtil/]: Reading file /sys/devices/system/cpu/cpu6/cache/index2/type
[20:01:09] [Server thread/DEBUG] [os.ut.FileUtil/]: Reading file /sys/devices/system/cpu/cpu6/cache/index2/type
[20:01:09] [Server thread/DEBUG] [os.ut.FileUtil/]: Reading file /sys/devices/system/cpu/cpu6/cache/index2/ways_of_associativity
[20:01:09] [Server thread/DEBUG] [os.ut.FileUtil/]: Reading file /sys/devices/system/cpu/cpu6/cache/index2/ways_of_associativity
[20:01:09] [Server thread/DEBUG] [os.ut.FileUtil/]: Reading file /sys/devices/system/cpu/cpu6/cache/index2/coherency_line_size
[20:01:09] [Server thread/DEBUG] [os.ut.FileUtil/]: Reading file /sys/devices/system/cpu/cpu6/cache/index2/coherency_line_size
[20:01:09] [Server thread/DEBUG] [os.ut.FileUtil/]: Reading file /sys/devices/system/cpu/cpu6/cache/index2/size
[20:01:09] [Server thread/DEBUG] [os.ut.FileUtil/]: Reading file /sys/devices/system/cpu/cpu6/cache/index2/size
[20:01:09] [Server thread/DEBUG] [os.ut.FileUtil/]: Reading file /sys/devices/system/cpu/cpu6/cache/index0/level
[20:01:09] [Server thread/DEBUG] [os.ut.FileUtil/]: Reading file /sys/devices/system/cpu/cpu6/cache/index0/level
[20:01:09] [Server thread/DEBUG] [os.ut.FileUtil/]: Reading file /sys/devices/system/cpu/cpu6/cache/index0/type
[20:01:09] [Server thread/DEBUG] [os.ut.FileUtil/]: Reading file /sys/devices/system/cpu/cpu6/cache/index0/type
[20:01:09] [Server thread/DEBUG] [os.ut.FileUtil/]: Reading file /sys/devices/system/cpu/cpu6/cache/index0/ways_of_associativity
[20:01:09] [Server thread/DEBUG] [os.ut.FileUtil/]: Reading file /sys/devices/system/cpu/cpu6/cache/index0/ways_of_associativity
[20:01:09] [Server thread/DEBUG] [os.ut.FileUtil/]: Reading file /sys/devices/system/cpu/cpu6/cache/index0/coherency_line_size
[20:01:09] [Server thread/DEBUG] [os.ut.FileUtil/]: Reading file /sys/devices/system/cpu/cpu6/cache/index0/coherency_line_size
[20:01:09] [Server thread/DEBUG] [os.ut.FileUtil/]: Reading file /sys/devices/system/cpu/cpu6/cache/index0/size
[20:01:09] [Server thread/DEBUG] [os.ut.FileUtil/]: Reading file /sys/devices/system/cpu/cpu6/cache/index0/size
[20:01:09] [Server thread/DEBUG] [os.ut.FileUtil/]: Reading file /sys/devices/system/cpu/cpu6/cache/index3/level
[20:01:09] [Server thread/DEBUG] [os.ut.FileUtil/]: Reading file /sys/devices/system/cpu/cpu6/cache/index3/level
[20:01:09] [Server thread/DEBUG] [os.ut.FileUtil/]: Reading file /sys/devices/system/cpu/cpu6/cache/index3/type
[20:01:09] [Server thread/DEBUG] [os.ut.FileUtil/]: Reading file /sys/devices/system/cpu/cpu6/cache/index3/type
[20:01:09] [Server thread/DEBUG] [os.ut.FileUtil/]: Reading file /sys/devices/system/cpu/cpu6/cache/index3/ways_of_associativity
[20:01:09] [Server thread/DEBUG] [os.ut.FileUtil/]: Reading file /sys/devices/system/cpu/cpu6/cache/index3/ways_of_associativity
[20:01:09] [Server thread/DEBUG] [os.ut.FileUtil/]: Reading file /sys/devices/system/cpu/cpu6/cache/index3/coherency_line_size
[20:01:09] [Server thread/DEBUG] [os.ut.FileUtil/]: Reading file /sys/devices/system/cpu/cpu6/cache/index3/coherency_line_size
[20:01:09] [Server thread/DEBUG] [os.ut.FileUtil/]: Reading file /sys/devices/system/cpu/cpu6/cache/index3/size
[20:01:09] [Server thread/DEBUG] [os.ut.FileUtil/]: Reading file /sys/devices/system/cpu/cpu6/cache/index3/size
[20:01:09] [Server thread/DEBUG] [os.ut.FileUtil/]: Reading file /sys/devices/system/cpu/cpu6/cache/index1/level
[20:01:09] [Server thread/DEBUG] [os.ut.FileUtil/]: Reading file /sys/devices/system/cpu/cpu6/cache/index1/level
[20:01:09] [Server thread/DEBUG] [os.ut.FileUtil/]: Reading file /sys/devices/system/cpu/cpu6/cache/index1/type
[20:01:09] [Server thread/DEBUG] [os.ut.FileUtil/]: Reading file /sys/devices/system/cpu/cpu6/cache/index1/type
[20:01:09] [Server thread/DEBUG] [os.ut.FileUtil/]: Reading file /sys/devices/system/cpu/cpu6/cache/index1/ways_of_associativity
[20:01:09] [Server thread/DEBUG] [os.ut.FileUtil/]: Reading file /sys/devices/system/cpu/cpu6/cache/index1/ways_of_associativity
[20:01:09] [Server thread/DEBUG] [os.ut.FileUtil/]: Reading file /sys/devices/system/cpu/cpu6/cache/index1/coherency_line_size
[20:01:09] [Server thread/DEBUG] [os.ut.FileUtil/]: Reading file /sys/devices/system/cpu/cpu6/cache/index1/coherency_line_size
[20:01:09] [Server thread/DEBUG] [os.ut.FileUtil/]: Reading file /sys/devices/system/cpu/cpu6/cache/index1/size
[20:01:09] [Server thread/DEBUG] [os.ut.FileUtil/]: Reading file /sys/devices/system/cpu/cpu6/cache/index1/size
[20:01:09] [Server thread/DEBUG] [os.ut.FileUtil/]: Reading file /sys/devices/system/cpu/cpu7/topology/core_id
[20:01:09] [Server thread/DEBUG] [os.ut.FileUtil/]: Reading file /sys/devices/system/cpu/cpu7/topology/core_id
[20:01:09] [Server thread/DEBUG] [os.ut.FileUtil/]: Reading file /sys/devices/system/cpu/cpu7/topology/physical_package_id
[20:01:09] [Server thread/DEBUG] [os.ut.FileUtil/]: Reading file /sys/devices/system/cpu/cpu7/topology/physical_package_id
[20:01:09] [Server thread/DEBUG] [os.ut.FileUtil/]: Reading file /sys/devices/system/cpu/cpu7/cpu_capacity
[20:01:09] [Server thread/DEBUG] [os.ut.FileUtil/]: Reading file /sys/devices/system/cpu/cpu7/cpu_capacity
[20:01:09] [Server thread/DEBUG] [os.ut.FileUtil/]: Reading file /sys/devices/system/cpu/cpu7/cache/index2/level
[20:01:09] [Server thread/DEBUG] [os.ut.FileUtil/]: Reading file /sys/devices/system/cpu/cpu7/cache/index2/level
[20:01:09] [Server thread/DEBUG] [os.ut.FileUtil/]: Reading file /sys/devices/system/cpu/cpu7/cache/index2/type
[20:01:09] [Server thread/DEBUG] [os.ut.FileUtil/]: Reading file /sys/devices/system/cpu/cpu7/cache/index2/type
[20:01:09] [Server thread/DEBUG] [os.ut.FileUtil/]: Reading file /sys/devices/system/cpu/cpu7/cache/index2/ways_of_associativity
[20:01:09] [Server thread/DEBUG] [os.ut.FileUtil/]: Reading file /sys/devices/system/cpu/cpu7/cache/index2/ways_of_associativity
[20:01:09] [Server thread/DEBUG] [os.ut.FileUtil/]: Reading file /sys/devices/system/cpu/cpu7/cache/index2/coherency_line_size
[20:01:09] [Server thread/DEBUG] [os.ut.FileUtil/]: Reading file /sys/devices/system/cpu/cpu7/cache/index2/coherency_line_size
[20:01:09] [Server thread/DEBUG] [os.ut.FileUtil/]: Reading file /sys/devices/system/cpu/cpu7/cache/index2/size
[20:01:09] [Server thread/DEBUG] [os.ut.FileUtil/]: Reading file /sys/devices/system/cpu/cpu7/cache/index2/size
[20:01:09] [Server thread/DEBUG] [os.ut.FileUtil/]: Reading file /sys/devices/system/cpu/cpu7/cache/index0/level
[20:01:09] [Server thread/DEBUG] [os.ut.FileUtil/]: Reading file /sys/devices/system/cpu/cpu7/cache/index0/level
[20:01:09] [Server thread/DEBUG] [os.ut.FileUtil/]: Reading file /sys/devices/system/cpu/cpu7/cache/index0/type
[20:01:09] [Server thread/DEBUG] [os.ut.FileUtil/]: Reading file /sys/devices/system/cpu/cpu7/cache/index0/type
[20:01:09] [Server thread/DEBUG] [os.ut.FileUtil/]: Reading file /sys/devices/system/cpu/cpu7/cache/index0/ways_of_associativity
[20:01:09] [Server thread/DEBUG] [os.ut.FileUtil/]: Reading file /sys/devices/system/cpu/cpu7/cache/index0/ways_of_associativity
[20:01:09] [Server thread/DEBUG] [os.ut.FileUtil/]: Reading file /sys/devices/system/cpu/cpu7/cache/index0/coherency_line_size
[20:01:09] [Server thread/DEBUG] [os.ut.FileUtil/]: Reading file /sys/devices/system/cpu/cpu7/cache/index0/coherency_line_size
[20:01:09] [Server thread/DEBUG] [os.ut.FileUtil/]: Reading file /sys/devices/system/cpu/cpu7/cache/index0/size
[20:01:09] [Server thread/DEBUG] [os.ut.FileUtil/]: Reading file /sys/devices/system/cpu/cpu7/cache/index0/size
[20:01:09] [Server thread/DEBUG] [os.ut.FileUtil/]: Reading file /sys/devices/system/cpu/cpu7/cache/index3/level
[20:01:09] [Server thread/DEBUG] [os.ut.FileUtil/]: Reading file /sys/devices/system/cpu/cpu7/cache/index3/level
[20:01:09] [Server thread/DEBUG] [os.ut.FileUtil/]: Reading file /sys/devices/system/cpu/cpu7/cache/index3/type
[20:01:09] [Server thread/DEBUG] [os.ut.FileUtil/]: Reading file /sys/devices/system/cpu/cpu7/cache/index3/type
[20:01:09] [Server thread/DEBUG] [os.ut.FileUtil/]: Reading file /sys/devices/system/cpu/cpu7/cache/index3/ways_of_associativity
[20:01:09] [Server thread/DEBUG] [os.ut.FileUtil/]: Reading file /sys/devices/system/cpu/cpu7/cache/index3/ways_of_associativity
[20:01:09] [Server thread/DEBUG] [os.ut.FileUtil/]: Reading file /sys/devices/system/cpu/cpu7/cache/index3/coherency_line_size
[20:01:09] [Server thread/DEBUG] [os.ut.FileUtil/]: Reading file /sys/devices/system/cpu/cpu7/cache/index3/coherency_line_size
[20:01:09] [Server thread/DEBUG] [os.ut.FileUtil/]: Reading file /sys/devices/system/cpu/cpu7/cache/index3/size
[20:01:09] [Server thread/DEBUG] [os.ut.FileUtil/]: Reading file /sys/devices/system/cpu/cpu7/cache/index3/size
[20:01:09] [Server thread/DEBUG] [os.ut.FileUtil/]: Reading file /sys/devices/system/cpu/cpu7/cache/index1/level
[20:01:09] [Server thread/DEBUG] [os.ut.FileUtil/]: Reading file /sys/devices/system/cpu/cpu7/cache/index1/level
[20:01:09] [Server thread/DEBUG] [os.ut.FileUtil/]: Reading file /sys/devices/system/cpu/cpu7/cache/index1/type
[20:01:09] [Server thread/DEBUG] [os.ut.FileUtil/]: Reading file /sys/devices/system/cpu/cpu7/cache/index1/type
[20:01:09] [Server thread/DEBUG] [os.ut.FileUtil/]: Reading file /sys/devices/system/cpu/cpu7/cache/index1/ways_of_associativity
[20:01:09] [Server thread/DEBUG] [os.ut.FileUtil/]: Reading file /sys/devices/system/cpu/cpu7/cache/index1/ways_of_associativity
[20:01:09] [Server thread/DEBUG] [os.ut.FileUtil/]: Reading file /sys/devices/system/cpu/cpu7/cache/index1/coherency_line_size
[20:01:09] [Server thread/DEBUG] [os.ut.FileUtil/]: Reading file /sys/devices/system/cpu/cpu7/cache/index1/coherency_line_size
[20:01:09] [Server thread/DEBUG] [os.ut.FileUtil/]: Reading file /sys/devices/system/cpu/cpu7/cache/index1/size
[20:01:09] [Server thread/DEBUG] [os.ut.FileUtil/]: Reading file /sys/devices/system/cpu/cpu7/cache/index1/size
[20:01:09] [Server thread/DEBUG] [os.ut.FileUtil/]: Reading file /sys/devices/system/cpu/cpu8/topology/core_id
[20:01:09] [Server thread/DEBUG] [os.ut.FileUtil/]: Reading file /sys/devices/system/cpu/cpu8/topology/core_id
[20:01:09] [Server thread/DEBUG] [os.ut.FileUtil/]: Reading file /sys/devices/system/cpu/cpu8/topology/physical_package_id
[20:01:09] [Server thread/DEBUG] [os.ut.FileUtil/]: Reading file /sys/devices/system/cpu/cpu8/topology/physical_package_id
[20:01:09] [Server thread/DEBUG] [os.ut.FileUtil/]: Reading file /sys/devices/system/cpu/cpu8/cpu_capacity
[20:01:09] [Server thread/DEBUG] [os.ut.FileUtil/]: Reading file /sys/devices/system/cpu/cpu8/cpu_capacity
[20:01:09] [Server thread/DEBUG] [os.ut.FileUtil/]: Reading file /sys/devices/system/cpu/cpu8/cache/index2/level
[20:01:09] [Server thread/DEBUG] [os.ut.FileUtil/]: Reading file /sys/devices/system/cpu/cpu8/cache/index2/level
[20:01:09] [Server thread/DEBUG] [os.ut.FileUtil/]: Reading file /sys/devices/system/cpu/cpu8/cache/index2/type
[20:01:09] [Server thread/DEBUG] [os.ut.FileUtil/]: Reading file /sys/devices/system/cpu/cpu8/cache/index2/type
[20:01:09] [Server thread/DEBUG] [os.ut.FileUtil/]: Reading file /sys/devices/system/cpu/cpu8/cache/index2/ways_of_associativity
[20:01:09] [Server thread/DEBUG] [os.ut.FileUtil/]: Reading file /sys/devices/system/cpu/cpu8/cache/index2/ways_of_associativity
[20:01:09] [Server thread/DEBUG] [os.ut.FileUtil/]: Reading file /sys/devices/system/cpu/cpu8/cache/index2/coherency_line_size
[20:01:09] [Server thread/DEBUG] [os.ut.FileUtil/]: Reading file /sys/devices/system/cpu/cpu8/cache/index2/coherency_line_size
[20:01:09] [Server thread/DEBUG] [os.ut.FileUtil/]: Reading file /sys/devices/system/cpu/cpu8/cache/index2/size
[20:01:09] [Server thread/DEBUG] [os.ut.FileUtil/]: Reading file /sys/devices/system/cpu/cpu8/cache/index2/size
[20:01:09] [Server thread/DEBUG] [os.ut.FileUtil/]: Reading file /sys/devices/system/cpu/cpu8/cache/index0/level
[20:01:09] [Server thread/DEBUG] [os.ut.FileUtil/]: Reading file /sys/devices/system/cpu/cpu8/cache/index0/level
[20:01:09] [Server thread/DEBUG] [os.ut.FileUtil/]: Reading file /sys/devices/system/cpu/cpu8/cache/index0/type
[20:01:09] [Server thread/DEBUG] [os.ut.FileUtil/]: Reading file /sys/devices/system/cpu/cpu8/cache/index0/type
[20:01:09] [Server thread/DEBUG] [os.ut.FileUtil/]: Reading file /sys/devices/system/cpu/cpu8/cache/index0/ways_of_associativity
[20:01:09] [Server thread/DEBUG] [os.ut.FileUtil/]: Reading file /sys/devices/system/cpu/cpu8/cache/index0/ways_of_associativity
[20:01:09] [Server thread/DEBUG] [os.ut.FileUtil/]: Reading file /sys/devices/system/cpu/cpu8/cache/index0/coherency_line_size
[20:01:09] [Server thread/DEBUG] [os.ut.FileUtil/]: Reading file /sys/devices/system/cpu/cpu8/cache/index0/coherency_line_size
[20:01:09] [Server thread/DEBUG] [os.ut.FileUtil/]: Reading file /sys/devices/system/cpu/cpu8/cache/index0/size
[20:01:09] [Server thread/DEBUG] [os.ut.FileUtil/]: Reading file /sys/devices/system/cpu/cpu8/cache/index0/size
[20:01:09] [Server thread/DEBUG] [os.ut.FileUtil/]: Reading file /sys/devices/system/cpu/cpu8/cache/index3/level
[20:01:09] [Server thread/DEBUG] [os.ut.FileUtil/]: Reading file /sys/devices/system/cpu/cpu8/cache/index3/level
[20:01:09] [Server thread/DEBUG] [os.ut.FileUtil/]: Reading file /sys/devices/system/cpu/cpu8/cache/index3/type
[20:01:09] [Server thread/DEBUG] [os.ut.FileUtil/]: Reading file /sys/devices/system/cpu/cpu8/cache/index3/type
[20:01:09] [Server thread/DEBUG] [os.ut.FileUtil/]: Reading file /sys/devices/system/cpu/cpu8/cache/index3/ways_of_associativity
[20:01:09] [Server thread/DEBUG] [os.ut.FileUtil/]: Reading file /sys/devices/system/cpu/cpu8/cache/index3/ways_of_associativity
[20:01:09] [Server thread/DEBUG] [os.ut.FileUtil/]: Reading file /sys/devices/system/cpu/cpu8/cache/index3/coherency_line_size
[20:01:09] [Server thread/DEBUG] [os.ut.FileUtil/]: Reading file /sys/devices/system/cpu/cpu8/cache/index3/coherency_line_size
[20:01:09] [Server thread/DEBUG] [os.ut.FileUtil/]: Reading file /sys/devices/system/cpu/cpu8/cache/index3/size
[20:01:09] [Server thread/DEBUG] [os.ut.FileUtil/]: Reading file /sys/devices/system/cpu/cpu8/cache/index3/size
[20:01:09] [Server thread/DEBUG] [os.ut.FileUtil/]: Reading file /sys/devices/system/cpu/cpu8/cache/index1/level
[20:01:09] [Server thread/DEBUG] [os.ut.FileUtil/]: Reading file /sys/devices/system/cpu/cpu8/cache/index1/level
[20:01:09] [Server thread/DEBUG] [os.ut.FileUtil/]: Reading file /sys/devices/system/cpu/cpu8/cache/index1/type
[20:01:09] [Server thread/DEBUG] [os.ut.FileUtil/]: Reading file /sys/devices/system/cpu/cpu8/cache/index1/type
[20:01:09] [Server thread/DEBUG] [os.ut.FileUtil/]: Reading file /sys/devices/system/cpu/cpu8/cache/index1/ways_of_associativity
[20:01:09] [Server thread/DEBUG] [os.ut.FileUtil/]: Reading file /sys/devices/system/cpu/cpu8/cache/index1/ways_of_associativity
[20:01:09] [Server thread/DEBUG] [os.ut.FileUtil/]: Reading file /sys/devices/system/cpu/cpu8/cache/index1/coherency_line_size
[20:01:09] [Server thread/DEBUG] [os.ut.FileUtil/]: Reading file /sys/devices/system/cpu/cpu8/cache/index1/coherency_line_size
[20:01:09] [Server thread/DEBUG] [os.ut.FileUtil/]: Reading file /sys/devices/system/cpu/cpu8/cache/index1/size
[20:01:09] [Server thread/DEBUG] [os.ut.FileUtil/]: Reading file /sys/devices/system/cpu/cpu8/cache/index1/size
[20:01:09] [Server thread/DEBUG] [os.ut.FileUtil/]: Reading file /sys/devices/system/cpu/cpu9/topology/core_id
[20:01:09] [Server thread/DEBUG] [os.ut.FileUtil/]: Reading file /sys/devices/system/cpu/cpu9/topology/core_id
[20:01:09] [Server thread/DEBUG] [os.ut.FileUtil/]: Reading file /sys/devices/system/cpu/cpu9/topology/physical_package_id
[20:01:09] [Server thread/DEBUG] [os.ut.FileUtil/]: Reading file /sys/devices/system/cpu/cpu9/topology/physical_package_id
[20:01:09] [Server thread/DEBUG] [os.ut.FileUtil/]: Reading file /sys/devices/system/cpu/cpu9/cpu_capacity
[20:01:09] [Server thread/DEBUG] [os.ut.FileUtil/]: Reading file /sys/devices/system/cpu/cpu9/cpu_capacity
[20:01:09] [Server thread/DEBUG] [os.ut.FileUtil/]: Reading file /sys/devices/system/cpu/cpu9/cache/index2/level
[20:01:09] [Server thread/DEBUG] [os.ut.FileUtil/]: Reading file /sys/devices/system/cpu/cpu9/cache/index2/level
[20:01:09] [Server thread/DEBUG] [os.ut.FileUtil/]: Reading file /sys/devices/system/cpu/cpu9/cache/index2/type
[20:01:09] [Server thread/DEBUG] [os.ut.FileUtil/]: Reading file /sys/devices/system/cpu/cpu9/cache/index2/type
[20:01:09] [Server thread/DEBUG] [os.ut.FileUtil/]: Reading file /sys/devices/system/cpu/cpu9/cache/index2/ways_of_associativity
[20:01:09] [Server thread/DEBUG] [os.ut.FileUtil/]: Reading file /sys/devices/system/cpu/cpu9/cache/index2/ways_of_associativity
[20:01:09] [Server thread/DEBUG] [os.ut.FileUtil/]: Reading file /sys/devices/system/cpu/cpu9/cache/index2/coherency_line_size
[20:01:09] [Server thread/DEBUG] [os.ut.FileUtil/]: Reading file /sys/devices/system/cpu/cpu9/cache/index2/coherency_line_size
[20:01:09] [Server thread/DEBUG] [os.ut.FileUtil/]: Reading file /sys/devices/system/cpu/cpu9/cache/index2/size
[20:01:09] [Server thread/DEBUG] [os.ut.FileUtil/]: Reading file /sys/devices/system/cpu/cpu9/cache/index2/size
[20:01:09] [Server thread/DEBUG] [os.ut.FileUtil/]: Reading file /sys/devices/system/cpu/cpu9/cache/index0/level
[20:01:09] [Server thread/DEBUG] [os.ut.FileUtil/]: Reading file /sys/devices/system/cpu/cpu9/cache/index0/level
[20:01:09] [Server thread/DEBUG] [os.ut.FileUtil/]: Reading file /sys/devices/system/cpu/cpu9/cache/index0/type
[20:01:09] [Server thread/DEBUG] [os.ut.FileUtil/]: Reading file /sys/devices/system/cpu/cpu9/cache/index0/type
[20:01:09] [Server thread/DEBUG] [os.ut.FileUtil/]: Reading file /sys/devices/system/cpu/cpu9/cache/index0/ways_of_associativity
[20:01:09] [Server thread/DEBUG] [os.ut.FileUtil/]: Reading file /sys/devices/system/cpu/cpu9/cache/index0/ways_of_associativity
[20:01:09] [Server thread/DEBUG] [os.ut.FileUtil/]: Reading file /sys/devices/system/cpu/cpu9/cache/index0/coherency_line_size
[20:01:09] [Server thread/DEBUG] [os.ut.FileUtil/]: Reading file /sys/devices/system/cpu/cpu9/cache/index0/coherency_line_size
[20:01:09] [Server thread/DEBUG] [os.ut.FileUtil/]: Reading file /sys/devices/system/cpu/cpu9/cache/index0/size
[20:01:09] [Server thread/DEBUG] [os.ut.FileUtil/]: Reading file /sys/devices/system/cpu/cpu9/cache/index0/size
[20:01:09] [Server thread/DEBUG] [os.ut.FileUtil/]: Reading file /sys/devices/system/cpu/cpu9/cache/index3/level
[20:01:09] [Server thread/DEBUG] [os.ut.FileUtil/]: Reading file /sys/devices/system/cpu/cpu9/cache/index3/level
[20:01:09] [Server thread/DEBUG] [os.ut.FileUtil/]: Reading file /sys/devices/system/cpu/cpu9/cache/index3/type
[20:01:09] [Server thread/DEBUG] [os.ut.FileUtil/]: Reading file /sys/devices/system/cpu/cpu9/cache/index3/type
[20:01:09] [Server thread/DEBUG] [os.ut.FileUtil/]: Reading file /sys/devices/system/cpu/cpu9/cache/index3/ways_of_associativity
[20:01:09] [Server thread/DEBUG] [os.ut.FileUtil/]: Reading file /sys/devices/system/cpu/cpu9/cache/index3/ways_of_associativity
[20:01:09] [Server thread/DEBUG] [os.ut.FileUtil/]: Reading file /sys/devices/system/cpu/cpu9/cache/index3/coherency_line_size
[20:01:09] [Server thread/DEBUG] [os.ut.FileUtil/]: Reading file /sys/devices/system/cpu/cpu9/cache/index3/coherency_line_size
[20:01:09] [Server thread/DEBUG] [os.ut.FileUtil/]: Reading file /sys/devices/system/cpu/cpu9/cache/index3/size
[20:01:09] [Server thread/DEBUG] [os.ut.FileUtil/]: Reading file /sys/devices/system/cpu/cpu9/cache/index3/size
[20:01:09] [Server thread/DEBUG] [os.ut.FileUtil/]: Reading file /sys/devices/system/cpu/cpu9/cache/index1/level
[20:01:09] [Server thread/DEBUG] [os.ut.FileUtil/]: Reading file /sys/devices/system/cpu/cpu9/cache/index1/level
[20:01:09] [Server thread/DEBUG] [os.ut.FileUtil/]: Reading file /sys/devices/system/cpu/cpu9/cache/index1/type
[20:01:09] [Server thread/DEBUG] [os.ut.FileUtil/]: Reading file /sys/devices/system/cpu/cpu9/cache/index1/type
[20:01:09] [Server thread/DEBUG] [os.ut.FileUtil/]: Reading file /sys/devices/system/cpu/cpu9/cache/index1/ways_of_associativity
[20:01:09] [Server thread/DEBUG] [os.ut.FileUtil/]: Reading file /sys/devices/system/cpu/cpu9/cache/index1/ways_of_associativity
[20:01:09] [Server thread/DEBUG] [os.ut.FileUtil/]: Reading file /sys/devices/system/cpu/cpu9/cache/index1/coherency_line_size
[20:01:09] [Server thread/DEBUG] [os.ut.FileUtil/]: Reading file /sys/devices/system/cpu/cpu9/cache/index1/coherency_line_size
[20:01:09] [Server thread/DEBUG] [os.ut.FileUtil/]: Reading file /sys/devices/system/cpu/cpu9/cache/index1/size
[20:01:09] [Server thread/DEBUG] [os.ut.FileUtil/]: Reading file /sys/devices/system/cpu/cpu9/cache/index1/size
[20:01:09] [Server thread/DEBUG] [os.ut.FileUtil/]: Reading file /proc/cpuinfo
[20:01:10] [Server thread/DEBUG] [os.ut.FileUtil/]: Reading file /proc/self/auxv
[20:01:10] [Server thread/DEBUG] [os.ut.FileUtil/]: No oshi.architecture.properties file found from ClassLoader cpw.mods.modlauncher.TransformingClassLoader@5bcde458
[20:01:10] [Server thread/DEBUG] [os.ut.FileUtil/]: Reading file /proc/meminfo
[20:01:10] [Server thread/DEBUG] [os.ut.FileUtil/]: Reading file /proc/meminfo
[20:01:10] [Server thread/FATAL] [ne.ne.ne.co.NeoForgeMod/]: Preparing crash report with UUID caa91f1f-fac9-45b6-bd92-50ec8fde9efe
[20:01:10] [Server thread/ERROR] [minecraft/MinecraftServer]: This crash report has been saved to: /home/nosh/IdeaProjects/Unnamed-Nuclear/run/gameTestServer/crash-reports/crash-2026-06-17_20.01.10-server.txt
[20:01:10] [Server thread/FATAL] [ne.ne.ne.co.NeoForgeMod/]: Preparing crash report with UUID 6b8672d5-9294-47f9-a9b7-672a73ea69e2
[20:01:10] [Server thread/ERROR] [minecraft/GameTestServer]: Game test server crashed
---- Minecraft Crash Report ----
// Quite honestly, I wouldn't worry myself about that.

Time: 2026-06-17 20:01:10
Description: Exception in server tick loop

net.minecraft.ResourceLocationException: Non [a-z0-9/._-] character in path of location: unnamednuclear:unnamednuclear:empty
	at TRANSFORMER/minecraft@1.21.1/net.minecraft.resources.ResourceLocation.assertValidPath(ResourceLocation.java:311) ~[neoforge-21.1.233.jar%23183!/:?] {re:classloading,pl:accesstransformer:B}
	at TRANSFORMER/minecraft@1.21.1/net.minecraft.resources.ResourceLocation.createUntrusted(ResourceLocation.java:58) ~[neoforge-21.1.233.jar%23183!/:?] {re:classloading,pl:accesstransformer:B}
	at TRANSFORMER/minecraft@1.21.1/net.minecraft.resources.ResourceLocation.bySeparator(ResourceLocation.java:100) ~[neoforge-21.1.233.jar%23183!/:?] {re:classloading,pl:accesstransformer:B}
	at TRANSFORMER/minecraft@1.21.1/net.minecraft.resources.ResourceLocation.parse(ResourceLocation.java:66) ~[neoforge-21.1.233.jar%23183!/:?] {re:classloading,pl:accesstransformer:B}
	at TRANSFORMER/minecraft@1.21.1/net.minecraft.gametest.framework.StructureUtils.prepareTestStructure(StructureUtils.java:107) ~[neoforge-21.1.233.jar%23183!/:?] {re:classloading}
	at TRANSFORMER/minecraft@1.21.1/net.minecraft.gametest.framework.GameTestInfo.prepareTestStructure(GameTestInfo.java:265) ~[neoforge-21.1.233.jar%23183!/:?] {re:classloading,pl:accesstransformer:B}
	at TRANSFORMER/minecraft@1.21.1/net.minecraft.gametest.framework.StructureGridSpawner.spawnStructure(StructureGridSpawner.java:48) ~[neoforge-21.1.233.jar%23183!/:?] {re:classloading}
	at TRANSFORMER/minecraft@1.21.1/net.minecraft.gametest.framework.GameTestRunner.spawn(GameTestRunner.java:163) ~[neoforge-21.1.233.jar%23183!/:?] {re:classloading}
	at java.base/java.util.stream.ReferencePipeline$3$1.accept(ReferencePipeline.java:197) ~[?:?] {}
	at java.base/java.util.AbstractList$RandomAccessSpliterator.forEachRemaining(AbstractList.java:722) ~[?:?] {}
	at java.base/java.util.stream.AbstractPipeline.copyInto(AbstractPipeline.java:509) ~[?:?] {}
	at java.base/java.util.stream.AbstractPipeline.wrapAndCopyInto(AbstractPipeline.java:499) ~[?:?] {}
	at java.base/java.util.stream.AbstractPipeline.evaluate(AbstractPipeline.java:575) ~[?:?] {}
	at java.base/java.util.stream.AbstractPipeline.evaluateToArrayNode(AbstractPipeline.java:260) ~[?:?] {}
	at java.base/java.util.stream.ReferencePipeline.toArray(ReferencePipeline.java:616) ~[?:?] {}
	at java.base/java.util.stream.ReferencePipeline.toArray(ReferencePipeline.java:622) ~[?:?] {}
	at java.base/java.util.stream.ReferencePipeline.toList(ReferencePipeline.java:627) ~[?:?] {}
	at TRANSFORMER/minecraft@1.21.1/net.minecraft.gametest.framework.GameTestRunner.createStructuresForBatch(GameTestRunner.java:158) ~[neoforge-21.1.233.jar%23183!/:?] {re:classloading}
	at TRANSFORMER/minecraft@1.21.1/net.minecraft.gametest.framework.GameTestRunner.runBatch(GameTestRunner.java:90) ~[neoforge-21.1.233.jar%23183!/:?] {re:classloading}
	at TRANSFORMER/minecraft@1.21.1/net.minecraft.gametest.framework.GameTestRunner.start(GameTestRunner.java:63) ~[neoforge-21.1.233.jar%23183!/:?] {re:classloading}
	at TRANSFORMER/minecraft@1.21.1/net.minecraft.gametest.framework.GameTestServer.startTests(GameTestServer.java:252) ~[neoforge-21.1.233.jar%23183!/:?] {re:classloading}
	at TRANSFORMER/minecraft@1.21.1/net.minecraft.gametest.framework.GameTestServer.tickServer(GameTestServer.java:174) ~[neoforge-21.1.233.jar%23183!/:?] {re:classloading}
	at TRANSFORMER/minecraft@1.21.1/net.minecraft.server.MinecraftServer.runServer(MinecraftServer.java:713) ~[neoforge-21.1.233.jar%23183!/:?] {re:classloading,pl:accesstransformer:B}
	at TRANSFORMER/minecraft@1.21.1/net.minecraft.server.MinecraftServer.lambda$spin$2(MinecraftServer.java:267) ~[neoforge-21.1.233.jar%23183!/:?] {re:classloading,pl:accesstransformer:B}
	at java.base/java.lang.Thread.run(Thread.java:1583) [?:?] {}


A detailed walkthrough of the error, its code path and all known details is as follows:
---------------------------------------------------------------------------------------

-- System Details --
Details:
	Minecraft Version: 1.21.1
	Minecraft Version ID: 1.21.1
	Operating System: Linux (amd64) version 7.0.12-zen1-1.1-zen
	Java Version: 21.0.11, Arch Linux
	Java VM Version: OpenJDK 64-Bit Server VM (mixed mode, sharing), Arch Linux
	Memory: 333414400 bytes (317 MiB) / 566231040 bytes (540 MiB) up to 8204058624 bytes (7824 MiB)
	CPUs: 16
	Processor Vendor: AuthenticAMD
	Processor Name: AMD Ryzen 9 7940HS w/ Radeon 780M Graphics
	Identifier: AuthenticAMD Family 25 Model 116 Stepping 1
	Microarchitecture: Zen 3
	Frequency (GHz): 5.26
	Number of physical packages: 1
	Number of physical CPUs: 8
	Number of logical CPUs: 16
	Graphics card #0 name: AD106M [GeForce RTX 4070 Max-Q / Mobile]
	Graphics card #0 vendor: NVIDIA Corporation (0x10de)
	Graphics card #0 VRAM (MiB): 8224.00
	Graphics card #0 deviceId: 0x2860
	Graphics card #0 versionInfo: unknown
	Graphics card #1 name: Phoenix1
	Graphics card #1 vendor: Advanced Micro Devices, Inc. [AMD/ATI] (0x1002)
	Graphics card #1 VRAM (MiB): 258.00
	Graphics card #1 deviceId: 0x15bf
	Graphics card #1 versionInfo: unknown
	Virtual memory max (MiB): 78236.72
	Virtual memory used (MiB): 20761.52
	Swap memory total (MiB): 62589.38
	Swap memory used (MiB): 2128.85
	Space in storage for jna.tmpdir (MiB): <path not set>
	Space in storage for org.lwjgl.system.SharedLibraryExtractPath (MiB): <path not set>
	Space in storage for io.netty.native.workdir (MiB): <path not set>
	Space in storage for java.io.tmpdir (MiB): available: 15568.02, total: 15647.34
	Space in storage for workdir (MiB): available: 67575.64, total: 1952662.00
	JVM Flags: 0 total; 
	Server Running: true
	Player Count: 0 / 1; []
	Active Data Packs: bundle, trade_rebalance, vanilla, mod_data, mod/jade (incompatible), mod/patchouli (incompatible), mod/unnamednuclear, mod/neoforge, mod/jei (incompatible)
	Available Data Packs: bundle, trade_rebalance, vanilla, mod/jade (incompatible), mod/jei (incompatible), mod/neoforge, mod/patchouli (incompatible), mod/unnamednuclear, mod_data
	Enabled Feature Flags: minecraft:bundle, minecraft:vanilla, minecraft:trade_rebalance
	World Generation: Stable
	World Seed: 0
	Type: Game test server
	ModLauncher: 11.0.5+main.901c6ea8
	ModLauncher launch target: forgeserverdev
	ModLauncher services: 
		sponge-mixin-0.15.2+mixin.0.8.7.jar mixin PLUGINSERVICE 
		loader-4.0.42.jar slf4jfixer PLUGINSERVICE 
		loader-4.0.42.jar runtime_enum_extender PLUGINSERVICE 
		at-modlauncher-10.0.1.jar accesstransformer PLUGINSERVICE 
		loader-4.0.42.jar runtimedistcleaner PLUGINSERVICE 
		modlauncher-11.0.5.jar mixin TRANSFORMATIONSERVICE 
		modlauncher-11.0.5.jar fml TRANSFORMATIONSERVICE 
	FML Language Providers: 
		javafml@4.0
		lowcodefml@4.0
		minecraft@4.0
	Mod List: 
		jade-15.1.5+neoforge.jar                          |Jade                          |jade                          |15.1.5+neoforge     |Manifest: NOSIGNATURE
		jei-1.21.1-neoforge-19.21.0.247.jar               |Just Enough Items             |jei                           |19.21.0.247         |Manifest: NOSIGNATURE
		neoforge-21.1.233.jar                             |Minecraft                     |minecraft                     |1.21.1              |Manifest: NOSIGNATURE
		neoforge-21.1.233.jar                             |NeoForge                      |neoforge                      |21.1.233            |Manifest: NOSIGNATURE
		Patchouli-1.21.1-92-NEOFORGE-SNAPSHOT.jar         |Patchouli                     |patchouli                     |1.21.1-92-NEOFORGE-S|Manifest: NOSIGNATURE
		test                                              |Unnamed Nuclear               |unnamednuclear                |1.0.0               |Manifest: NOSIGNATURE
	Crash Report UUID: 6b8672d5-9294-47f9-a9b7-672a73ea69e2
	FML: 4.0.42
	NeoForge: 21.1.233

> Task :runGameTestServer FAILED
31 actionable tasks: 2 executed, 29 up-to-date
Configuration cache entry reused.
